Archive member included because of file (symbol)

../../code/camcu_platform/config/../lib/81332B02\lib81332.a(lib_adc.o)
                              (--whole-archive)
../../code/camcu_platform/config/../lib/81332B02\lib81332.a(bist.o)
                              (--whole-archive)
../../code/camcu_platform/config/../lib/81332B02\lib81332.a(bl_main.o)
                              (--whole-archive)
../../code/camcu_platform/config/../lib/81332B02\lib81332.a(lib_calculate_shunt_current.o)
                              (--whole-archive)
../../code/camcu_platform/config/../lib/81332B02\lib81332.a(lib_calculate_temperature.o)
                              (--whole-archive)
../../code/camcu_platform/config/../lib/81332B02\lib81332.a(lib_calculate_voltage.o)
                              (--whole-archive)
../../code/camcu_platform/config/../lib/81332B02\lib81332.a(lib_clock.o)
                              (--whole-archive)
../../code/camcu_platform/config/../lib/81332B02\lib81332.a(ctimerlib.o)
                              (--whole-archive)
../../code/camcu_platform/config/../lib/81332B02\lib81332.a(eeprom_drv.o)
                              (--whole-archive)
../../code/camcu_platform/config/../lib/81332B02\lib81332.a(error_handler.o)
                              (--whole-archive)
../../code/camcu_platform/config/../lib/81332B02\lib81332.a(flash_drv.o)
                              (--whole-archive)
../../code/camcu_platform/config/../lib/81332B02\lib81332.a(fwversion.o)
                              (--whole-archive)
../../code/camcu_platform/config/../lib/81332B02\lib81332.a(lib_gpio.o)
                              (--whole-archive)
../../code/camcu_platform/config/../lib/81332B02\lib81332.a(bl_bist.o)
                              (--whole-archive)
../../code/camcu_platform/config/../lib/81332B02\lib81332.a(bl_tools.o)
                              (--whole-archive)
../../code/camcu_platform/config/../lib/81332B02\lib81332.a(delay.o)
                              (--whole-archive)
../../code/camcu_platform/config/../lib/81332B02\lib81332.a(flash_hw.o)
                              (--whole-archive)
../../code/camcu_platform/config/../lib/81332B02\lib81332.a(mem_checks.o)
                              (--whole-archive)
../../code/camcu_platform/config/../lib/81332B02\lib81332.a(memory.o)
                              (--whole-archive)
../../code/camcu_platform/config/../lib/81332B02\lib81332.a(mls_diag.o)
                              (--whole-archive)
../../code/camcu_platform/config/../lib/81332B02\lib81332.a(mls_init.o)
                              (--whole-archive)
../../code/camcu_platform/config/../lib/81332B02\lib81332.a(mls_support.o)
                              (--whole-archive)
../../code/camcu_platform/config/../lib/81332B02\lib81332.a(lib_motor_driver.o)
                              (--whole-archive)
../../code/camcu_platform/config/../lib/81332B02\lib81332.a(lib_motor_table.o)
                              (--whole-archive)
../../code/camcu_platform/config/../lib/81332B02\lib81332.a(lib_patch.o)
                              (--whole-archive)
../../code/camcu_platform/config/../lib/81332B02\lib81332.a(ppm_epm.o)
                              (--whole-archive)
../../code/camcu_platform/config/../lib/81332B02\lib81332.a(bl_ppm.o)
                              (--whole-archive)
../../code/camcu_platform/config/../lib/81332B02\lib81332.a(bl_ppm_write_funcs.o)
                              (--whole-archive)
../../code/camcu_platform/config/../lib/81332B02\lib81332.a(ppm_lib.o)
                              (--whole-archive)
../../code/camcu_platform/config/../lib/81332B02\lib81332.a(lib_pwm.o)
                              (--whole-archive)
../../code/camcu_platform/config/../lib/81332B02\lib81332.a(sent_hal.o)
                              (--whole-archive)
../../code/camcu_platform/config/../lib/81332B02\lib81332.a(timerlib.o)
                              (--whole-archive)
../../code/camcu_platform/config/../lib/81332B02\lib81332.a(sleep_mode.o)
                              (--whole-archive)
../../code/camcu_platform/config/../lib/81332B02\lib81332.a(lib_softio.o)
                              (--whole-archive)
../../code/camcu_platform/config/../lib/81332B02\lib81332.a(lib_spi.o)
                              (--whole-archive)
../../code/camcu_platform/config/../lib/81332B02\lib81332.a(fatal.o)
                              (--whole-archive)
../../code/camcu_platform/config/../lib/81332B02\lib81332.a(ram_bist_internal.o)
                              (--whole-archive)
../../code/camcu_platform/config/../lib/81332B02\lib81332.a(rom_ram_section_init.o)
                              (--whole-archive)
../../code/camcu_platform/config/../lib/81332B02\lib81332.a(start_checks.o)
                              (--whole-archive)
../../code/camcu_platform/config/../lib/81332B02\lib81332.a(startup.o)
[...]
Memory Configuration

Name             Origin             Length             Attributes
eeprom_patch     0x0000000000000800 0x0000000000000040 rw !x
eeprom           0x0000000000000840 0x0000000000000170 rw !x
eeprom_cal       0x00000000000009b0 0x0000000000000050 r !x
eeprom_cs        0x0000000000000a00 0x0000000000000040 r !x
eeprom_reg       0x0000000000000a40 0x0000000000000006 rw !x
special          0x0000000000000e40 0x0000000000000010 rw
mlx4_cst_tbl_ram 0x0000000000000e80 0x000000000000005e rw
mlx4_par_tbl_ram 0x0000000000000f00 0x0000000000000088 rw
mlx4_patch_area  0x0000000000000f88 0x0000000000000078 rw
ram              0x0000000000001000 0x00000000000007ea xrw
bl_ram           0x00000000000017ea 0x000000000000000e rw
bist_stat        0x00000000000017f8 0x0000000000000008 rw
rom              0x0000000000002000 0x00000000000027fc xr
rom_crc          0x00000000000047fc 0x0000000000000004 xr
flash_control    0x0000000000005668 0x0000000000000198 rw
fw_vectors       0x0000000000005800 0x0000000000000240 xr
flash            0x0000000000005a40 0x0000000000007da4 xr
fw_product_id    0x000000000000d7e4 0x0000000000000008 r
fw_app_version   0x000000000000d7ec 0x0000000000000004 r
fw_pltf_version  0x000000000000d7f0 0x0000000000000004 r
fw_prot_key      0x000000000000d7f4 0x0000000000000008 r
flash_crc        0x000000000000d7fc 0x0000000000000004 r
*default*        0x0000000000000000 0xffffffffffffffff

Linker script and memory map

LOAD obj/fw_mls_module_cst_table.o
LOAD obj/fw_sys_services.o
LOAD obj/fw_vectors.o
LOAD obj/lin2b_romtbl.o
LOAD obj/AppLin.o
LOAD obj/AppValve.o
LOAD obj/adc.o
LOAD obj/app_descriptor.o
LOAD obj/app_sensor.o
LOAD obj/conv_chip_temperature.o
LOAD obj/conv_clock_error.o
LOAD obj/conv_high_voltage.o
LOAD obj/conv_low_voltage.o
LOAD obj/conv_motor_voltage.o
LOAD obj/conv_shunt_current.o
LOAD obj/dcm_driver.o
LOAD obj/diagnostic.o
LOAD obj/eeprom_app.o
LOAD obj/filter_avg.o
LOAD obj/fw_ints.o
LOAD obj/fw_mls_api.o
LOAD obj/fw_mls_device_id.o
LOAD obj/fw_premain.o
LOAD obj/fw_ram_section_init.o
LOAD obj/fw_startup.o
LOAD obj/lin22.o
LOAD obj/lin_api_config.o
LOAD obj/lin_cfg_sl.o
LOAD obj/lin_core.o
LOAD obj/lin_core_sl.o
LOAD obj/lin_signals.o
LOAD obj/lin_trans.o
LOAD obj/lin_trans_sl.o
LOAD obj/main.o
LOAD obj/protection.o
LOAD obj/pwm.o
LOAD obj/swtimer.o
LOAD obj/uart.o
LOAD obj/uart_plot.o
LOAD obj/unirom.o
START GROUP
LOAD ../../code/camcu_platform/config/../lib/81332B02\lib81332.a
LOAD ../../code/camcu_platform/config/../lib/81332B02\libbuffers.a
LOAD ../../code/camcu_platform/config/../lib/81332B02\libmath.a
LOAD ../../code/camcu_platform/config/../lib/81332B02\libmlx_lin_api.a
END GROUP
                0x000000000099a29b                FL_SIGN = 0x99a29b
LOAD c:/program files/melexis/melexis ide/plugins/com.melexis.mlxide.compiler.3.1.115.15_1.0.0.202310200811/compiler/bin/../lib/gcc/mlx16/7.5.0/mlx16-fx\libgcc.a
LOAD c:/program files/melexis/melexis ide/plugins/com.melexis.mlxide.compiler.3.1.115.15_1.0.0.202310200811/compiler/bin/../lib/gcc/mlx16/7.5.0/../../../../mlx16/lib/mlx16-fx\libc.a
LOAD c:/program files/melexis/melexis ide/plugins/com.melexis.mlxide.compiler.3.1.115.15_1.0.0.202310200811/compiler/bin/../lib/gcc/mlx16/7.5.0/mlx16-fx\libgcc.a
START GROUP
LOAD c:/program files/melexis/melexis ide/plugins/com.melexis.mlxide.compiler.3.1.115.15_1.0.0.202310200811/compiler/bin/../lib/gcc/mlx16/7.5.0/../../../../mlx16/lib/mlx16-fx\libc.a
LOAD c:/program files/melexis/melexis ide/plugins/com.melexis.mlxide.compiler.3.1.115.15_1.0.0.202310200811/compiler/bin/../lib/gcc/mlx16/7.5.0/mlx16-fx\libgcc.a
END GROUP
                0x0000000000001000                __dp__ = 0x1000
                0x0000000000000000                __io__ = 0x0
                0x0000000000000800                __ep__ = 0x800
                0x0000000000002000                __fp0__ = 0x2000
                0x0000000000002100                __fp1__ = 0x2100
                0x0000000000002200                __fp2__ = 0x2200
                0x0000000000002300                __fp3__ = 0x2300
                0x0000000000002400                __fp4__ = 0x2400
                0x0000000000002500                __fp5__ = 0x2500
                0x0000000000002600                __fp6__ = 0x2600
                0x0000000000000800                __fp7__ = 0x800
                0x0000000000002000                __gdb_entry_point__ = 0x2000

.fw_vectors     0x0000000000005800      0x240
 *(.fw_vectors)
 .fw_vectors    0x0000000000005800      0x240 obj/fw_vectors.o
                0x0000000000005800                __fw_vectors

.fw_patches
 *(.fw_patches)

.fw_sys_services
                0x0000000000005a40        0x0
 *(.fw_sys_services)
                0x0000000000005a40                . = ALIGN (0x8)
 *(.aligned_sys_funcs)

.special
 *(.special)

.mlx4_cst_tables_ram
                0x0000000000000e80       0x5e load address 0x0000000000005a40
                0x0000000000000e80                __mlx4_cst_tables_ram_start = .
 *(.mlx4_cst_tables_ram)
 .mlx4_cst_tables_ram
                0x0000000000000e80       0x5e obj/fw_mls_module_cst_table.o
                0x0000000000000e80                _lin_module_const_table_start
                0x0000000000000ede                _lin_module_const_table_end
                0x0000000000000ede                __mlx4_cst_tables_ram_end = .
                0x000000000000005e                __mlx4_cst_tables_ram_size = (__mlx4_cst_tables_ram_end - __mlx4_cst_tables_ram_start)
                0x0000000000005a40                __mlx4_cst_tables_ram_load_start = LOADADDR (.mlx4_cst_tables_ram)

.mlx4_par_tables_ram
                0x0000000000000f00       0x88 load address 0x0000000000005a9e
                0x0000000000000f00                __mlx4_flash_table_start = .
 *(.mlx4_flash_table)
 .mlx4_flash_table
                0x0000000000000f00       0x88 obj/lin2b_romtbl.o
                0x0000000000000f00                _INDXtbl
                0x0000000000000f40                _PARAMtbl
                0x0000000000000f80                _AUTOADDtbl
                0x0000000000000f88                __mlx4_flash_table_end = .
                0x0000000000000088                __mlx4_flash_table_size = (__mlx4_flash_table_end - __mlx4_flash_table_start)
                0x0000000000005a9e                __mlx4_flash_table_load_start = LOADADDR (.mlx4_par_tables_ram)

.mlx4_patch_area
                0x0000000000000f88        0x0
                0x0000000000000f88                __mlx4_patch_area_start = .
 *(.mlx4_patch_area)
                0x0000000000000f88                __mlx4_patch_area_end = .

.lin_ram_flash  0x0000000000001000       0x12
                0x0000000000000001                ASSERT ((. == ORIGIN (ram)), The .lin_ram_flash shall be placed at the beginning of the RAM)
                0x0000000000001000                . = ALIGN (0x2)
                0x0000000000001000                __ram_start = .
                0x0000000000001000                __lin_ram_flash_start = .
                0x0000000000001012                . = (. + __lin_ram_size)
 *fill*         0x0000000000001000       0x12 
 *(.lin_ram)
                0x0000000000000001                ASSERT (((__lin_ram_flash_start + __lin_ram_size) == .), The .lin_ram shall be empty for the Flash FW)
                0x0000000000001012                . = ALIGN (0x2)
                0x0000000000001012                __lin_ram_flash_end = .
                0x0000000000000012                __lin_ram_flash_size = (__lin_ram_flash_end - __lin_ram_flash_start)

.dp.data        0x0000000000001012        0x8 load address 0x0000000000005b26
                0x0000000000001012                . = ALIGN (0x2)
                0x0000000000001012                __data_dp_start = .
 *(.dp.data)
 .dp.data       0x0000000000001012        0x8 obj/uart_plot.o
                0x0000000000001012                _g_u16TxAddress
                0x000000000000101a                . = ALIGN (0x2)
                0x000000000000101a                __data_dp_end = .
                0x0000000000000008                __data_dp_size = (__data_dp_end - __data_dp_start)
                0x0000000000005b26                __data_load_start = LOADADDR (.dp.data)

.dp             0x000000000000101a        0x0 load address 0x0000000000005b2e
                0x000000000000101a                . = ALIGN (0x2)
                0x000000000000101a                __bss_dp_start = .
 *(.dp)
                0x000000000000101a                . = ALIGN (0x2)
                0x000000000000101a                __bss_dp_end = .
                0x0000000000000000                __bss_dp_size = (__bss_dp_end - __bss_dp_start)

.dpnoinit       0x000000000000101a        0x0 load address 0x0000000000005b2e
                0x000000000000101a                . = ALIGN (0x2)
                0x000000000000101a                __dpnoinit_start = .
 *(.dp.noinit)
                0x000000000000101a                . = ALIGN (0x2)
                0x000000000000101a                __dpnoinit_end = .
                0x0000000000000000                __dpnoinit_size = (__dpnoinit_end - __dpnoinit_start)

.data           0x000000000000101a       0x90 load address 0x0000000000005b2e
                0x000000000000101a                . = ALIGN (0x2)
                0x000000000000101a                __data_start = .
 *(.ramfunc)
 *(.data)
 *(.data.*)
 .data.sBase    0x000000000000101a       0x1e obj/adc.o
                0x000000000000101a                _sBase
 .data.l_sAdcAvgObject
                0x0000000000001038       0x6c obj/app_sensor.o
 .data.ml_ConfiguredNAD
                0x00000000000010a4        0x1 obj/lin_signals.o
                0x00000000000010a4                _ml_ConfiguredNAD
 *fill*         0x00000000000010a5        0x1 
 .data.__i16ChipTemperature_8372
                0x00000000000010a6        0x2 obj/main.o
 .data.l_uart_plot_dummy
                0x00000000000010a8        0x2 obj/uart_plot.o
                0x00000000000010aa                . = ALIGN (0x2)
                0x00000000000010aa                __data_end = .
                0x0000000000000090                __data_size = (__data_end - __data_start)

.bss            0x00000000000010aa      0x380 load address 0x0000000000005bbe
                0x00000000000010aa                . = ALIGN (0x2)
                0x00000000000010aa                __bss_start = .
 *(.bss)
 *(.bss.*)
 .bss.Fwv_Response_Event
                0x00000000000010aa        0x1 obj/AppLin.o
                0x00000000000010aa                _Fwv_Response_Event
 .bss.Fwv_Request_Event
                0x00000000000010ab        0x1 obj/AppLin.o
                0x00000000000010ab                _Fwv_Request_Event
 .bss.Fwv_lin_frame_Error
                0x00000000000010ac        0x1 obj/AppLin.o
                0x00000000000010ac                _Fwv_lin_frame_Error
 .bss.Fwv_lin_sleep_enable
                0x00000000000010ad        0x1 obj/AppLin.o
                0x00000000000010ad                _Fwv_lin_sleep_enable
 .bss.__LV_filterCnt_5225
                0x00000000000010ae        0x2 obj/AppValve.o
 .bss.__HV_filterCnt_5226
                0x00000000000010b0        0x2 obj/AppValve.o
 .bss.__ignNormalTimer_5213
                0x00000000000010b2        0x2 obj/AppValve.o
 .bss.u16EventValue
                0x00000000000010b4        0x2 obj/AppValve.o
                0x00000000000010b4                _u16EventValue
 .bss.u16EventState
                0x00000000000010b6        0x2 obj/AppValve.o
                0x00000000000010b6                _u16EventState
 .bss.p16AdcIrq
                0x00000000000010b8        0x2 obj/adc.o
                0x00000000000010b8                _p16AdcIrq
 .bss.i16MotorCurrentZeroOffset
                0x00000000000010ba        0x2 obj/adc.o
                0x00000000000010ba                _i16MotorCurrentZeroOffset
 .bss.l16_SetGmrSensorOffset
                0x00000000000010bc        0x2 obj/app_sensor.o
                0x00000000000010bc                _l16_SetGmrSensorOffset
 .bss.l16_GmrCalEnable
                0x00000000000010be        0x2 obj/app_sensor.o
                0x00000000000010be                _l16_GmrCalEnable
 .bss.l_au16GmrIO4AvgBuffer
                0x00000000000010c0       0x10 obj/app_sensor.o
 .bss.l_au16GmrIO3AvgBuffer
                0x00000000000010d0       0x10 obj/app_sensor.o
 .bss.l_au16GmrIO2AvgBuffer
                0x00000000000010e0       0x10 obj/app_sensor.o
 .bss.l_au16GmrIO1AvgBuffer
                0x00000000000010f0       0x10 obj/app_sensor.o
 .bss.l_au16IgnitionAvgBuffer
                0x0000000000001100       0x10 obj/app_sensor.o
 .bss.l_au16VddaAvgBuffer
                0x0000000000001110       0x10 obj/app_sensor.o
 .bss.l_au16CurrentAvgBuffer
                0x0000000000001120       0x10 obj/app_sensor.o
 .bss.l_au16TemperatureAvgBuffer
                0x0000000000001130       0x10 obj/app_sensor.o
 .bss.l_au16SupplyAvgBuffer
                0x0000000000001140       0x10 obj/app_sensor.o
 .bss.ld_ErrorDetectedMHBuffer
                0x0000000000001150        0x6 obj/fw_mls_api.o
 .bss.ld_FunctionalRequestMHBuffer
                0x0000000000001156        0x6 obj/fw_mls_api.o
 .bss.ld_ResponseTransmittedMHBuffer
                0x000000000000115c        0x6 obj/fw_mls_api.o
 .bss.ld_RequestMHBuffer
                0x0000000000001162        0x6 obj/fw_mls_api.o
 .bss.fwlinEventTable
                0x0000000000001168       0x1e obj/fw_mls_api.o
 .bss.g_u8LinErrorCode
                0x0000000000001186        0x1 obj/fw_mls_api.o
                0x0000000000001186                _g_u8LinErrorCode
 .bss.g_u8LinErrorCnt
                0x0000000000001187        0x1 obj/fw_mls_api.o
                0x0000000000001187                _g_u8LinErrorCnt
 .bss.lepmFlag  0x0000000000001188        0x1 obj/fw_mls_device_id.o
 .bss.isAwaitingResponseTransmitted
                0x0000000000001189        0x1 obj/fw_mls_device_id.o
 .bss.__u8ColinErrorState_7114
                0x000000000000118a        0x1 obj/lin22.o
 .bss.bLinTimeoutActive
                0x000000000000118b        0x1 obj/lin22.o
                0x000000000000118b                _bLinTimeoutActive
 .bss.bLinActive
                0x000000000000118c        0x1 obj/lin22.o
                0x000000000000118c                _bLinActive
 *fill*         0x000000000000118d        0x1 
 .bss.pDiagTransfer
                0x000000000000118e        0x2 obj/lin_cfg_sl.o
 .bss.pendingSlaveResponse
                0x0000000000001190        0x2 obj/lin_cfg_sl.o
 .bss.s_ifcOverrunFramesCount
                0x0000000000001192        0x1 obj/lin_core_sl.o
 *fill*         0x0000000000001193        0x1 
 .bss.l_signals
                0x0000000000001194       0x1a obj/lin_signals.o
                0x0000000000001194                _l_signals
 .bss.g_bUnderVoltageDetected
                0x00000000000011ae        0x1 obj/main.o
                0x00000000000011ae                _g_bUnderVoltageDetected
 .bss.g_e8OverCurrent
                0x00000000000011af        0x1 obj/protection.o
                0x00000000000011af                _g_e8OverCurrent
 .bss.g_e8ShortOcc
                0x00000000000011b0        0x2 obj/protection.o
                0x00000000000011b0                _g_e8ShortOcc
 .bss.g_e8ErrorOverTemperature
                0x00000000000011b2        0x2 obj/protection.o
                0x00000000000011b2                _g_e8ErrorOverTemperature
 .bss.g_e8ErrorVoltage
                0x00000000000011b4        0x2 obj/protection.o
                0x00000000000011b4                _g_e8ErrorVoltage
 .bss.u16LTcopy
                0x00000000000011b6        0x8 obj/pwm.o
 .bss.l_u16Payload
                0x00000000000011be        0x8 obj/uart_plot.o
 .bss.l_au8UartRdBufB
                0x00000000000011c6        0xa obj/uart_plot.o
 .bss.l_au8UartRdBufA
                0x00000000000011d0        0xa obj/uart_plot.o
 .bss.l_uart_plot_txMsg
                0x00000000000011da        0xa obj/uart_plot.o
 .bss.l_ramCopy
                0x00000000000011e4       0x18 obj/unirom.o
 *(COMMON)
 COMMON         0x00000000000011fc       0x70 obj/AppValve.o
                0x00000000000011fc                _valve
 COMMON         0x000000000000126c       0x22 obj/adc.o
                0x000000000000126c                _dBase
                0x0000000000001286                _g_u16IOADC4
                0x0000000000001288                _g_u16IOADC3
                0x000000000000128a                _g_u16IOADC2
                0x000000000000128c                _g_u16IOADC1
 COMMON         0x000000000000128e       0x14 obj/app_sensor.o
                0x000000000000128e                _l16_SinNegMaxPeak
                0x0000000000001290                _l16_SinPosMinPeak
                0x0000000000001292                _l16_CosinPosMinPeak
                0x0000000000001294                _l16_CosinPosMaxPeak
                0x0000000000001296                _l16_SinPosMaxPeak
                0x0000000000001298                _l16_CosinNegMinPeak
                0x000000000000129a                _l16_SinNegMinPeak
                0x000000000000129c                _l16_CosinNegMaxPeak
                0x000000000000129e                _l16_SinOutputOffset
                0x00000000000012a0                _l16_CosinOutputOffset
 COMMON         0x00000000000012a2        0x8 obj/conv_clock_error.o
                0x00000000000012a2                _clock_error_OTempCal
                0x00000000000012a4                _clock_error_OClockCal
                0x00000000000012a6                _clock_error_SClockLowCal
                0x00000000000012a8                _clock_error_SClockHighCal
 COMMON         0x00000000000012aa        0x6 obj/conv_high_voltage.o
                0x00000000000012aa                _calib_hvi
 COMMON         0x00000000000012b0        0x6 obj/conv_low_voltage.o
                0x00000000000012b0                _calib_lvi
 COMMON         0x00000000000012b6        0xc obj/conv_motor_voltage.o
                0x00000000000012b6                _calib_vsmf
                0x00000000000012bc                _calib_vsm
 COMMON         0x00000000000012c2        0x6 obj/conv_shunt_current.o
                0x00000000000012c2                _calib_current
 COMMON         0x00000000000012c8       0x56 obj/dcm_driver.o
                0x00000000000012c8                _sensor
                0x00000000000012d4                _motor
 COMMON         0x000000000000131e        0xc obj/eeprom_app.o
                0x000000000000131e                _valve_diag_data
                0x0000000000001324                _valve_gmr_data
 COMMON         0x000000000000132a       0xa6 obj/fw_mls_api.o
                0x000000000000132a                _ldt_TL_data
                0x00000000000013c0                _ld_ResponseTransmittedMultipleHandler
                0x00000000000013c4                _ld_RequestMultipleHandler
                0x00000000000013c8                _ld_FunctionalRequestMultipleHandler
                0x00000000000013cc                _ld_ErrorDetectedMultipleHandler
 COMMON         0x00000000000013d0        0x2 obj/lin_core.o
                0x00000000000013d0                _dummy
 COMMON         0x00000000000013d2        0x2 obj/lin_core_sl.o
                0x00000000000013d2                _s_ifcStatus
 COMMON         0x00000000000013d4        0x6 obj/lin_signals.o
                0x00000000000013d4                _l_sl1_flags
                0x00000000000013d8                _node_configuration
 COMMON         0x00000000000013da       0x34 obj/main.o
                0x00000000000013da                _u16_Duty_Dec_Range
                0x00000000000013dc                _g_u16PositionSensor
                0x00000000000013de                _l_u32SupplyVoltageFilter
                0x00000000000013e2                _u16_CONV_Target_Angle
                0x00000000000013e4                _g_i16ChipTemperature
                0x00000000000013e6                _u16_Target_Angle_UCL
                0x00000000000013e8                _u16_Angle_Gap
                0x00000000000013ea                _u16_IGN_PORT_CNT
                0x00000000000013ec                _u16_LIN_Target_Angle
                0x00000000000013ee                _g_u16VDDA
                0x00000000000013f0                _SetDuty
                0x00000000000013f2                _g_u16IO3
                0x00000000000013f4                _l_u32ChipTemperatureFilter
                0x00000000000013f8                _Angle_Hysteresis
                0x00000000000013fa                _u16_Target_Angle_LCL
                0x00000000000013fc                _e8ErrorOverTemperature
                0x00000000000013fe                _g_u16MotorSupplyVoltage
                0x0000000000001400                _g_i16ShuntCurrent
                0x0000000000001402                _g_u16VBGD
                0x0000000000001404                _e8ErrorVoltage
                0x0000000000001406                _g_u16SupplyVoltage
                0x0000000000001408                _e8ShortOcc
                0x000000000000140a                _l_u32MotorSupplyVoltageFilter
 COMMON         0x000000000000140e       0x1c obj/swtimer.o
                0x000000000000140e                _g_pTimer
                0x000000000000142a                . = ALIGN (0x2)
                0x000000000000142a                __bss_end = .
                0x0000000000000380                __bss_size = (__bss_end - __bss_start)

.noinit         0x000000000000142a        0x0 load address 0x0000000000005bbe
                0x000000000000142a                . = ALIGN (0x2)
                0x000000000000142a                __noinit_start = .
 *(.noinit)
                0x000000000000142a                . = ALIGN (0x2)
                0x000000000000142a                __noinit_end = .
                0x0000000000000000                __noinit_size = (__noinit_end - __noinit_start)
                0x0000000000000080                PROVIDE (__min_stack_size, 0x80)

.fw_stack       0x000000000000142a        0x0 load address 0x0000000000005bbe
                0x000000000000142a                PROVIDE (_fw_stack, .)

.bist_stat
 *(.bist_stat.bistHeader)
 *(.bist_stat.bistResetInfo)
 *(.bist_stat.bistError)
 *(.bist_stat.bistErrorInfo)

.flash_control
 *(.flash_control)
                0x00000000000017ea                PROVIDE (__stack_end, (ORIGIN (ram) + 0x7ea))
                0x0000000000001800                PROVIDE (__ram_end, (((ORIGIN (ram) + 0x7ea) + 0xe) + 0x8))

.flash_data     0x0000000000005bbe     0x481a
 *(.rodata)
 .rodata        0x0000000000005bbe        0x3 obj/lin22.o
 .rodata        0x0000000000005bc1      0x100 c:/program files/melexis/melexis ide/plugins/com.melexis.mlxide.compiler.3.1.115.15_1.0.0.202310200811/compiler/bin/../lib/gcc/mlx16/7.5.0/mlx16-fx\libgcc.a(_clz.o)
                0x0000000000005bc1                ___clz_tab
 *(.rodata.*)
 *fill*         0x0000000000005cc1        0x1 
 .rodata.AppValveTask
                0x0000000000005cc2       0x2a obj/AppValve.o
 .rodata.adc_raw_update
                0x0000000000005cec       0x10 obj/app_sensor.o
 .rodata.IGNconversionMap
                0x0000000000005cfc       0x20 obj/app_sensor.o
 .rodata.app_motor_task
                0x0000000000005d1c       0x10 obj/dcm_driver.o
 .rodata.eeprom_defaults
                0x0000000000005d2c       0x18 obj/eeprom_app.o
                0x0000000000005d2c                _eeprom_defaults
 .rodata.ld_DiagRequest
                0x0000000000005d44        0xe obj/lin_cfg_sl.o
 .rodata.l_ErrorDetected
                0x0000000000005d52       0x1a obj/lin_core_sl.o
 .rodata.__VPC_Fwv_Resp_flags_mask_3801
                0x0000000000005d6c        0x4 obj/lin_signals.o
 .rodata.__VPC_Fwv_Ctrl_flags_mask_3849
                0x0000000000005d70        0x4 obj/lin_signals.o
 .rodata.frameList
                0x0000000000005d74        0x8 obj/lin_signals.o
                0x0000000000005d74                _frameList
 .rodata.l_sl1_VPC_Fwv_Ctrl_frame
                0x0000000000005d7c        0x2 obj/lin_signals.o
 .rodata.l_sl1_VPC_Fwv_Resp_frame
                0x0000000000005d7e        0x2 obj/lin_signals.o
 .rodata.ml_ProductID
                0x0000000000005d80        0x6 obj/lin_signals.o
                0x0000000000005d80                _ml_ProductID
 .rodata.ml_InitialNAD
                0x0000000000005d86        0x1 obj/lin_signals.o
                0x0000000000005d86                _ml_InitialNAD
 *fill*         0x0000000000005d87        0x1 
 .rodata.ATAN_LUT
                0x0000000000005d88      0x204 ../../code/camcu_platform/config/../lib/81332B02\libmath.a(atan.o)
                0x0000000000005d88                _ATAN_LUT
 *(.rodata._mlx_*)
                0x0000000000005f8c                . = ALIGN (0x2)
 *(.text)
 .text          0x0000000000005f8c       0x44 c:/program files/melexis/melexis ide/plugins/com.melexis.mlxide.compiler.3.1.115.15_1.0.0.202310200811/compiler/bin/../lib/gcc/mlx16/7.5.0/mlx16-fx\libgcc.a(_gt_sf.o)
                0x0000000000005f8c                ___gtsf2
 .text          0x0000000000005fd0       0x6e c:/program files/melexis/melexis ide/plugins/com.melexis.mlxide.compiler.3.1.115.15_1.0.0.202310200811/compiler/bin/../lib/gcc/mlx16/7.5.0/mlx16-fx\libgcc.a(_si_to_sf.o)
                0x0000000000005fd0                ___floatsisf
 .text          0x000000000000603e       0x60 c:/program files/melexis/melexis ide/plugins/com.melexis.mlxide.compiler.3.1.115.15_1.0.0.202310200811/compiler/bin/../lib/gcc/mlx16/7.5.0/mlx16-fx\libgcc.a(_clzsi2.o)
                0x000000000000603e                ___clzsi2
 .text          0x000000000000609e      0x160 c:/program files/melexis/melexis ide/plugins/com.melexis.mlxide.compiler.3.1.115.15_1.0.0.202310200811/compiler/bin/../lib/gcc/mlx16/7.5.0/mlx16-fx\libgcc.a(_pack_sf.o)
                0x000000000000609e                ___pack_f
 .text          0x00000000000061fe       0xbc c:/program files/melexis/melexis ide/plugins/com.melexis.mlxide.compiler.3.1.115.15_1.0.0.202310200811/compiler/bin/../lib/gcc/mlx16/7.5.0/mlx16-fx\libgcc.a(_unpack_sf.o)
                0x00000000000061fe                ___unpack_f
 .text          0x00000000000062ba       0x8c c:/program files/melexis/melexis ide/plugins/com.melexis.mlxide.compiler.3.1.115.15_1.0.0.202310200811/compiler/bin/../lib/gcc/mlx16/7.5.0/mlx16-fx\libgcc.a(_fpcmp_parts_sf.o)
                0x00000000000062ba                ___fpcmp_parts_f
 *(.text.*)
 .text.AppLinInit
                0x0000000000006346        0xc obj/AppLin.o
                0x0000000000006346                _AppLinInit
 .text.AppLinTask
                0x0000000000006352       0x76 obj/AppLin.o
                0x0000000000006352                _AppLinTask
 .text.AppLinSleepEnter
                0x00000000000063c8        0xa obj/AppLin.o
                0x00000000000063c8                _AppLinSleepEnter
 .text.check_protect_mode
                0x00000000000063d2       0x4e obj/AppValve.o
 .text.ValveFaultReset
                0x0000000000006420       0x3e obj/AppValve.o
 .text.ValveErrorReset
                0x000000000000645e       0x2e obj/AppValve.o
 .text.check_fault_mode
                0x000000000000648c       0x2e obj/AppValve.o
 .text.ValveLinGetCommand
                0x00000000000064ba       0x5c obj/AppValve.o
                0x00000000000064ba                _ValveLinGetCommand
 .text.ValveLinUpdateSignals
                0x0000000000006516      0x182 obj/AppValve.o
                0x0000000000006516                _ValveLinUpdateSignals
 .text.get_valve_mode
                0x0000000000006698        0x6 obj/AppValve.o
                0x0000000000006698                _get_valve_mode
 .text.get_valve_voltage
                0x000000000000669e        0x6 obj/AppValve.o
                0x000000000000669e                _get_valve_voltage
 .text.get_valve_temperature
                0x00000000000066a4        0x6 obj/AppValve.o
                0x00000000000066a4                _get_valve_temperature
 .text.get_valve_motCurrent
                0x00000000000066aa        0x6 obj/AppValve.o
                0x00000000000066aa                _get_valve_motCurrent
 .text.AppValveInit
                0x00000000000066b0      0x122 obj/AppValve.o
                0x00000000000066b0                _AppValveInit
 .text.AppValveTask
                0x00000000000067d2      0xd6c obj/AppValve.o
                0x00000000000067d2                _AppValveTask
 .text.adc_DoSoftwareTrigger
                0x000000000000753e       0x54 obj/adc.o
 .text.adc_Init
                0x0000000000007592       0x4e obj/adc.o
                0x0000000000007592                _adc_Init
 .text.adc_Start
                0x00000000000075e0       0x5e obj/adc.o
                0x00000000000075e0                _adc_Start
 .text.adc_Stop
                0x000000000000763e       0x42 obj/adc.o
                0x000000000000763e                _adc_Stop
 .text.adc_Shunt_OffsetCalib
                0x0000000000007680       0xaa obj/adc.o
                0x0000000000007680                _adc_Shunt_OffsetCalib
 .text.adc_ConvertToCurrent
                0x000000000000772a        0x2 obj/adc.o
                0x000000000000772a                _adc_ConvertToCurrent
 .text.adc_ConvertToTchip
                0x000000000000772c        0x4 obj/adc.o
                0x000000000000772c                _adc_ConvertToTchip
 .text.adc_ConvertToVsupply
                0x0000000000007730        0xa obj/adc.o
                0x0000000000007730                _adc_ConvertToVsupply
 .text.adc_ConvertToVoltage
                0x000000000000773a        0x8 obj/adc.o
                0x000000000000773a                _adc_ConvertToVoltage
 .text._ADC_SAR_INT
                0x0000000000007742       0x20 obj/adc.o
                0x0000000000007742                __ADC_SAR_INT
 .text.gmr_calibration_setup
                0x0000000000007762       0x40 obj/app_sensor.o
                0x0000000000007762                _gmr_calibration_setup
 .text.sensor_init
                0x00000000000077a2       0x4e obj/app_sensor.o
                0x00000000000077a2                _sensor_init
 .text.set_gmr_sensor_offset
                0x00000000000077f0        0x6 obj/app_sensor.o
                0x00000000000077f0                _set_gmr_sensor_offset
 .text.get_gmr_sensor_offset
                0x00000000000077f6        0x6 obj/app_sensor.o
                0x00000000000077f6                _get_gmr_sensor_offset
 .text.adc_raw_update
                0x00000000000077fc       0xaa obj/app_sensor.o
                0x00000000000077fc                _adc_raw_update
 .text.get_conv_vdda_voltage
                0x00000000000078a6        0x6 obj/app_sensor.o
                0x00000000000078a6                _get_conv_vdda_voltage
 .text.get_conv_supply_voltage
                0x00000000000078ac        0x6 obj/app_sensor.o
                0x00000000000078ac                _get_conv_supply_voltage
 .text.get_conv_ic_temperature
                0x00000000000078b2       0x16 obj/app_sensor.o
                0x00000000000078b2                _get_conv_ic_temperature
 .text.get_conv_mot_current
                0x00000000000078c8        0x6 obj/app_sensor.o
                0x00000000000078c8                _get_conv_mot_current
 .text.get_gmr_sine_output
                0x00000000000078ce       0x24 obj/app_sensor.o
                0x00000000000078ce                _get_gmr_sine_output
 .text.get_gmr_cosine_output
                0x00000000000078f2       0x24 obj/app_sensor.o
                0x00000000000078f2                _get_gmr_cosine_output
 .text.calculate_gmr_angle
                0x0000000000007916       0xb0 obj/app_sensor.o
                0x0000000000007916                _calculate_gmr_angle
 .text.forward_linear_Interpolation
                0x00000000000079c6       0x24 obj/app_sensor.o
                0x00000000000079c6                _forward_linear_Interpolation
 .text.get_conv_ignition_voltage
                0x00000000000079ea       0x64 obj/app_sensor.o
                0x00000000000079ea                _get_conv_ignition_voltage
 .text.conv_clock_error_init
                0x0000000000007a4e       0x28 obj/conv_clock_error.o
                0x0000000000007a4e                _conv_clock_error_init
 .text.conv_clock_error_speed
                0x0000000000007a76       0x2c obj/conv_clock_error.o
                0x0000000000007a76                _conv_clock_error_speed
 .text.conv_clock_error_correct_period
                0x0000000000007aa2        0xc obj/conv_clock_error.o
                0x0000000000007aa2                _conv_clock_error_correct_period
 .text.conv_high_voltage_init
                0x0000000000007aae       0x32 obj/conv_high_voltage.o
                0x0000000000007aae                _conv_high_voltage_init
 .text.conv_high_voltage
                0x0000000000007ae0       0x22 obj/conv_high_voltage.o
                0x0000000000007ae0                _conv_high_voltage
 .text.conv_high_voltage_with_tcorrection
                0x0000000000007b02       0x4c obj/conv_high_voltage.o
                0x0000000000007b02                _conv_high_voltage_with_tcorrection
 .text.conv_low_voltage_init
                0x0000000000007b4e       0x32 obj/conv_low_voltage.o
                0x0000000000007b4e                _conv_low_voltage_init
 .text.conv_motor_voltage_init
                0x0000000000007b80       0x6c obj/conv_motor_voltage.o
                0x0000000000007b80                _conv_motor_voltage_init
 .text.conv_shunt_current_init
                0x0000000000007bec       0x2a obj/conv_shunt_current.o
                0x0000000000007bec                _conv_shunt_current_init
 .text.conv_shunt_current
                0x0000000000007c16       0x22 obj/conv_shunt_current.o
                0x0000000000007c16                _conv_shunt_current
 .text.Mot_dirChange_check
                0x0000000000007c38       0x18 obj/dcm_driver.o
 .text.MotRequestHardStop
                0x0000000000007c50        0x8 obj/dcm_driver.o
                0x0000000000007c50                _MotRequestHardStop
 .text.MotClearHardStop
                0x0000000000007c58        0x8 obj/dcm_driver.o
                0x0000000000007c58                _MotClearHardStop
 .text.MotSetTargetPosition
                0x0000000000007c60       0x2e obj/dcm_driver.o
                0x0000000000007c60                _MotSetTargetPosition
 .text.MotGetCurrentPosition
                0x0000000000007c8e        0x6 obj/dcm_driver.o
                0x0000000000007c8e                _MotGetCurrentPosition
 .text.MotClearStallFlag
                0x0000000000007c94       0x1e obj/dcm_driver.o
                0x0000000000007c94                _MotClearStallFlag
 .text.MotClearFaultFlag
                0x0000000000007cb2       0x46 obj/dcm_driver.o
                0x0000000000007cb2                _MotClearFaultFlag
 .text.MotGetState
                0x0000000000007cf8        0x6 obj/dcm_driver.o
                0x0000000000007cf8                _MotGetState
 .text.MotGetStallState
                0x0000000000007cfe        0x8 obj/dcm_driver.o
                0x0000000000007cfe                _MotGetStallState
 .text.MotGetFaultState
                0x0000000000007d06        0x8 obj/dcm_driver.o
                0x0000000000007d06                _MotGetFaultState
 .text.SensorGetState
                0x0000000000007d0e        0x8 obj/dcm_driver.o
                0x0000000000007d0e                _SensorGetState
 .text.app_mot_init
                0x0000000000007d16       0xc4 obj/dcm_driver.o
                0x0000000000007d16                _app_mot_init
 .text.app_motor_task
                0x0000000000007dda      0x420 obj/dcm_driver.o
                0x0000000000007dda                _app_motor_task
 .text.motor_ctrl_handler
                0x00000000000081fa      0x2dc obj/dcm_driver.o
                0x00000000000081fa                _motor_ctrl_handler
 .text.diagnostic_Init
                0x00000000000084d6       0x60 obj/diagnostic.o
                0x00000000000084d6                _diagnostic_Init
 .text.diagnostic_Start
                0x0000000000008536       0x52 obj/diagnostic.o
                0x0000000000008536                _diagnostic_Start
 .text.DIAGNOSTIC_Reset
                0x0000000000008588       0x2a obj/diagnostic.o
                0x0000000000008588                _DIAGNOSTIC_Reset
 .text.diagnostic_IsUVPending
                0x00000000000085b2        0xa obj/diagnostic.o
                0x00000000000085b2                _diagnostic_IsUVPending
 .text.diagnostic_IsOVPending
                0x00000000000085bc        0xa obj/diagnostic.o
                0x00000000000085bc                _diagnostic_IsOVPending
 .text.diagnostic_IsOVTPending
                0x00000000000085c6        0x8 obj/diagnostic.o
                0x00000000000085c6                _diagnostic_IsOVTPending
 .text.diagnostic_IsOVCPending
                0x00000000000085ce        0xa obj/diagnostic.o
                0x00000000000085ce                _diagnostic_IsOVCPending
 .text.diagnostic_IsVDSPending
                0x00000000000085d8       0x1a obj/diagnostic.o
                0x00000000000085d8                _diagnostic_IsVDSPending
 .text._UV_VS_INT
                0x00000000000085f2       0x22 obj/diagnostic.o
                0x00000000000085f2                __UV_VS_INT
 .text._OV_VS_INT
                0x0000000000008614       0x12 obj/diagnostic.o
                0x0000000000008614                __OV_VS_INT
 .text._OVT_INT
                0x0000000000008626       0x12 obj/diagnostic.o
                0x0000000000008626                __OVT_INT
 .text._OVC_INT
                0x0000000000008638       0x12 obj/diagnostic.o
                0x0000000000008638                __OVC_INT
 .text.eeprom_Init
                0x000000000000864a       0x1e obj/eeprom_app.o
                0x000000000000864a                _eeprom_Init
 .text.eeprom_ReadLINconfig
                0x0000000000008668       0x10 obj/eeprom_app.o
                0x0000000000008668                _eeprom_ReadLINconfig
 .text.eeprom_ReadValveConfig
                0x0000000000008678       0x58 obj/eeprom_app.o
                0x0000000000008678                _eeprom_ReadValveConfig
 .text.eeprom_WriteValveConfig
                0x00000000000086d0       0x2a obj/eeprom_app.o
                0x00000000000086d0                _eeprom_WriteValveConfig
 .text.eeprom_ReadDiagConfig
                0x00000000000086fa       0x58 obj/eeprom_app.o
                0x00000000000086fa                _eeprom_ReadDiagConfig
 .text.eeprom_WriteDiagConfig
                0x0000000000008752       0x2a obj/eeprom_app.o
                0x0000000000008752                _eeprom_WriteDiagConfig
 .text.valve_gmr_write
                0x000000000000877c       0x1c obj/eeprom_app.o
                0x000000000000877c                _valve_gmr_write
 .text.valve_diag_write
                0x0000000000008798       0x1c obj/eeprom_app.o
                0x0000000000008798                _valve_diag_write
 .text.FILTER_AVG_CalcMovAvg
                0x00000000000087b4       0x58 obj/filter_avg.o
                0x00000000000087b4                _FILTER_AVG_CalcMovAvg
 .text.Generic_INT
                0x000000000000880c        0xc obj/fw_ints.o
                0x000000000000880c                __OV_LS_VDS2_INT
                0x000000000000880c                __OV_HS_VDS0_INT
                0x000000000000880c                __CTIMER1_3_INT
                0x000000000000880c                __AWD_ATT_INT
                0x000000000000880c                __IO_IN6_INT
                0x000000000000880c                __IO_IN3_INT
                0x000000000000880c                __OV_HS_VDS1_INT
                0x000000000000880c                __IO_IN7_INT
                0x000000000000880c                __PPM_TX_INT
                0x000000000000880c                __PWM_SLAVE1_CMP_INT
                0x000000000000880c                __EE_COMPLETE_INT
                0x000000000000880c                __SPI_TE_INT
                0x000000000000880c                __CTIMER0_2_INT
                0x000000000000880c                __PWM_MASTER2_CMP_INT
                0x000000000000880c                __IO_IN5_INT
                0x000000000000880c                __TX_TIMEOUT_INT
                0x000000000000880c                __CTIMER1_2_INT
                0x000000000000880c                __IO_IN2_INT
                0x000000000000880c                _Generic_INT
                0x000000000000880c                __PPM_ERR_INT
                0x000000000000880c                __UART_TS_INT
                0x000000000000880c                __MLX16_EXCHG_INT
                0x000000000000880c                __OV_HS_VDS3_INT
                0x000000000000880c                __COLIN_OWNMTX_INT
                0x000000000000880c                __IO_IN1_INT
                0x000000000000880c                __OV_LS_VDS0_INT
                0x000000000000880c                __ANA_PLL_ERR_INT
                0x000000000000880c                __PWM_MASTER2_END_INT
                0x000000000000880c                __UART_RR_INT
                0x000000000000880c                __PWM_SLAVE3_CMP_INT
                0x000000000000880c                __CTIMER0_1_INT
                0x000000000000880c                __OV_LS_VDS1_INT
                0x000000000000880c                __UDTF_INT
                0x000000000000880c                __SPI_ER_INT
                0x000000000000880c                __MLX16_SOFT_INT
                0x000000000000880c                __UART_TR_INT
                0x000000000000880c                __UV_VDDAF_INT
                0x000000000000880c                __PPM_RX_INT
                0x000000000000880c                __UART_TE_INT
                0x000000000000880c                __OV_LS_VDS3_INT
                0x000000000000880c                __IWD_ATT_INT
                0x000000000000880c                __PWM_MASTER1_CMP_INT
                0x000000000000880c                __FL_COMPLETE_INT
                0x000000000000880c                __SPI_RF_INT
                0x000000000000880c                __EE_ECC_INT
                0x000000000000880c                __UV_VDDA_INT
                0x000000000000880c                __UART_RS_INT
                0x000000000000880c                __IO_IN4_INT
                0x000000000000880c                __MLX16_DMAERR_INT
                0x000000000000880c                __OV_HS_VDS2_INT
                0x000000000000880c                __CTIMER1_1_INT
                0x000000000000880c                __I2C_GLOBAL_RESET_INT
                0x000000000000880c                __UART_SB_INT
                0x000000000000880c                __IO_IN0_INT
                0x000000000000880c                __FL_ECC_INT
 .text.fw_mls_ErrorDetected
                0x0000000000008818       0x50 obj/fw_mls_api.o
                0x0000000000008818                _fw_mls_ErrorDetected
 .text.fw_mls_Init
                0x0000000000008868       0x6c obj/fw_mls_api.o
                0x0000000000008868                _fw_mls_Init
 .text.fw_mls_TransportLayerInit
                0x00000000000088d4       0x28 obj/fw_mls_api.o
                0x00000000000088d4                _fw_mls_TransportLayerInit
 .text._COLIN_LIN_INT
                0x00000000000088fc       0x18 obj/fw_mls_api.o
                0x00000000000088fc                __COLIN_LIN_INT
 .text.fw_lepm_ResponseTransmitted
                0x0000000000008914       0x16 obj/fw_mls_device_id.o
 .text.fw_lepm_Init
                0x000000000000892a       0x20 obj/fw_mls_device_id.o
                0x000000000000892a                _fw_lepm_Init
 .text.fw_lepm_Request
                0x000000000000894a      0x128 obj/fw_mls_device_id.o
 .text.fw_low_level_init
                0x0000000000008a72       0xdc obj/fw_premain.o
                0x0000000000008a72                _fw_low_level_init
 .text.fw_premain
                0x0000000000008b4e       0x1a obj/fw_premain.o
                0x0000000000008b4e                _fw_premain
 .text.fw_ram_section_init
                0x0000000000008b68       0x8a obj/fw_ram_section_init.o
                0x0000000000008b68                _fw_ram_section_init
 .text.fw_start
                0x0000000000008bf2       0x3a obj/fw_startup.o
                0x0000000000008bf2                _fw_start
 .text.ld_AppDiagRequest
                0x0000000000008c2c        0x4 obj/lin22.o
                0x0000000000008c2c                _ld_AppDiagRequest
 .text.lin22_Init
                0x0000000000008c30       0x86 obj/lin22.o
                0x0000000000008c30                _lin22_Init
 .text.lin22_CheckColin
                0x0000000000008cb6       0x56 obj/lin22.o
                0x0000000000008cb6                _lin22_CheckColin
 .text.lin22_BackgroundHandler
                0x0000000000008d0c       0x3c obj/lin22.o
                0x0000000000008d0c                _lin22_BackgroundHandler
 .text.ld_serial_number_callout
                0x0000000000008d48       0x18 obj/lin22.o
                0x0000000000008d48                _ld_serial_number_callout
 .text.fw_lepm_ApplicationStop
                0x0000000000008d60       0x10 obj/lin22.o
                0x0000000000008d60                _fw_lepm_ApplicationStop
 .text.lin22_GotoSleep
                0x0000000000008d70       0x5a obj/lin22.o
                0x0000000000008d70                _lin22_GotoSleep
 .text.ld_read_by_id_callout
                0x0000000000008dca       0x8e obj/lin22.o
                0x0000000000008dca                _ld_read_by_id_callout
 .text.l_ifc_sleep_entered_callout
                0x0000000000008e58       0x18 obj/lin22.o
                0x0000000000008e58                _l_ifc_sleep_entered_callout
 .text.l_mls_Init
                0x0000000000008e70       0x90 obj/lin_api_config.o
                0x0000000000008e70                _l_mls_Init
 .text.l_sys_irq_disable
                0x0000000000008f00       0x10 obj/lin_api_config.o
                0x0000000000008f00                _l_sys_irq_disable
 .text.l_sys_irq_restore
                0x0000000000008f10        0x4 obj/lin_api_config.o
                0x0000000000008f10                _l_sys_irq_restore
 .text.ld_DiagInit
                0x0000000000008f14       0x12 obj/lin_cfg_sl.o
                0x0000000000008f14                _ld_DiagInit
 .text.ld_GetLINNAD
                0x0000000000008f26       0x18 obj/lin_cfg_sl.o
                0x0000000000008f26                _ld_GetLINNAD
 .text.isSupplierIdValid
                0x0000000000008f3e       0x1e obj/lin_cfg_sl.o
                0x0000000000008f3e                _isSupplierIdValid
 .text.isFunctionIdValid
                0x0000000000008f5c       0x1c obj/lin_cfg_sl.o
                0x0000000000008f5c                _isFunctionIdValid
 .text.ld_DiagRequest
                0x0000000000008f78      0x22e obj/lin_cfg_sl.o
                0x0000000000008f78                _ld_DiagRequest
 .text.l_sys_init
                0x00000000000091a6        0x4 obj/lin_core.o
                0x00000000000091a6                _l_sys_init
 .text.l_SetFlagsMask
                0x00000000000091aa       0x2c obj/lin_core.o
                0x00000000000091aa                _l_SetFlagsMask
 .text.l_ifcUpdateOverrun
                0x00000000000091d6       0x22 obj/lin_core_sl.o
 .text.l_ifc_init_sl1
                0x00000000000091f8       0x14 obj/lin_core_sl.o
                0x00000000000091f8                _l_ifc_init_sl1
 .text.l_ifc_read_status_sl1
                0x000000000000920c       0x40 obj/lin_core_sl.o
                0x000000000000920c                _l_ifc_read_status_sl1
 .text.l_LinSleepMode
                0x000000000000924c       0x1a obj/lin_core_sl.o
                0x000000000000924c                _l_LinSleepMode
 .text.l_MessageReceived
                0x0000000000009266       0x3e obj/lin_core_sl.o
                0x0000000000009266                _l_MessageReceived
 .text.l_DataRequest
                0x00000000000092a4       0x38 obj/lin_core_sl.o
                0x00000000000092a4                _l_DataRequest
 .text.l_ErrorDetected
                0x00000000000092dc       0x3e obj/lin_core_sl.o
                0x00000000000092dc                _l_ErrorDetected
 .text.l_DataTransmitted
                0x000000000000931a       0x36 obj/lin_core_sl.o
                0x000000000000931a                _l_DataTransmitted
 .text.l_AutoAddressingStep
                0x0000000000009350        0x2 obj/lin_core_sl.o
                0x0000000000009350                _l_AutoAddressingStep
 .text.l_FillBufferSlave
                0x0000000000009352       0x2c obj/lin_core_sl.o
                0x0000000000009352                _l_FillBufferSlave
 .text.l_sl1_VPC_Fwv_Ctrl_handler
                0x000000000000937e       0x5e obj/lin_signals.o
 .text.l_sl1_VPC_Fwv_Resp_handler
                0x00000000000093dc      0x1d2 obj/lin_signals.o
 .text.globalVariableInit
                0x00000000000095ae       0x82 obj/main.o
                0x00000000000095ae                _globalVariableInit
 .text.startup.main
                0x0000000000009630      0x136 obj/main.o
                0x0000000000009630                _main
 .text.EVENT_UnderVoltage
                0x0000000000009766        0x8 obj/main.o
                0x0000000000009766                _EVENT_UnderVoltage
 .text.EVENT_GotoSleep
                0x000000000000976e        0x8 obj/main.o
                0x000000000000976e                _EVENT_GotoSleep
 .text._CTIMER0_3_INT
                0x0000000000009776        0x4 obj/main.o
                0x0000000000009776                __CTIMER0_3_INT
 .text.protection_Init
                0x000000000000977a       0x38 obj/protection.o
                0x000000000000977a                _protection_Init
 .text.protection_CheckShort
                0x00000000000097b2       0x1e obj/protection.o
                0x00000000000097b2                _protection_CheckShort
 .text.protection_CheckSupplyMotorVoltage
                0x00000000000097d0       0x6a obj/protection.o
                0x00000000000097d0                _protection_CheckSupplyMotorVoltage
 .text.protection_CheckChipTemperature
                0x000000000000983a       0x38 obj/protection.o
                0x000000000000983a                _protection_CheckChipTemperature
 .text.protection_Task
                0x0000000000009872        0x6 obj/protection.o
                0x0000000000009872                _protection_Task
 .text.pwm_Init
                0x0000000000009878      0x12c obj/pwm.o
                0x0000000000009878                _pwm_Init
 .text.pwm_SetDutyCycle
                0x00000000000099a4       0x42 obj/pwm.o
                0x00000000000099a4                _pwm_SetDutyCycle
 .text.pwm_Start
                0x00000000000099e6       0x12 obj/pwm.o
                0x00000000000099e6                _pwm_Start
 .text.pwm_Stop
                0x00000000000099f8       0x20 obj/pwm.o
                0x00000000000099f8                _pwm_Stop
 .text.pwm_Off  0x0000000000009a18       0x20 obj/pwm.o
                0x0000000000009a18                _pwm_Off
 .text.pwm_Disable
                0x0000000000009a38       0x54 obj/pwm.o
                0x0000000000009a38                _pwm_Disable
 .text._PWM_MASTER1_END_INT
                0x0000000000009a8c       0x2c obj/pwm.o
                0x0000000000009a8c                __PWM_MASTER1_END_INT
 .text._PWM_SLAVE2_CMP_INT
                0x0000000000009ab8        0x4 obj/pwm.o
                0x0000000000009ab8                __PWM_SLAVE2_CMP_INT
 .text._DIAG_INT
                0x0000000000009abc       0x24 obj/pwm.o
                0x0000000000009abc                __DIAG_INT
 .text.swtimer_init
                0x0000000000009ae0       0x3a obj/swtimer.o
                0x0000000000009ae0                _swtimer_init
 .text.swtimer_deinit
                0x0000000000009b1a       0x18 obj/swtimer.o
                0x0000000000009b1a                _swtimer_deinit
 .text.swtimer_calibrate
                0x0000000000009b32       0x18 obj/swtimer.o
                0x0000000000009b32                _swtimer_calibrate
 .text.swtimer_register
                0x0000000000009b4a       0x2c obj/swtimer.o
                0x0000000000009b4a                _swtimer_register
 .text.swtimer_start
                0x0000000000009b76       0x22 obj/swtimer.o
                0x0000000000009b76                _swtimer_start
 .text.swtimer_isTriggered
                0x0000000000009b98       0x30 obj/swtimer.o
                0x0000000000009b98                _swtimer_isTriggered
 .text.swtimer_enterIrq
                0x0000000000009bc8        0x2 obj/swtimer.o
                0x0000000000009bc8                _swtimer_enterIrq
 .text.swtimer_exitIrq
                0x0000000000009bca        0x2 obj/swtimer.o
                0x0000000000009bca                _swtimer_exitIrq
 .text.swtimer_triggerIrq
                0x0000000000009bcc        0x2 obj/swtimer.o
                0x0000000000009bcc                _swtimer_triggerIrq
 .text._STIMER_INT
                0x0000000000009bce       0x8e obj/swtimer.o
                0x0000000000009bce                __STIMER_INT
 .text.uartInit
                0x0000000000009c5c        0x4 obj/uart.o
                0x0000000000009c5c                _uartInit
 .text.uartTask
                0x0000000000009c60        0x2 obj/uart.o
                0x0000000000009c60                _uartTask
 .text.uart_Start
                0x0000000000009c62       0x20 obj/uart_plot.o
 .text.uart_Stop
                0x0000000000009c82       0x16 obj/uart_plot.o
 .text.uart_plot_Init
                0x0000000000009c98       0xa0 obj/uart_plot.o
                0x0000000000009c98                _uart_plot_Init
 .text.uart_plot_Start
                0x0000000000009d38        0x6 obj/uart_plot.o
                0x0000000000009d38                _uart_plot_Start
 .text.uart_plot_SendFrame
                0x0000000000009d3e       0x80 obj/uart_plot.o
                0x0000000000009d3e                _uart_plot_SendFrame
 .text._UDFR_INT
                0x0000000000009dbe       0xb2 obj/uart_plot.o
                0x0000000000009dbe                __UDFR_INT
 .text._updateCRC8
                0x0000000000009e70       0x1c obj/unirom.o
 .text.unirom_Init
                0x0000000000009e8c        0x2 obj/unirom.o
                0x0000000000009e8c                _unirom_Init
 .text.unirom_LoadUserConfig
                0x0000000000009e8e       0x5e obj/unirom.o
                0x0000000000009e8e                _unirom_LoadUserConfig
 .text.unirom_StoreUserConfig
                0x0000000000009eec       0x56 obj/unirom.o
                0x0000000000009eec                _unirom_StoreUserConfig
 .text.unirom_ResetUserConfig
                0x0000000000009f42       0x2a obj/unirom.o
                0x0000000000009f42                _unirom_ResetUserConfig
 .text.unirom_StorePage
                0x0000000000009f6c       0x48 obj/unirom.o
                0x0000000000009f6c                _unirom_StorePage
 .text.unirom_WritePage
                0x0000000000009fb4       0x74 obj/unirom.o
                0x0000000000009fb4                _unirom_WritePage
 .text.unirom_ReadPage
                0x000000000000a028       0x4e obj/unirom.o
                0x000000000000a028                _unirom_ReadPage
 .text.CalculateTemperature3pLinearize
                0x000000000000a076       0x46 ../../code/camcu_platform/config/../lib/81332B02\lib81332.a(lib_calculate_temperature.o)
                0x000000000000a076                _CalculateTemperature3pLinearize
 .text.SetSystemSpeed
                0x000000000000a0bc       0x82 ../../code/camcu_platform/config/../lib/81332B02\lib81332.a(lib_clock.o)
                0x000000000000a0bc                _SetSystemSpeed
 .text.EEPROM_BusyChecks
                0x000000000000a13e       0x24 ../../code/camcu_platform/config/../lib/81332B02\lib81332.a(eeprom_drv.o)
 .text.EEPROM_WriteWord64_blocking
                0x000000000000a162       0x2e ../../code/camcu_platform/config/../lib/81332B02\lib81332.a(eeprom_drv.o)
                0x000000000000a162                _EEPROM_WriteWord64_blocking
 .text.VERSION_getFwAppVersion
                0x000000000000a190        0xe ../../code/camcu_platform/config/../lib/81332B02\lib81332.a(fwversion.o)
                0x000000000000a190                _VERSION_getFwAppVersion
 .text.gpio_configureOutput
                0x000000000000a19e       0x84 ../../code/camcu_platform/config/../lib/81332B02\lib81332.a(lib_gpio.o)
                0x000000000000a19e                _gpio_configureOutput
 .text.atan2_helper
                0x000000000000a222       0x28 ../../code/camcu_platform/config/../lib/81332B02\libmath.a(atan.o)
 .text.atan2_lookup
                0x000000000000a24a       0x30 ../../code/camcu_platform/config/../lib/81332B02\libmath.a(atan.o)
 .text.atan2I16
                0x000000000000a27a       0x32 ../../code/camcu_platform/config/../lib/81332B02\libmath.a(atan.o)
                0x000000000000a27a                _atan2I16
 .text.ldt_Tick
                0x000000000000a2ac       0x6c ../../code/camcu_platform/config/../lib/81332B02\libmlx_lin_api.a(mls_diag_transfer.o)
                0x000000000000a2ac                _ldt_Tick
 .text.ml_GetProtectedID
                0x000000000000a318        0x8 ../../code/camcu_platform/config/../lib/81332B02\libmlx_lin_api.a(mls_handler.o)
                0x000000000000a318                _ml_GetProtectedID
 .text.ml_SetFixedBaudRate
                0x000000000000a320       0x56 ../../code/camcu_platform/config/../lib/81332B02\libmlx_lin_api.a(mls_init.o)
                0x000000000000a320                _ml_SetFixedBaudRate
 .text.ml_Init  0x000000000000a376       0x62 ../../code/camcu_platform/config/../lib/81332B02\libmlx_lin_api.a(mls_init.o)
                0x000000000000a376                _ml_Init
                0x000000000000a3d8                . = ALIGN (0x2)
                0x000000000000a3d8                _etext = .

.flash_fill     0x000000000000a3d8     0x340c
                0x000000000000a3d8                . = ALIGN (0x2)
 FILL mask 0xff07
                0x000000000000d7e2                . = ALIGN (((ABSOLUTE (ORIGIN (flash)) + 0x7da4) - 0x2))
 *fill*         0x000000000000a3d8     0x340a ff07
                0x000000000000d7e2        0x2 SHORT 0x7ff

.fw_product_id  0x000000000000d7e4        0x8
                0x000000000000d7e4                __fw_product_id_start = .
 *(.fw_product_id)
 .fw_product_id
                0x000000000000d7e4        0x8 obj/app_descriptor.o

.fw_app_version
                0x000000000000d7ec        0x4
                0x000000000000d7ec                __fw_app_version_start = .
 *(.fw_app_version)
 .fw_app_version
                0x000000000000d7ec        0x4 obj/app_descriptor.o

.fw_pltf_version
                0x000000000000d7f0        0x4
                0x000000000000d7f0                __fw_pltf_version_start = .
 *(.fw_pltf_version)
 .fw_pltf_version
                0x000000000000d7f0        0x4 ../../code/camcu_platform/config/../lib/81332B02\lib81332.a(fwversion.o)
                0x000000000000d7f0                _PLTF_VERSION_Info

.fw_prot_key    0x000000000000d7f4        0x8
                0x000000000000d7f4                __fw_prot_key_start = .
 *(.fw_prot_key)
 .fw_prot_key   0x000000000000d7f4        0x8 obj/app_descriptor.o

.flash_crc      0x000000000000d7fc        0x4
 *(.FL_SIGN)
                0x000000000000d7fc        0x4 LONG 0x99a29b FL_SIGN

.ep             0x0000000000000840        0x0
                0x0000000000000840                . = ALIGN (0x2)
                0x0000000000000840                __bss_ep_start = .
 *(.ep)
                0x0000000000000840                . = ALIGN (0x2)
                0x0000000000000840                __bss_ep_end = .

.ep.data        0x0000000000000840        0x0
                0x0000000000000840                . = ALIGN (0x2)
                0x0000000000000840                __data_ep_start = .
 *(.ep.data)
                0x0000000000000840                . = ALIGN (0x2)
                0x0000000000000840                __data_ep_end = .

.eeprom_patch
 *(.eeprom_patch)

.eeprom_cal
 *(.eeprom_cal)

.eeprom_cs
 *(.eeprom_cs)

.eeprom_reg
 *(.eeprom_reg)
                0x0000000000000001                ASSERT ((__stack_end > (_fw_stack + __min_stack_size)), Error: Not enough room left for stack)
                0x0000000000000002                _RST_CTRL = 0x2
                0x0000000000000006                _FUNC_TEST = 0x6
                0x000000000000000a                _MUPET = 0xa
                0x000000000000000e                _AWD = 0xe
                0x0000000000000010                _ROM_SHELL = 0x10
                0x0000000000000014                _ROM_BIST = 0x14
                0x000000000000002a                _RAM_SHELL = 0x2a
                0x000000000000002c                _IWD = 0x2c
                0x0000000000000030                _STIMER = 0x30
                0x0000000000000034                _PORT_ADC_CTRL = 0x34
                0x0000000000000036                _PORT_TEST_ADC = 0x36
                0x0000000000000038                _MLX16 = 0x38
                0x0000000000000100                _VERSION = 0x100
                0x0000000000000104                _RAM_BIST = 0x104
                0x0000000000000118                _CTIMER0 = 0x118
                0x0000000000000120                _CTIMER1 = 0x120
                0x0000000000000128                _SPI = 0x128
                0x0000000000000134                _PWM_MASTER1 = 0x134
                0x000000000000013e                _PWM_SLAVE1 = 0x13e
                0x0000000000000148                _PWM_SLAVE2 = 0x148
                0x0000000000000152                _PWM_SLAVE3 = 0x152
                0x000000000000015c                _PWM_MASTER2 = 0x15c
                0x0000000000000166                _ADC_SAR = 0x166
                0x0000000000000176                _EEPROM_FLASH = 0x176
                0x00000000000001ac                _COLIN = 0x1ac
                0x00000000000001c6                _PORT_LIN_XKEY = 0x1c6
                0x00000000000001c8                _TRIM_BG_BIAS = 0x1c8
                0x00000000000001ca                _TRIM_VDD = 0x1ca
                0x00000000000001cc                _TRIM_RCO32M = 0x1cc
                0x00000000000001ce                _TRIM_RCO1M = 0x1ce
                0x00000000000001d0                _PORT_SSCM_CONF = 0x1d0
                0x00000000000001d2                _PORT_STEP_CONF = 0x1d2
                0x00000000000001d4                _PORT_SUPP_TEST = 0x1d4
                0x00000000000001d6                _PORT_SUPP2_TEST = 0x1d6
                0x00000000000001d8                _PORT_LIN_TEST = 0x1d8
                0x00000000000001da                _PORT_SPARE_TEST = 0x1da
                0x00000000000001dc                _PORT_ADC_TRIM_TEST = 0x1dc
                0x00000000000001de                _PORT_IO_IN = 0x1de
                0x00000000000001e0                _PORT_SUPP_IN = 0x1e0
                0x00000000000001e2                _PORT_MISC_IN = 0x1e2
                0x00000000000001e4                _PORT_SUPP_CFG = 0x1e4
                0x00000000000001e6                _PORT_IO_OUT_SOFT = 0x1e6
                0x00000000000001e8                _PORT_IO_OUT_EN = 0x1e8
                0x00000000000001ea                _PORT_IO_CFG0 = 0x1ea
                0x00000000000001ec                _PORT_LIN_XTX_CFG = 0x1ec
                0x00000000000001ee                _PORT_TIMER_CFG = 0x1ee
                0x00000000000001f0                _PORT_COMM_CFG = 0x1f0
                0x00000000000001f2                _PORT_MISC_OUT = 0x1f2
                0x00000000000001f4                _PORT_MISC2_OUT = 0x1f4
                0x00000000000001f6                _PORT_STOPMD_CTRL = 0x1f6
                0x00000000000001f8                _PORT_STOPMD_CFG = 0x1f8
                0x00000000000001fa                _PORT_DIS_GTSM = 0x1fa
                0x00000000000001fc                _PORT_LIN_XCFG = 0x1fc
                0x00000000000001fe                _PORT_LIN_XCFG_VALID = 0x1fe
                0x0000000000000200                _PORT_CLOCK_CTRL = 0x200
                0x0000000000000202                _PORT_LINAA1 = 0x202
                0x0000000000000204                _PORT_LINAA2 = 0x204
                0x0000000000000206                _TRIM_MISC = 0x206
                0x0000000000000208                _TRIM1_DRV = 0x208
                0x000000000000020a                _TRIM2_DRV = 0x20a
                0x000000000000020c                _TRIM3_DRV = 0x20c
                0x000000000000020e                _PORT_DRV_OUT = 0x20e
                0x0000000000000210                _PORT_DRV1_TEST = 0x210
                0x0000000000000212                _PORT_DRV2_TEST = 0x212
                0x0000000000000214                _PORT_DRV3_TEST = 0x214
                0x0000000000000216                _PORT_DRV_CTRL = 0x216
                0x0000000000000218                _PORT_DRV1_PROT = 0x218
                0x000000000000021a                _PORT_DRV2_PROT = 0x21a
                0x000000000000021c                _PORT_DRV_IN = 0x21c
                0x000000000000021e                _PORT_DIAG_IN = 0x21e
                0x0000000000000220                _PORT_I2C_CONF = 0x220
                0x0000000000000222                _PORT_I2C_DMA_OFFSET = 0x222
                0x0000000000000224                _PORT_I2C_READ_OFFSET = 0x224
                0x0000000000000226                _PORT_MISC_TEST = 0x226
                0x0000000000000228                _PORT_PPM_RBASE_ADD = 0x228
                0x000000000000022a                _PORT_PPM_TBASE_ADD = 0x22a
                0x000000000000022c                _PORT_PPM_TIMEOUT = 0x22c
                0x000000000000022e                _PORT_PPM_CTRL = 0x22e
                0x0000000000000230                _PORT_PPM_BUF_DATA = 0x230
                0x0000000000000232                _PPM_TIMER = 0x232
                0x0000000000000234                _PORT_PPM_FLAGS = 0x234
                0x0000000000000236                _PORT_SSCM2_CONF = 0x236
                0x0000000000000238                _PORT_STEP2_CONF = 0x238
                0x000000000000023a                _PORT_IO_ENABLE = 0x23a
                0x000000000000023c                _PORT_IO_CFG1 = 0x23c
                0x000000000000023e                _PORT_TIMER_CFG1 = 0x23e
                0x0000000000000240                _PORT_IO_TRIG_EDGE_CFG = 0x240
                0x0000000000000242                _PORT_COMM_CFG1 = 0x242
                0x0000000000000244                _PORT_UDMA_RDA = 0x244
                0x0000000000000246                _PORT_UDMA_RDB = 0x246
                0x0000000000000248                _PORT_UDMA_TX = 0x248
                0x000000000000024a                _PORT_UDMA_SIZE = 0x24a
                0x000000000000024c                _PORT_UDMA_CTRL = 0x24c
                0x000000000000024e                _UART = 0x24e
                0x000000000000025a                _PORT_UDMA_STATUS = 0x25a
                0x000000000000025c                _PORT_TX_TIMEOUT = 0x25c
                0x0000000000005048                OPCODE_CALL_FP_ENTER_SYSTEM_MODE_KEEP_PRIO = 0x5048
                0x0000000000005049                OPCODE_CALL_FP_ENTER_SYSTEM_MODE_PRIO_0 = 0x5049
                0x0000000000002650                _EEPROM_WriteWord64_non_blocking = 0x2650
                0x00000000000028c4                _FLASH_Write = 0x28c4
                0x00000000000029ee                _MLX16_RESET = 0x29ee
                0x0000000000002a06                _MLX16_RESET_SIGNED = 0x2a06
                0x0000000000002a10                _ResetRstatFlag = 0x2a10
                0x00000000000029dc                _SetRstatFlag = 0x29dc
                0x0000000000002988                _WaitForEEandFL = 0x2988
                0x0000000000003646                __fatal = 0x3646
                0x0000000000000012                __lin_ram_size = 0x12
                0x00000000000017fc                _bistError = 0x17fc
                0x00000000000017fe                _bistErrorInfo = 0x17fe
                0x00000000000017f8                _bistHeader = 0x17f8
                0x00000000000017fa                _bistResetInfo = 0x17fa
                0x0000000000002486                _bist_PrepareFlashBist = 0x2486
                0x00000000000024b6                _bist_RunFlashBist = 0x24b6
                0x00000000000017ea                _bl_table = 0x17ea
                0x0000000000002250                _delay_cycles = 0x2250
                0x00000000000017f6                _flash_state = 0x17f6
                0x000000000000240e                _ldt_mem_Copy = 0x240e
                0x0000000000002426                _ldt_mem_Set = 0x2426
                0x0000000000002456                _ml_CleanDrvInt = 0x2456
                0x000000000000244e                _ml_GetSLVCMD = 0x244e
                0x000000000000245e                _ml_ResetDrv = 0x245e
                0x0000000000002448                _ml_SetSLVCMD = 0x2448
                0x0000000000002442                _ml_SetSLVIT = 0x2442
                0x000000000000247a                _ml_StartDrv = 0x247a
                0x0000000000002a22                _nvram_CalcCRC = 0x2a22
                0x000000000000360c                _ppm_ll_Deinit = 0x360c
                0x00000000000035da                _ppm_ll_Start = 0x35da
                0x000000000000362e                _ppm_ll_StartTx = 0x362e
                0x00000000000035f6                _ppm_ll_Stop = 0x35f6
                0x000000000000363c                _ppm_ll_TimeoutState = 0x363c
                0x00000000000017da                _rf_empty_func = 0x17da
                0x0000000000000e42                _LinCmnd = 0xe42
                0x0000000000000e48                _LinFrame = 0xe48
                0x0000000000000e44                _LinMess = 0xe44
                0x0000000000000e46                _LinMess2 = 0xe46
                0x0000000000000e47                _LinProtectedID = 0xe47
                0x0000000000000e40                _LinResp = 0xe40
                0x0000000000001000                _ldtMe = 0x1000
                0x0000000000003aee                _ldt_ErrorDetected = 0x3aee
                0x0000000000003f60                _ldt_Init = 0x3f60
                0x000000000000400a                _ldt_SubscribeMultipleHandler = 0x400a
                0x00000000000022e4                _ml_AssignFrameToMessageID = 0x22e4
                0x00000000000022fa                _ml_AutoAddressingConfig = 0x22fa
                0x00000000000023dc                _ml_Connect = 0x23dc
                0x000000000000233c                _ml_ContFrame = 0x233c
                0x0000000000001004                _ml_Data = 0x1004
                0x00000000000022ce                _ml_DataReady = 0x22ce
                0x00000000000022ea                _ml_DisableMessage = 0x22ea
                0x0000000000002334                _ml_DiscardFrame = 0x2334
                0x00000000000023e0                _ml_Disconnect = 0x23e0
                0x00000000000022ee                _ml_EnableMessage = 0x22ee
                0x0000000000004042                _ml_GetLINFrameDataBuffer = 0x4042
                0x0000000000004048                _ml_GetLinEventData = 0x4048
                0x00000000000023a6                _ml_GetState = 0x23a6
                0x00000000000023ec                _ml_GotoSleep = 0x23ec
                0x0000000000004172                _ml_InitLinEventTable = 0x4172
                0x0000000000004176                _ml_InitLinModule = 0x4176
                0x00000000000041a0                _ml_LinInterruptHandler = 0x41a0
                0x0000000000002378                _ml_LinModuleVersion = 0x2378
                0x0000000000004084                _ml_ProcessLinEvent = 0x4084
                0x00000000000022c0                _ml_ReleaseBuffer = 0x22c0
                0x00000000000022c4                _ml_ReleaseBufferProg = 0x22c4
                0x00000000000023d4                _ml_SetAutoBaudRateMode = 0x23d4
                0x00000000000023c8                _ml_SetBaudRate = 0x23c8
                0x000000000000403c                _ml_SetDFFlag = 0x403c
                0x000000000000402e                _ml_SetLinStatus = 0x402e
                0x000000000000231a                _ml_SetOptions = 0x231a
                0x000000000000230a                _ml_SetSleepTo = 0x230a
                0x0000000000002302                _ml_SetSlewRate = 0x2302
                0x00000000000023e4                _ml_SwitchToFast = 0x23e4
                0x00000000000023e8                _ml_WakeUp = 0x23e8
                0x0000000000001002                _plinEventTable = 0x1002
OUTPUT(81332-xLW-BMx-202_Woory_4Way_Valve.elf elf32-mlx16-fx)

.debug_frame    0x0000000000000000     0x2134
 .debug_frame   0x0000000000000000       0x54 obj/AppLin.o
 .debug_frame   0x0000000000000054      0x150 obj/AppValve.o
 .debug_frame   0x00000000000001a4      0x190 obj/adc.o
 .debug_frame   0x0000000000000334      0x1f0 obj/app_sensor.o
 .debug_frame   0x0000000000000524       0x44 obj/conv_clock_error.o
 .debug_frame   0x0000000000000568       0x4c obj/conv_high_voltage.o
 .debug_frame   0x00000000000005b4       0x4c obj/conv_low_voltage.o
 .debug_frame   0x0000000000000600       0x8c obj/conv_motor_voltage.o
 .debug_frame   0x000000000000068c       0x4c obj/conv_shunt_current.o
 .debug_frame   0x00000000000006d8      0x184 obj/dcm_driver.o
 .debug_frame   0x000000000000085c      0x174 obj/diagnostic.o
 .debug_frame   0x00000000000009d0      0x15c obj/eeprom_app.o
 .debug_frame   0x0000000000000b2c       0x44 obj/filter_avg.o
 .debug_frame   0x0000000000000b70       0x5c obj/fw_ints.o
 .debug_frame   0x0000000000000bcc       0xc4 obj/fw_mls_api.o
 .debug_frame   0x0000000000000c90       0x74 obj/fw_mls_device_id.o
 .debug_frame   0x0000000000000d04       0x54 obj/fw_premain.o
 .debug_frame   0x0000000000000d58       0x24 obj/fw_ram_section_init.o
 .debug_frame   0x0000000000000d7c       0x24 obj/fw_startup.o
 .debug_frame   0x0000000000000da0      0x150 obj/lin22.o
 .debug_frame   0x0000000000000ef0       0x70 obj/lin_api_config.o
 .debug_frame   0x0000000000000f60      0x108 obj/lin_cfg_sl.o
 .debug_frame   0x0000000000001068       0x54 obj/lin_core.o
 .debug_frame   0x00000000000010bc       0xf4 obj/lin_core_sl.o
 .debug_frame   0x00000000000011b0       0x78 obj/lin_signals.o
 .debug_frame   0x0000000000001228       0xa0 obj/main.o
 .debug_frame   0x00000000000012c8       0xc0 obj/protection.o
 .debug_frame   0x0000000000001388      0x124 obj/pwm.o
 .debug_frame   0x00000000000014ac      0x148 obj/swtimer.o
 .debug_frame   0x00000000000015f4       0x34 obj/uart.o
 .debug_frame   0x0000000000001628      0x108 obj/uart_plot.o
 .debug_frame   0x0000000000001730      0x164 obj/unirom.o
 .debug_frame   0x0000000000001894       0x24 ../../code/camcu_platform/config/../lib/81332B02\lib81332.a(lib_calculate_temperature.o)
 .debug_frame   0x00000000000018b8       0x64 ../../code/camcu_platform/config/../lib/81332B02\lib81332.a(lib_clock.o)
 .debug_frame   0x000000000000191c      0x210 ../../code/camcu_platform/config/../lib/81332B02\lib81332.a(eeprom_drv.o)
 .debug_frame   0x0000000000001b2c       0x34 ../../code/camcu_platform/config/../lib/81332B02\lib81332.a(fwversion.o)
 .debug_frame   0x0000000000001b60       0x3c ../../code/camcu_platform/config/../lib/81332B02\lib81332.a(lib_gpio.o)
 .debug_frame   0x0000000000001b9c       0x64 ../../code/camcu_platform/config/../lib/81332B02\libmath.a(atan.o)
 .debug_frame   0x0000000000001c00      0x278 ../../code/camcu_platform/config/../lib/81332B02\libmlx_lin_api.a(mls_diag_transfer.o)
 .debug_frame   0x0000000000001e78       0x84 ../../code/camcu_platform/config/../lib/81332B02\libmlx_lin_api.a(mls_handler.o)
 .debug_frame   0x0000000000001efc      0x10c ../../code/camcu_platform/config/../lib/81332B02\libmlx_lin_api.a(mls_init.o)
 .debug_frame   0x0000000000002008       0x50 c:/program files/melexis/melexis ide/plugins/com.melexis.mlxide.compiler.3.1.115.15_1.0.0.202310200811/compiler/bin/../lib/gcc/mlx16/7.5.0/mlx16-fx\libgcc.a(_gt_sf.o)
 .debug_frame   0x0000000000002058       0x2c c:/program files/melexis/melexis ide/plugins/com.melexis.mlxide.compiler.3.1.115.15_1.0.0.202310200811/compiler/bin/../lib/gcc/mlx16/7.5.0/mlx16-fx\libgcc.a(_si_to_sf.o)
 .debug_frame   0x0000000000002084       0x2c c:/program files/melexis/melexis ide/plugins/com.melexis.mlxide.compiler.3.1.115.15_1.0.0.202310200811/compiler/bin/../lib/gcc/mlx16/7.5.0/mlx16-fx\libgcc.a(_clzsi2.o)
 .debug_frame   0x00000000000020b0       0x2c c:/program files/melexis/melexis ide/plugins/com.melexis.mlxide.compiler.3.1.115.15_1.0.0.202310200811/compiler/bin/../lib/gcc/mlx16/7.5.0/mlx16-fx\libgcc.a(_pack_sf.o)
 .debug_frame   0x00000000000020dc       0x2c c:/program files/melexis/melexis ide/plugins/com.melexis.mlxide.compiler.3.1.115.15_1.0.0.202310200811/compiler/bin/../lib/gcc/mlx16/7.5.0/mlx16-fx\libgcc.a(_unpack_sf.o)
 .debug_frame   0x0000000000002108       0x2c c:/program files/melexis/melexis ide/plugins/com.melexis.mlxide.compiler.3.1.115.15_1.0.0.202310200811/compiler/bin/../lib/gcc/mlx16/7.5.0/mlx16-fx\libgcc.a(_fpcmp_parts_sf.o)

.debug_info     0x0000000000000000    0x83597
 .debug_info    0x0000000000000000     0x33a9 obj/AppLin.o
 .debug_info    0x00000000000033a9     0x46ca obj/AppValve.o
 .debug_info    0x0000000000007a73     0x39c5 obj/adc.o
 .debug_info    0x000000000000b438      0x124 obj/app_descriptor.o
 .debug_info    0x000000000000b55c     0x8f26 obj/app_sensor.o
 .debug_info    0x0000000000014482      0x84e obj/conv_clock_error.o
 .debug_info    0x0000000000014cd0      0xa34 obj/conv_high_voltage.o
 .debug_info    0x0000000000015704      0xa34 obj/conv_low_voltage.o
 .debug_info    0x0000000000016138      0xcc5 obj/conv_motor_voltage.o
 .debug_info    0x0000000000016dfd      0x9d1 obj/conv_shunt_current.o
 .debug_info    0x00000000000177ce     0x8aad obj/dcm_driver.o
 .debug_info    0x000000000002027b     0x2fe6 obj/diagnostic.o
 .debug_info    0x0000000000023261     0x3447 obj/eeprom_app.o
 .debug_info    0x00000000000266a8      0x1db obj/filter_avg.o
 .debug_info    0x0000000000026883     0x25f1 obj/fw_ints.o
 .debug_info    0x0000000000028e74     0x2e9c obj/fw_mls_api.o
 .debug_info    0x000000000002bd10     0x3ae0 obj/fw_mls_device_id.o
 .debug_info    0x000000000002f7f0     0x3440 obj/fw_premain.o
 .debug_info    0x0000000000032c30      0x159 obj/fw_ram_section_init.o
 .debug_info    0x0000000000032d89     0x2722 obj/fw_startup.o
 .debug_info    0x00000000000354ab     0x4434 obj/lin22.o
 .debug_info    0x00000000000398df     0x32a1 obj/lin_api_config.o
 .debug_info    0x000000000003cb80     0x37e9 obj/lin_cfg_sl.o
 .debug_info    0x0000000000040369     0x31d8 obj/lin_core.o
 .debug_info    0x0000000000043541     0x3696 obj/lin_core_sl.o
 .debug_info    0x0000000000046bd7     0x38a6 obj/lin_signals.o
 .debug_info    0x000000000004a47d     0x9a9c obj/main.o
 .debug_info    0x0000000000053f19     0x27bc obj/protection.o
 .debug_info    0x00000000000566d5     0x344c obj/pwm.o
 .debug_info    0x0000000000059b21     0x2a77 obj/swtimer.o
 .debug_info    0x000000000005c598     0x7eb9 obj/uart.o
 .debug_info    0x0000000000064451     0x880c obj/uart_plot.o
 .debug_info    0x000000000006cc5d     0x30cb obj/unirom.o
 .debug_info    0x000000000006fd28      0x763 ../../code/camcu_platform/config/../lib/81332B02\lib81332.a(lib_calculate_temperature.o)
 .debug_info    0x000000000007048b     0x2d86 ../../code/camcu_platform/config/../lib/81332B02\lib81332.a(lib_clock.o)
 .debug_info    0x0000000000073211     0x325f ../../code/camcu_platform/config/../lib/81332B02\lib81332.a(eeprom_drv.o)
 .debug_info    0x0000000000076470      0x186 ../../code/camcu_platform/config/../lib/81332B02\lib81332.a(fwversion.o)
 .debug_info    0x00000000000765f6     0x270b ../../code/camcu_platform/config/../lib/81332B02\lib81332.a(lib_gpio.o)
 .debug_info    0x0000000000078d01      0x228 ../../code/camcu_platform/config/../lib/81332B02\libmath.a(atan.o)
 .debug_info    0x0000000000078f29     0x3351 ../../code/camcu_platform/config/../lib/81332B02\libmlx_lin_api.a(mls_diag_transfer.o)
 .debug_info    0x000000000007c27a     0x2eb5 ../../code/camcu_platform/config/../lib/81332B02\libmlx_lin_api.a(mls_handler.o)
 .debug_info    0x000000000007f12f     0x3097 ../../code/camcu_platform/config/../lib/81332B02\libmlx_lin_api.a(mls_init.o)
 .debug_info    0x00000000000821c6      0x342 c:/program files/melexis/melexis ide/plugins/com.melexis.mlxide.compiler.3.1.115.15_1.0.0.202310200811/compiler/bin/../lib/gcc/mlx16/7.5.0/mlx16-fx\libgcc.a(_gt_sf.o)
 .debug_info    0x0000000000082508      0x2e8 c:/program files/melexis/melexis ide/plugins/com.melexis.mlxide.compiler.3.1.115.15_1.0.0.202310200811/compiler/bin/../lib/gcc/mlx16/7.5.0/mlx16-fx\libgcc.a(_si_to_sf.o)
 .debug_info    0x00000000000827f0      0x267 c:/program files/melexis/melexis ide/plugins/com.melexis.mlxide.compiler.3.1.115.15_1.0.0.202310200811/compiler/bin/../lib/gcc/mlx16/7.5.0/mlx16-fx\libgcc.a(_clzsi2.o)
 .debug_info    0x0000000000082a57      0x38f c:/program files/melexis/melexis ide/plugins/com.melexis.mlxide.compiler.3.1.115.15_1.0.0.202310200811/compiler/bin/../lib/gcc/mlx16/7.5.0/mlx16-fx\libgcc.a(_pack_sf.o)
 .debug_info    0x0000000000082de6      0x314 c:/program files/melexis/melexis ide/plugins/com.melexis.mlxide.compiler.3.1.115.15_1.0.0.202310200811/compiler/bin/../lib/gcc/mlx16/7.5.0/mlx16-fx\libgcc.a(_unpack_sf.o)
 .debug_info    0x00000000000830fa      0x2a5 c:/program files/melexis/melexis ide/plugins/com.melexis.mlxide.compiler.3.1.115.15_1.0.0.202310200811/compiler/bin/../lib/gcc/mlx16/7.5.0/mlx16-fx\libgcc.a(_fpcmp_parts_sf.o)
 .debug_info    0x000000000008339f      0x1f8 c:/program files/melexis/melexis ide/plugins/com.melexis.mlxide.compiler.3.1.115.15_1.0.0.202310200811/compiler/bin/../lib/gcc/mlx16/7.5.0/mlx16-fx\libgcc.a(_clz.o)

.debug_abbrev   0x0000000000000000     0x65ad
 .debug_abbrev  0x0000000000000000      0x25d obj/AppLin.o
 .debug_abbrev  0x000000000000025d      0x3cd obj/AppValve.o
 .debug_abbrev  0x000000000000062a      0x355 obj/adc.o
 .debug_abbrev  0x000000000000097f       0x61 obj/app_descriptor.o
 .debug_abbrev  0x00000000000009e0      0x44a obj/app_sensor.o
 .debug_abbrev  0x0000000000000e2a      0x13a obj/conv_clock_error.o
 .debug_abbrev  0x0000000000000f64      0x18a obj/conv_high_voltage.o
 .debug_abbrev  0x00000000000010ee      0x18a obj/conv_low_voltage.o
 .debug_abbrev  0x0000000000001278      0x1d5 obj/conv_motor_voltage.o
 .debug_abbrev  0x000000000000144d      0x199 obj/conv_shunt_current.o
 .debug_abbrev  0x00000000000015e6      0x351 obj/dcm_driver.o
 .debug_abbrev  0x0000000000001937      0x1d6 obj/diagnostic.o
 .debug_abbrev  0x0000000000001b0d      0x268 obj/eeprom_app.o
 .debug_abbrev  0x0000000000001d75      0x100 obj/filter_avg.o
 .debug_abbrev  0x0000000000001e75      0x101 obj/fw_ints.o
 .debug_abbrev  0x0000000000001f76      0x1e5 obj/fw_mls_api.o
 .debug_abbrev  0x000000000000215b      0x2b4 obj/fw_mls_device_id.o
 .debug_abbrev  0x000000000000240f      0x1e2 obj/fw_premain.o
 .debug_abbrev  0x00000000000025f1       0x75 obj/fw_ram_section_init.o
 .debug_abbrev  0x0000000000002666      0x11c obj/fw_startup.o
 .debug_abbrev  0x0000000000002782      0x426 obj/lin22.o
 .debug_abbrev  0x0000000000002ba8      0x268 obj/lin_api_config.o
 .debug_abbrev  0x0000000000002e10      0x3a6 obj/lin_cfg_sl.o
 .debug_abbrev  0x00000000000031b6      0x275 obj/lin_core.o
 .debug_abbrev  0x000000000000342b      0x348 obj/lin_core_sl.o
 .debug_abbrev  0x0000000000003773      0x2a3 obj/lin_signals.o
 .debug_abbrev  0x0000000000003a16      0x397 obj/main.o
 .debug_abbrev  0x0000000000003dad       0xeb obj/protection.o
 .debug_abbrev  0x0000000000003e98      0x283 obj/pwm.o
 .debug_abbrev  0x000000000000411b      0x245 obj/swtimer.o
 .debug_abbrev  0x0000000000004360      0x1b9 obj/uart.o
 .debug_abbrev  0x0000000000004519      0x403 obj/uart_plot.o
 .debug_abbrev  0x000000000000491c      0x20f obj/unirom.o
 .debug_abbrev  0x0000000000004b2b      0x122 ../../code/camcu_platform/config/../lib/81332B02\lib81332.a(lib_calculate_temperature.o)
 .debug_abbrev  0x0000000000004c4d      0x193 ../../code/camcu_platform/config/../lib/81332B02\lib81332.a(lib_clock.o)
 .debug_abbrev  0x0000000000004de0      0x26e ../../code/camcu_platform/config/../lib/81332B02\lib81332.a(eeprom_drv.o)
 .debug_abbrev  0x000000000000504e       0xe7 ../../code/camcu_platform/config/../lib/81332B02\lib81332.a(fwversion.o)
 .debug_abbrev  0x0000000000005135       0xef ../../code/camcu_platform/config/../lib/81332B02\lib81332.a(lib_gpio.o)
 .debug_abbrev  0x0000000000005224      0x128 ../../code/camcu_platform/config/../lib/81332B02\libmath.a(atan.o)
 .debug_abbrev  0x000000000000534c      0x3bb ../../code/camcu_platform/config/../lib/81332B02\libmlx_lin_api.a(mls_diag_transfer.o)
 .debug_abbrev  0x0000000000005707      0x29d ../../code/camcu_platform/config/../lib/81332B02\libmlx_lin_api.a(mls_handler.o)
 .debug_abbrev  0x00000000000059a4      0x2df ../../code/camcu_platform/config/../lib/81332B02\libmlx_lin_api.a(mls_init.o)
 .debug_abbrev  0x0000000000005c83      0x17e c:/program files/melexis/melexis ide/plugins/com.melexis.mlxide.compiler.3.1.115.15_1.0.0.202310200811/compiler/bin/../lib/gcc/mlx16/7.5.0/mlx16-fx\libgcc.a(_gt_sf.o)
 .debug_abbrev  0x0000000000005e01      0x17e c:/program files/melexis/melexis ide/plugins/com.melexis.mlxide.compiler.3.1.115.15_1.0.0.202310200811/compiler/bin/../lib/gcc/mlx16/7.5.0/mlx16-fx\libgcc.a(_si_to_sf.o)
 .debug_abbrev  0x0000000000005f7f      0x104 c:/program files/melexis/melexis ide/plugins/com.melexis.mlxide.compiler.3.1.115.15_1.0.0.202310200811/compiler/bin/../lib/gcc/mlx16/7.5.0/mlx16-fx\libgcc.a(_clzsi2.o)
 .debug_abbrev  0x0000000000006083      0x1b6 c:/program files/melexis/melexis ide/plugins/com.melexis.mlxide.compiler.3.1.115.15_1.0.0.202310200811/compiler/bin/../lib/gcc/mlx16/7.5.0/mlx16-fx\libgcc.a(_pack_sf.o)
 .debug_abbrev  0x0000000000006239      0x178 c:/program files/melexis/melexis ide/plugins/com.melexis.mlxide.compiler.3.1.115.15_1.0.0.202310200811/compiler/bin/../lib/gcc/mlx16/7.5.0/mlx16-fx\libgcc.a(_unpack_sf.o)
 .debug_abbrev  0x00000000000063b1      0x149 c:/program files/melexis/melexis ide/plugins/com.melexis.mlxide.compiler.3.1.115.15_1.0.0.202310200811/compiler/bin/../lib/gcc/mlx16/7.5.0/mlx16-fx\libgcc.a(_fpcmp_parts_sf.o)
 .debug_abbrev  0x00000000000064fa       0xb3 c:/program files/melexis/melexis ide/plugins/com.melexis.mlxide.compiler.3.1.115.15_1.0.0.202310200811/compiler/bin/../lib/gcc/mlx16/7.5.0/mlx16-fx\libgcc.a(_clz.o)

.debug_loc      0x0000000000000000     0x5340
 .debug_loc     0x0000000000000000       0x3c obj/AppLin.o
 .debug_loc     0x000000000000003c      0x5d5 obj/AppValve.o
 .debug_loc     0x0000000000000611      0x2b2 obj/adc.o
 .debug_loc     0x00000000000008c3      0x428 obj/app_sensor.o
 .debug_loc     0x0000000000000ceb       0x88 obj/conv_clock_error.o
 .debug_loc     0x0000000000000d73      0x132 obj/conv_high_voltage.o
 .debug_loc     0x0000000000000ea5      0x132 obj/conv_low_voltage.o
 .debug_loc     0x0000000000000fd7      0x2d9 obj/conv_motor_voltage.o
 .debug_loc     0x00000000000012b0      0x132 obj/conv_shunt_current.o
 .debug_loc     0x00000000000013e2      0x254 obj/dcm_driver.o
 .debug_loc     0x0000000000001636      0x131 obj/diagnostic.o
 .debug_loc     0x0000000000001767      0x2fc obj/eeprom_app.o
 .debug_loc     0x0000000000001a63      0x110 obj/filter_avg.o
 .debug_loc     0x0000000000001b73       0x57 obj/fw_ints.o
 .debug_loc     0x0000000000001bca      0x12d obj/fw_mls_api.o
 .debug_loc     0x0000000000001cf7      0x128 obj/fw_mls_device_id.o
 .debug_loc     0x0000000000001e1f       0x58 obj/fw_premain.o
 .debug_loc     0x0000000000001e77       0x13 obj/fw_ram_section_init.o
 .debug_loc     0x0000000000001e8a      0x262 obj/lin22.o
 .debug_loc     0x00000000000020ec       0x82 obj/lin_api_config.o
 .debug_loc     0x000000000000216e      0x36e obj/lin_cfg_sl.o
 .debug_loc     0x00000000000024dc       0x91 obj/lin_core.o
 .debug_loc     0x000000000000256d      0x1d5 obj/lin_core_sl.o
 .debug_loc     0x0000000000002742      0x3f3 obj/lin_signals.o
 .debug_loc     0x0000000000002b35       0x7b obj/main.o
 .debug_loc     0x0000000000002bb0       0x5c obj/protection.o
 .debug_loc     0x0000000000002c0c      0x1b0 obj/pwm.o
 .debug_loc     0x0000000000002dbc      0x2a8 obj/swtimer.o
 .debug_loc     0x0000000000003064      0x1f9 obj/uart_plot.o
 .debug_loc     0x000000000000325d      0x404 obj/unirom.o
 .debug_loc     0x0000000000003661       0x7d ../../code/camcu_platform/config/../lib/81332B02\lib81332.a(lib_calculate_temperature.o)
 .debug_loc     0x00000000000036de      0x226 ../../code/camcu_platform/config/../lib/81332B02\lib81332.a(lib_clock.o)
 .debug_loc     0x0000000000003904      0x8a7 ../../code/camcu_platform/config/../lib/81332B02\lib81332.a(eeprom_drv.o)
 .debug_loc     0x00000000000041ab       0x4c ../../code/camcu_platform/config/../lib/81332B02\lib81332.a(fwversion.o)
 .debug_loc     0x00000000000041f7       0xce ../../code/camcu_platform/config/../lib/81332B02\lib81332.a(lib_gpio.o)
 .debug_loc     0x00000000000042c5      0x142 ../../code/camcu_platform/config/../lib/81332B02\libmath.a(atan.o)
 .debug_loc     0x0000000000004407      0x589 ../../code/camcu_platform/config/../lib/81332B02\libmlx_lin_api.a(mls_diag_transfer.o)
 .debug_loc     0x0000000000004990       0xd7 ../../code/camcu_platform/config/../lib/81332B02\libmlx_lin_api.a(mls_handler.o)
 .debug_loc     0x0000000000004a67      0x399 ../../code/camcu_platform/config/../lib/81332B02\libmlx_lin_api.a(mls_init.o)
 .debug_loc     0x0000000000004e00       0x8c c:/program files/melexis/melexis ide/plugins/com.melexis.mlxide.compiler.3.1.115.15_1.0.0.202310200811/compiler/bin/../lib/gcc/mlx16/7.5.0/mlx16-fx\libgcc.a(_gt_sf.o)
 .debug_loc     0x0000000000004e8c       0xbb c:/program files/melexis/melexis ide/plugins/com.melexis.mlxide.compiler.3.1.115.15_1.0.0.202310200811/compiler/bin/../lib/gcc/mlx16/7.5.0/mlx16-fx\libgcc.a(_si_to_sf.o)
 .debug_loc     0x0000000000004f47      0x13c c:/program files/melexis/melexis ide/plugins/com.melexis.mlxide.compiler.3.1.115.15_1.0.0.202310200811/compiler/bin/../lib/gcc/mlx16/7.5.0/mlx16-fx\libgcc.a(_clzsi2.o)
 .debug_loc     0x0000000000005083      0x1a8 c:/program files/melexis/melexis ide/plugins/com.melexis.mlxide.compiler.3.1.115.15_1.0.0.202310200811/compiler/bin/../lib/gcc/mlx16/7.5.0/mlx16-fx\libgcc.a(_pack_sf.o)
 .debug_loc     0x000000000000522b       0xcb c:/program files/melexis/melexis ide/plugins/com.melexis.mlxide.compiler.3.1.115.15_1.0.0.202310200811/compiler/bin/../lib/gcc/mlx16/7.5.0/mlx16-fx\libgcc.a(_unpack_sf.o)
 .debug_loc     0x00000000000052f6       0x4a c:/program files/melexis/melexis ide/plugins/com.melexis.mlxide.compiler.3.1.115.15_1.0.0.202310200811/compiler/bin/../lib/gcc/mlx16/7.5.0/mlx16-fx\libgcc.a(_fpcmp_parts_sf.o)

.debug_aranges  0x0000000000000000      0xd88
 .debug_aranges
                0x0000000000000000       0x38 obj/AppLin.o
 .debug_aranges
                0x0000000000000038       0x88 obj/AppValve.o
 .debug_aranges
                0x00000000000000c0       0x88 obj/adc.o
 .debug_aranges
                0x0000000000000148       0x18 obj/app_descriptor.o
 .debug_aranges
                0x0000000000000160       0xa0 obj/app_sensor.o
 .debug_aranges
                0x0000000000000200       0x30 obj/conv_clock_error.o
 .debug_aranges
                0x0000000000000230       0x30 obj/conv_high_voltage.o
 .debug_aranges
                0x0000000000000260       0x30 obj/conv_low_voltage.o
 .debug_aranges
                0x0000000000000290       0x48 obj/conv_motor_voltage.o
 .debug_aranges
                0x00000000000002d8       0x30 obj/conv_shunt_current.o
 .debug_aranges
                0x0000000000000308       0xb8 obj/dcm_driver.o
 .debug_aranges
                0x00000000000003c0       0x88 obj/diagnostic.o
 .debug_aranges
                0x0000000000000448       0x68 obj/eeprom_app.o
 .debug_aranges
                0x00000000000004b0       0x28 obj/filter_avg.o
 .debug_aranges