Archive member included because of file (symbol)

../../code/camcu_platform/config/../lib/81330B02\lib81330.a(lib_adc.o)
                              (--whole-archive)
../../code/camcu_platform/config/../lib/81330B02\lib81330.a(bist.o)
                              (--whole-archive)
../../code/camcu_platform/config/../lib/81330B02\lib81330.a(bl_main.o)
                              (--whole-archive)
../../code/camcu_platform/config/../lib/81330B02\lib81330.a(lib_calculate_shunt_current.o)
                              (--whole-archive)
../../code/camcu_platform/config/../lib/81330B02\lib81330.a(lib_calculate_temperature.o)
                              (--whole-archive)
../../code/camcu_platform/config/../lib/81330B02\lib81330.a(lib_calculate_voltage.o)
                              (--whole-archive)
../../code/camcu_platform/config/../lib/81330B02\lib81330.a(lib_clock.o)
                              (--whole-archive)
../../code/camcu_platform/config/../lib/81330B02\lib81330.a(ctimerlib.o)
                              (--whole-archive)
../../code/camcu_platform/config/../lib/81330B02\lib81330.a(eeprom_drv.o)
                              (--whole-archive)
../../code/camcu_platform/config/../lib/81330B02\lib81330.a(error_handler.o)
                              (--whole-archive)
../../code/camcu_platform/config/../lib/81330B02\lib81330.a(flash_drv.o)
                              (--whole-archive)
../../code/camcu_platform/config/../lib/81330B02\lib81330.a(fwversion.o)
                              (--whole-archive)
../../code/camcu_platform/config/../lib/81330B02\lib81330.a(lib_gpio.o)
                              (--whole-archive)
../../code/camcu_platform/config/../lib/81330B02\lib81330.a(bl_bist.o)
                              (--whole-archive)
../../code/camcu_platform/config/../lib/81330B02\lib81330.a(bl_tools.o)
                              (--whole-archive)
../../code/camcu_platform/config/../lib/81330B02\lib81330.a(delay.o)
                              (--whole-archive)
../../code/camcu_platform/config/../lib/81330B02\lib81330.a(flash_hw.o)
                              (--whole-archive)
../../code/camcu_platform/config/../lib/81330B02\lib81330.a(mem_checks.o)
                              (--whole-archive)
../../code/camcu_platform/config/../lib/81330B02\lib81330.a(memory.o)
                              (--whole-archive)
../../code/camcu_platform/config/../lib/81330B02\lib81330.a(mls_diag.o)
                              (--whole-archive)
../../code/camcu_platform/config/../lib/81330B02\lib81330.a(mls_init.o)
                              (--whole-archive)
../../code/camcu_platform/config/../lib/81330B02\lib81330.a(mls_support.o)
                              (--whole-archive)
../../code/camcu_platform/config/../lib/81330B02\lib81330.a(lib_motor_driver.o)
                              (--whole-archive)
../../code/camcu_platform/config/../lib/81330B02\lib81330.a(lib_motor_table.o)
                              (--whole-archive)
../../code/camcu_platform/config/../lib/81330B02\lib81330.a(lib_patch.o)
                              (--whole-archive)
../../code/camcu_platform/config/../lib/81330B02\lib81330.a(ppm_epm.o)
                              (--whole-archive)
../../code/camcu_platform/config/../lib/81330B02\lib81330.a(bl_ppm.o)
                              (--whole-archive)
../../code/camcu_platform/config/../lib/81330B02\lib81330.a(bl_ppm_write_funcs.o)
                              (--whole-archive)
../../code/camcu_platform/config/../lib/81330B02\lib81330.a(ppm_lib.o)
                              (--whole-archive)
../../code/camcu_platform/config/../lib/81330B02\lib81330.a(lib_pwm.o)
                              (--whole-archive)
../../code/camcu_platform/config/../lib/81330B02\lib81330.a(sent_hal.o)
                              (--whole-archive)
../../code/camcu_platform/config/../lib/81330B02\lib81330.a(timerlib.o)
                              (--whole-archive)
../../code/camcu_platform/config/../lib/81330B02\lib81330.a(sleep_mode.o)
                              (--whole-archive)
../../code/camcu_platform/config/../lib/81330B02\lib81330.a(lib_softio.o)
                              (--whole-archive)
../../code/camcu_platform/config/../lib/81330B02\lib81330.a(lib_spi.o)
                              (--whole-archive)
../../code/camcu_platform/config/../lib/81330B02\lib81330.a(fatal.o)
                              (--whole-archive)
../../code/camcu_platform/config/../lib/81330B02\lib81330.a(ram_bist_internal.o)
                              (--whole-archive)
../../code/camcu_platform/config/../lib/81330B02\lib81330.a(rom_ram_section_init.o)
                              (--whole-archive)
../../code/camcu_platform/config/../lib/81330B02\lib81330.a(start_checks.o)
                              (--whole-archive)
../../code/camcu_platform/config/../lib/81330B02\lib81330.a(startup.o)
[...]
Memory Configuration

Name             Origin             Length             Attributes
eeprom_patch     0x0000000000000800 0x0000000000000040 rw !x
eeprom           0x0000000000000840 0x0000000000000170 rw !x
eeprom_cal       0x00000000000009b0 0x0000000000000050 r !x
eeprom_cs        0x0000000000000a00 0x0000000000000040 r !x
eeprom_reg       0x0000000000000a40 0x0000000000000006 rw !x
special          0x0000000000000e40 0x0000000000000010 rw
mlx4_cst_tbl_ram 0x0000000000000e80 0x000000000000005e rw
mlx4_par_tbl_ram 0x0000000000000f00 0x0000000000000088 rw
mlx4_patch_area  0x0000000000000f88 0x0000000000000078 rw
ram              0x0000000000001000 0x00000000000007ea xrw
bl_ram           0x00000000000017ea 0x000000000000000e rw
bist_stat        0x00000000000017f8 0x0000000000000008 rw
rom              0x0000000000002000 0x0000000000001ffc xr
rom_crc          0x0000000000003ffc 0x0000000000000004 xr
flash_control    0x0000000000005668 0x0000000000000198 rw
fw_vectors       0x0000000000005800 0x00000000000001e0 xr
flash            0x00000000000059e0 0x0000000000007e04 xr
fw_product_id    0x000000000000d7e4 0x0000000000000008 r
fw_app_version   0x000000000000d7ec 0x0000000000000004 r
fw_pltf_version  0x000000000000d7f0 0x0000000000000004 r
fw_prot_key      0x000000000000d7f4 0x0000000000000008 r
flash_crc        0x000000000000d7fc 0x0000000000000004 r
*default*        0x0000000000000000 0xffffffffffffffff

Linker script and memory map

LOAD obj/fw_mls_module_cst_table.o
LOAD obj/fw_sys_services.o
LOAD obj/fw_vectors.o
LOAD obj/lin2b_romtbl.o
LOAD obj/adc.o
LOAD obj/app_descriptor.o
LOAD obj/conv_chip_temperature.o
LOAD obj/conv_clock_error.o
LOAD obj/conv_high_voltage.o
LOAD obj/conv_low_voltage.o
LOAD obj/conv_motor_voltage.o
LOAD obj/conv_shunt_current.o
LOAD obj/diagnostic.o
LOAD obj/eeprom_app.o
LOAD obj/filter_avg.o
LOAD obj/filter_lpf.o
LOAD obj/filter_pid.o
LOAD obj/fw_ints.o
LOAD obj/fw_mls_api.o
LOAD obj/fw_mls_device_id.o
LOAD obj/fw_premain.o
LOAD obj/fw_ram_section_init.o
LOAD obj/fw_startup.o
LOAD obj/lin22.o
LOAD obj/lin_api_config.o
LOAD obj/lin_cfg_sl.o
LOAD obj/lin_core.o
LOAD obj/lin_core_sl.o
LOAD obj/lin_signals.o
LOAD obj/lin_trans.o
LOAD obj/lin_trans_sl.o
LOAD obj/main.o
LOAD obj/protection.o
LOAD obj/pwm.o
LOAD obj/pwm_capture.o
LOAD obj/pwm_communication.o
LOAD obj/swtimer.o
LOAD obj/unirom.o
START GROUP
LOAD ../../code/camcu_platform/config/../lib/81330B02\lib81330.a
LOAD ../../code/camcu_platform/config/../lib/81330B02\libbuffers.a
LOAD ../../code/camcu_platform/config/../lib/81330B02\libmath.a
LOAD ../../code/camcu_platform/config/../lib/81330B02\libmlx_lin_api.a
END GROUP
                0x000000000068b069                FL_SIGN = 0x68b069
LOAD c:/program files/melexis/melexis ide/plugins/com.melexis.mlxide.compiler.3.1.115.11_1.0.0.202206141129/compiler/bin/../lib/gcc/mlx16/7.5.0/mlx16-fx\libgcc.a
LOAD c:/program files/melexis/melexis ide/plugins/com.melexis.mlxide.compiler.3.1.115.11_1.0.0.202206141129/compiler/bin/../lib/gcc/mlx16/7.5.0/../../../../mlx16/lib/mlx16-fx\libc.a
LOAD c:/program files/melexis/melexis ide/plugins/com.melexis.mlxide.compiler.3.1.115.11_1.0.0.202206141129/compiler/bin/../lib/gcc/mlx16/7.5.0/mlx16-fx\libgcc.a
START GROUP
LOAD c:/program files/melexis/melexis ide/plugins/com.melexis.mlxide.compiler.3.1.115.11_1.0.0.202206141129/compiler/bin/../lib/gcc/mlx16/7.5.0/../../../../mlx16/lib/mlx16-fx\libc.a
LOAD c:/program files/melexis/melexis ide/plugins/com.melexis.mlxide.compiler.3.1.115.11_1.0.0.202206141129/compiler/bin/../lib/gcc/mlx16/7.5.0/mlx16-fx\libgcc.a
END GROUP
                0x0000000000001000                __dp__ = 0x1000
                0x0000000000000000                __io__ = 0x0
                0x0000000000000800                __ep__ = 0x800
                0x0000000000002000                __fp0__ = 0x2000
                0x0000000000002100                __fp1__ = 0x2100
                0x0000000000002200                __fp2__ = 0x2200
                0x0000000000002300                __fp3__ = 0x2300
                0x0000000000002400                __fp4__ = 0x2400
                0x0000000000002500                __fp5__ = 0x2500
                0x0000000000002600                __fp6__ = 0x2600
                0x0000000000000800                __fp7__ = 0x800
                0x0000000000002000                __gdb_entry_point__ = 0x2000

.fw_vectors     0x0000000000005800      0x1e0
 *(.fw_vectors)
 .fw_vectors    0x0000000000005800      0x1e0 obj/fw_vectors.o
                0x0000000000005800                __fw_vectors

.fw_patches
 *(.fw_patches)

.fw_sys_services
                0x00000000000059e0        0x0
 *(.fw_sys_services)
                0x00000000000059e0                . = ALIGN (0x8)
 *(.aligned_sys_funcs)

.special
 *(.special)

.mlx4_cst_tables_ram
                0x0000000000000e80       0x5e load address 0x00000000000059e0
                0x0000000000000e80                __mlx4_cst_tables_ram_start = .
 *(.mlx4_cst_tables_ram)
 .mlx4_cst_tables_ram
                0x0000000000000e80       0x5e obj/fw_mls_module_cst_table.o
                0x0000000000000e80                _lin_module_const_table_start
                0x0000000000000ede                _lin_module_const_table_end
                0x0000000000000ede                __mlx4_cst_tables_ram_end = .
                0x000000000000005e                __mlx4_cst_tables_ram_size = (__mlx4_cst_tables_ram_end - __mlx4_cst_tables_ram_start)
                0x00000000000059e0                __mlx4_cst_tables_ram_load_start = LOADADDR (.mlx4_cst_tables_ram)

.mlx4_par_tables_ram
                0x0000000000000f00       0x88 load address 0x0000000000005a3e
                0x0000000000000f00                __mlx4_flash_table_start = .
 *(.mlx4_flash_table)
 .mlx4_flash_table
                0x0000000000000f00       0x88 obj/lin2b_romtbl.o
                0x0000000000000f00                _INDXtbl
                0x0000000000000f40                _PARAMtbl
                0x0000000000000f80                _AUTOADDtbl
                0x0000000000000f88                __mlx4_flash_table_end = .
                0x0000000000000088                __mlx4_flash_table_size = (__mlx4_flash_table_end - __mlx4_flash_table_start)
                0x0000000000005a3e                __mlx4_flash_table_load_start = LOADADDR (.mlx4_par_tables_ram)

.mlx4_patch_area
                0x0000000000000f88        0x0
                0x0000000000000f88                __mlx4_patch_area_start = .
 *(.mlx4_patch_area)
                0x0000000000000f88                __mlx4_patch_area_end = .

.lin_ram_flash  0x0000000000001000       0x12
                0x0000000000000001                ASSERT ((. == ORIGIN (ram)), The .lin_ram_flash shall be placed at the beginning of the RAM)
                0x0000000000001000                . = ALIGN (0x2)
                0x0000000000001000                __ram_start = .
                0x0000000000001000                __lin_ram_flash_start = .
                0x0000000000001012                . = (. + __lin_ram_size)
 *fill*         0x0000000000001000       0x12 
 *(.lin_ram)
                0x0000000000000001                ASSERT (((__lin_ram_flash_start + __lin_ram_size) == .), The .lin_ram shall be empty for the Flash FW)
                0x0000000000001012                . = ALIGN (0x2)
                0x0000000000001012                __lin_ram_flash_end = .
                0x0000000000000012                __lin_ram_flash_size = (__lin_ram_flash_end - __lin_ram_flash_start)

.dp.data        0x0000000000001012        0x0 load address 0x0000000000005ac6
                0x0000000000001012                . = ALIGN (0x2)
                0x0000000000001012                __data_dp_start = .
 *(.dp.data)
                0x0000000000001012                . = ALIGN (0x2)
                0x0000000000001012                __data_dp_end = .
                0x0000000000000000                __data_dp_size = (__data_dp_end - __data_dp_start)
                0x0000000000005ac6                __data_load_start = LOADADDR (.dp.data)

.dp             0x0000000000001012        0x0 load address 0x0000000000005ac6
                0x0000000000001012                . = ALIGN (0x2)
                0x0000000000001012                __bss_dp_start = .
 *(.dp)
                0x0000000000001012                . = ALIGN (0x2)
                0x0000000000001012                __bss_dp_end = .
                0x0000000000000000                __bss_dp_size = (__bss_dp_end - __bss_dp_start)

.dpnoinit       0x0000000000001012        0x0 load address 0x0000000000005ac6
                0x0000000000001012                . = ALIGN (0x2)
                0x0000000000001012                __dpnoinit_start = .
 *(.dp.noinit)
                0x0000000000001012                . = ALIGN (0x2)
                0x0000000000001012                __dpnoinit_end = .
                0x0000000000000000                __dpnoinit_size = (__dpnoinit_end - __dpnoinit_start)

.data           0x0000000000001012       0x48 load address 0x0000000000005ac6
                0x0000000000001012                . = ALIGN (0x2)
                0x0000000000001012                __data_start = .
 *(.ramfunc)
 *(.data)
 *(.data.*)
 .data.sBase    0x0000000000001012       0x12 obj/adc.o
                0x0000000000001012                _sBase
 .data.ml_ConfiguredNAD
                0x0000000000001024        0x1 obj/lin_signals.o
                0x0000000000001024                _ml_ConfiguredNAD
 *fill*         0x0000000000001025        0x1 
 .data.l_signals
                0x0000000000001026       0x26 obj/lin_signals.o
                0x0000000000001026                _l_signals
 .data.__i16ChipTemperature_7994
                0x000000000000104c        0x2 obj/main.o
 .data.Angle_Hysteresis
                0x000000000000104e        0x2 obj/main.o
                0x000000000000104e                _Angle_Hysteresis
 .data.u16_LIN_Target_Angle
                0x0000000000001050        0x2 obj/main.o
                0x0000000000001050                _u16_LIN_Target_Angle
 .data.g_u16VBGD
                0x0000000000001052        0x2 obj/main.o
                0x0000000000001052                _g_u16VBGD
 .data.g_u16SupplyVoltage
                0x0000000000001054        0x2 obj/main.o
                0x0000000000001054                _g_u16SupplyVoltage
 .data.g_i16ChipTemperature
                0x0000000000001056        0x2 obj/main.o
                0x0000000000001056                _g_i16ChipTemperature
 .data.g_u16MotorSupplyVoltage
                0x0000000000001058        0x2 obj/main.o
                0x0000000000001058                _g_u16MotorSupplyVoltage
                0x000000000000105a                . = ALIGN (0x2)
                0x000000000000105a                __data_end = .
                0x0000000000000048                __data_size = (__data_end - __data_start)

.bss            0x000000000000105a      0x1c6 load address 0x0000000000005b0e
                0x000000000000105a                . = ALIGN (0x2)
                0x000000000000105a                __bss_start = .
 *(.bss)
 *(.bss.*)
 .bss.p16AdcIrq
                0x000000000000105a        0x2 obj/adc.o
                0x000000000000105a                _p16AdcIrq
 .bss.i16MotorCurrentZeroOffset
                0x000000000000105c        0x2 obj/adc.o
                0x000000000000105c                _i16MotorCurrentZeroOffset
 .bss.g_bDiagnosticInitialized
                0x000000000000105e        0x1 obj/diagnostic.o
                0x000000000000105e                _g_bDiagnosticInitialized
 *fill*         0x000000000000105f        0x1 
 .bss.ld_ErrorDetectedMHBuffer
                0x0000000000001060        0x6 obj/fw_mls_api.o
 .bss.ld_FunctionalRequestMHBuffer
                0x0000000000001066        0x6 obj/fw_mls_api.o
 .bss.ld_ResponseTransmittedMHBuffer
                0x000000000000106c        0x6 obj/fw_mls_api.o
 .bss.ld_RequestMHBuffer
                0x0000000000001072        0x6 obj/fw_mls_api.o
 .bss.fwlinEventTable
                0x0000000000001078       0x1e obj/fw_mls_api.o
 .bss.lepmFlag  0x0000000000001096        0x1 obj/fw_mls_device_id.o
 .bss.isAwaitingResponseTransmitted
                0x0000000000001097        0x1 obj/fw_mls_device_id.o
 .bss.__u8ColinErrorState_7000
                0x0000000000001098        0x1 obj/lin22.o
 .bss.bLinActive
                0x0000000000001099        0x1 obj/lin22.o
                0x0000000000001099                _bLinActive
 .bss.pDiagTransfer
                0x000000000000109a        0x2 obj/lin_cfg_sl.o
 .bss.pendingSlaveResponse
                0x000000000000109c        0x2 obj/lin_cfg_sl.o
 .bss.s_ifcOverrunFramesCount
                0x000000000000109e        0x1 obj/lin_core_sl.o
 *fill*         0x000000000000109f        0x1 
 .bss.__u16_CONV_Target_Angle_pre_7977
                0x00000000000010a0        0x2 obj/main.o
 .bss.g_LIN_PWM_Receive
                0x00000000000010a2        0x1 obj/main.o
                0x00000000000010a2                _g_LIN_PWM_Receive
 .bss.g_Rotate_Done
                0x00000000000010a3        0x1 obj/main.o
                0x00000000000010a3                _g_Rotate_Done
 .bss.u16_Target_Angle_UCL
                0x00000000000010a4        0x2 obj/main.o
                0x00000000000010a4                _u16_Target_Angle_UCL
 .bss.u16_Target_Angle_LCL
                0x00000000000010a6        0x2 obj/main.o
                0x00000000000010a6                _u16_Target_Angle_LCL
 .bss.u16_CONV_Target_Angle
                0x00000000000010a8        0x2 obj/main.o
                0x00000000000010a8                _u16_CONV_Target_Angle
 .bss.g_u16PositionSensor
                0x00000000000010aa        0x2 obj/main.o
                0x00000000000010aa                _g_u16PositionSensor
 .bss.g_i16ShuntCurrent
                0x00000000000010ac        0x2 obj/main.o
                0x00000000000010ac                _g_i16ShuntCurrent
 .bss.l_u32ChipTemperatureFilter
                0x00000000000010ae        0x4 obj/main.o
                0x00000000000010ae                _l_u32ChipTemperatureFilter
 .bss.l_u32SupplyVoltageFilter
                0x00000000000010b2        0x4 obj/main.o
                0x00000000000010b2                _l_u32SupplyVoltageFilter
 .bss.l_u32MotorSupplyVoltageFilter
                0x00000000000010b6        0x4 obj/main.o
                0x00000000000010b6                _l_u32MotorSupplyVoltageFilter
 .bss.g_bUnderVoltageDetected
                0x00000000000010ba        0x1 obj/main.o
                0x00000000000010ba                _g_bUnderVoltageDetected
 .bss.g_bElectricDefect
                0x00000000000010bb        0x1 obj/main.o
                0x00000000000010bb                _g_bElectricDefect
 .bss.g_e8ShortOcc
                0x00000000000010bc        0x2 obj/protection.o
                0x00000000000010bc                _g_e8ShortOcc
 .bss.g_e8ErrorOverTemperature
                0x00000000000010be        0x2 obj/protection.o
                0x00000000000010be                _g_e8ErrorOverTemperature
 .bss.g_e8ErrorVoltage
                0x00000000000010c0        0x2 obj/protection.o
                0x00000000000010c0                _g_e8ErrorVoltage
 .bss.u16LTcopy
                0x00000000000010c2        0x8 obj/pwm.o
 .bss.u16LastDiagErr
                0x00000000000010ca        0x2 obj/pwm.o
 .bss.u8Status  0x00000000000010cc        0x1 obj/pwm.o
 *fill*         0x00000000000010cd        0x1 
 .bss.u16DutyCycleMax
                0x00000000000010ce        0x2 obj/pwm.o
 .bss.__bRetVal_6479
                0x00000000000010d0        0x1 obj/pwm_capture.o
 *fill*         0x00000000000010d1        0x1 
 .bss.PWM_CAPTURE_u16ValidPeriodCount
                0x00000000000010d2        0x2 obj/pwm_capture.o
 .bss.PWM_CAPTURE_u16PeriodPrevious
                0x00000000000010d4        0x2 obj/pwm_capture.o
 .bss.PWM_CAPTURE_u16DutyCycleValid
                0x00000000000010d6        0x2 obj/pwm_capture.o
 .bss.PWM_CAPTURE_u16FrequencyValid
                0x00000000000010d8        0x2 obj/pwm_capture.o
 .bss.PWM_CAPTURE_u8OverflowCounter
                0x00000000000010da        0x1 obj/pwm_capture.o
 *fill*         0x00000000000010db        0x1 
 .bss.PWM_CAPTURE_u16PwmPeriod
                0x00000000000010dc        0x2 obj/pwm_capture.o
 .bss.PWM_CAPTURE_u16LowPeriod
                0x00000000000010de        0x2 obj/pwm_capture.o
 .bss.PWM_CAPTURE_u16HighPeriod
                0x00000000000010e0        0x2 obj/pwm_capture.o
 .bss.pwm_communication_u16PreviousSpeed
                0x00000000000010e2        0x2 obj/pwm_communication.o
 .bss.pwm_communication_bValid
                0x00000000000010e4        0x1 obj/pwm_communication.o
 *fill*         0x00000000000010e5        0x1 
 .bss.l_ramCopy
                0x00000000000010e6       0x10 obj/unirom.o
 *(COMMON)
 COMMON         0x00000000000010f6        0xe obj/adc.o
                0x00000000000010f6                _dBase
 COMMON         0x0000000000001104        0x8 obj/conv_clock_error.o
                0x0000000000001104                _clock_error_OTempCal
                0x0000000000001106                _clock_error_OClockCal
                0x0000000000001108                _clock_error_SClockLowCal
                0x000000000000110a                _clock_error_SClockHighCal
 COMMON         0x000000000000110c        0x6 obj/conv_high_voltage.o
                0x000000000000110c                _calib_hvi
 COMMON         0x0000000000001112        0x6 obj/conv_low_voltage.o
                0x0000000000001112                _calib_lvi
 COMMON         0x0000000000001118        0xc obj/conv_motor_voltage.o
                0x0000000000001118                _calib_vsmf
                0x000000000000111e                _calib_vsm
 COMMON         0x0000000000001124        0x6 obj/conv_shunt_current.o
                0x0000000000001124                _calib_current
 COMMON         0x000000000000112a       0xa6 obj/fw_mls_api.o
                0x000000000000112a                _ldt_TL_data
                0x00000000000011c0                _ld_ResponseTransmittedMultipleHandler
                0x00000000000011c4                _ld_RequestMultipleHandler
                0x00000000000011c8                _ld_FunctionalRequestMultipleHandler
                0x00000000000011cc                _ld_ErrorDetectedMultipleHandler
 COMMON         0x00000000000011d0        0x2 obj/lin_core.o
                0x00000000000011d0                _dummy
 COMMON         0x00000000000011d2        0x2 obj/lin_core_sl.o
                0x00000000000011d2                _s_ifcStatus
 COMMON         0x00000000000011d4        0xa obj/lin_signals.o
                0x00000000000011d4                _l_sl1_flags
                0x00000000000011d8                _node_configuration
 COMMON         0x00000000000011de       0x14 obj/main.o
                0x00000000000011de                _u16_Duty_Dec_Range
                0x00000000000011e0                _u16_Angle_Gap
                0x00000000000011e2                _g_u16VDDA
                0x00000000000011e4                _SetDuty
                0x00000000000011e6                _g_u16IO3
                0x00000000000011e8                _e8ErrorOverTemperature
                0x00000000000011ea                _u16_LIN_Old_Target
                0x00000000000011ec                _u16_Direction
                0x00000000000011ee                _e8ErrorVoltage
                0x00000000000011f0                _e8ShortOcc
 COMMON         0x00000000000011f2        0x5 obj/pwm_capture.o
                0x00000000000011f2                _g_u16PWM_CAPTURE_u16PwmPeriod
                0x00000000000011f4                _g_u16PWM_CAPTURE_u16HighPeriod
                0x00000000000011f6                _PWM_CAPTURE_bNewValidData
 *fill*         0x00000000000011f7        0x1 
 COMMON         0x00000000000011f8       0x28 obj/swtimer.o
                0x00000000000011f8                _g_pTimer
                0x0000000000001220                . = ALIGN (0x2)
                0x0000000000001220                __bss_end = .
                0x00000000000001c6                __bss_size = (__bss_end - __bss_start)

.noinit         0x0000000000001220        0x0 load address 0x0000000000005b0e
                0x0000000000001220                . = ALIGN (0x2)
                0x0000000000001220                __noinit_start = .
 *(.noinit)
                0x0000000000001220                . = ALIGN (0x2)
                0x0000000000001220                __noinit_end = .
                0x0000000000000000                __noinit_size = (__noinit_end - __noinit_start)
                0x0000000000000080                PROVIDE (__min_stack_size, 0x80)

.fw_stack       0x0000000000001220        0x0 load address 0x0000000000005b0e
                0x0000000000001220                PROVIDE (_fw_stack, .)

.bist_stat
 *(.bist_stat.bistHeader)
 *(.bist_stat.bistResetInfo)
 *(.bist_stat.bistError)
 *(.bist_stat.bistErrorInfo)

.flash_control
 *(.flash_control)
                0x00000000000017ea                PROVIDE (__stack_end, (ORIGIN (ram) + 0x7ea))
                0x0000000000001800                PROVIDE (__ram_end, (((ORIGIN (ram) + 0x7ea) + 0xe) + 0x8))

.flash_data     0x0000000000005b0e     0x29d4
 *(.rodata)
 .rodata        0x0000000000005b0e        0x7 obj/lin22.o
 *(.rodata.*)
 .rodata.eeprom_defaults
                0x0000000000005b15       0x10 obj/eeprom_app.o
                0x0000000000005b15                _eeprom_defaults
 *fill*         0x0000000000005b25        0x1 
 .rodata.ld_DiagRequest
                0x0000000000005b26        0xe obj/lin_cfg_sl.o
 .rodata.l_ErrorDetected
                0x0000000000005b34       0x1a obj/lin_core_sl.o
 .rodata.__MotorsControl_flags_mask_3931
                0x0000000000005b4e        0x4 obj/lin_signals.o
 .rodata.__MOTOR1_States_flags_mask_3795
                0x0000000000005b52        0x4 obj/lin_signals.o
 .rodata.__MOTOR2_States_flags_mask_3823
                0x0000000000005b56        0x4 obj/lin_signals.o
 .rodata.__MOTOR3_States_flags_mask_3851
                0x0000000000005b5a        0x4 obj/lin_signals.o
 .rodata.__MOTOR4_States_flags_mask_3879
                0x0000000000005b5e        0x4 obj/lin_signals.o
 .rodata.__MOTOR5_States_flags_mask_3907
                0x0000000000005b62        0x4 obj/lin_signals.o
 .rodata.frameList
                0x0000000000005b66       0x18 obj/lin_signals.o
                0x0000000000005b66                _frameList
 .rodata.l_sl1_MotorsControl_frame
                0x0000000000005b7e        0x2 obj/lin_signals.o
 .rodata.l_sl1_MOTOR5_States_frame
                0x0000000000005b80        0x2 obj/lin_signals.o
 .rodata.l_sl1_MOTOR4_States_frame
                0x0000000000005b82        0x2 obj/lin_signals.o
 .rodata.l_sl1_MOTOR3_States_frame
                0x0000000000005b84        0x2 obj/lin_signals.o
 .rodata.l_sl1_MOTOR2_States_frame
                0x0000000000005b86        0x2 obj/lin_signals.o
 .rodata.l_sl1_MOTOR1_States_frame
                0x0000000000005b88        0x2 obj/lin_signals.o
 .rodata.ml_ProductID
                0x0000000000005b8a        0x6 obj/lin_signals.o
                0x0000000000005b8a                _ml_ProductID
 .rodata.ml_InitialNAD
                0x0000000000005b90        0x1 obj/lin_signals.o
                0x0000000000005b90                _ml_InitialNAD
 *(.rodata._mlx_*)
                0x0000000000005b92                . = ALIGN (0x2)
 *fill*         0x0000000000005b91        0x1 
 *(.text)
 .text          0x0000000000005b92       0x6a c:/program files/melexis/melexis ide/plugins/com.melexis.mlxide.compiler.3.1.115.11_1.0.0.202206141129/compiler/bin/../lib/gcc/mlx16/7.5.0/mlx16-fx\libgcc.a(divmod.o)
                0x0000000000005b92                ___divsi3
                0x0000000000005bba                ___modsi3
                0x0000000000005be0                __divU32_U32byU16
 .text          0x0000000000005bfc        0x8 c:/program files/melexis/melexis ide/plugins/com.melexis.mlxide.compiler.3.1.115.11_1.0.0.202206141129/compiler/bin/../lib/gcc/mlx16/7.5.0/mlx16-fx\libgcc.a(udivmod.o)
                0x0000000000005bfc                ___udivsi3
                0x0000000000005c00                ___umodsi3
 .text          0x0000000000005c04       0x74 c:/program files/melexis/melexis ide/plugins/com.melexis.mlxide.compiler.3.1.115.11_1.0.0.202206141129/compiler/bin/../lib/gcc/mlx16/7.5.0/mlx16-fx\libgcc.a(udivmodsi.o)
                0x0000000000005c04                ___udivmodsi4
 *(.text.*)
 .text.adc_DoSoftwareTrigger
                0x0000000000005c78       0x56 obj/adc.o
 .text.adc_Init
                0x0000000000005cce       0x4e obj/adc.o
                0x0000000000005cce                _adc_Init
 .text.adc_Start
                0x0000000000005d1c       0x5e obj/adc.o
                0x0000000000005d1c                _adc_Start
 .text.adc_Stop
                0x0000000000005d7a       0x42 obj/adc.o
                0x0000000000005d7a                _adc_Stop
 .text.adc_Shunt_OffsetCalib
                0x0000000000005dbc       0x9e obj/adc.o
                0x0000000000005dbc                _adc_Shunt_OffsetCalib
 .text.adc_CaptureOneChannel
                0x0000000000005e5a       0xc0 obj/adc.o
                0x0000000000005e5a                _adc_CaptureOneChannel
 .text.adc_ConvertToCurrent
                0x0000000000005f1a        0x2 obj/adc.o
                0x0000000000005f1a                _adc_ConvertToCurrent
 .text.adc_ConvertToTchip
                0x0000000000005f1c        0x4 obj/adc.o
                0x0000000000005f1c                _adc_ConvertToTchip
 .text.adc_ConvertToVsmFiltered
                0x0000000000005f20        0xa obj/adc.o
                0x0000000000005f20                _adc_ConvertToVsmFiltered
 .text.adc_ConvertToVsupply
                0x0000000000005f2a        0xa obj/adc.o
                0x0000000000005f2a                _adc_ConvertToVsupply
 .text.adc_ConvertToVio
                0x0000000000005f34        0xc obj/adc.o
                0x0000000000005f34                _adc_ConvertToVio
 .text.adc_ConvertToVoltage
                0x0000000000005f40        0x8 obj/adc.o
                0x0000000000005f40                _adc_ConvertToVoltage
 .text._ADC_SAR_INT
                0x0000000000005f48       0x20 obj/adc.o
                0x0000000000005f48                __ADC_SAR_INT
 .text.conv_clock_error_init
                0x0000000000005f68       0x28 obj/conv_clock_error.o
                0x0000000000005f68                _conv_clock_error_init
 .text.conv_clock_error_speed
                0x0000000000005f90       0x2c obj/conv_clock_error.o
                0x0000000000005f90                _conv_clock_error_speed
 .text.conv_clock_error_correct_period
                0x0000000000005fbc        0xc obj/conv_clock_error.o
                0x0000000000005fbc                _conv_clock_error_correct_period
 .text.conv_high_voltage_init
                0x0000000000005fc8       0x32 obj/conv_high_voltage.o
                0x0000000000005fc8                _conv_high_voltage_init
 .text.conv_high_voltage
                0x0000000000005ffa       0x22 obj/conv_high_voltage.o
                0x0000000000005ffa                _conv_high_voltage
 .text.conv_high_voltage_with_tcorrection
                0x000000000000601c       0x4c obj/conv_high_voltage.o
                0x000000000000601c                _conv_high_voltage_with_tcorrection
 .text.conv_low_voltage_init
                0x0000000000006068       0x32 obj/conv_low_voltage.o
                0x0000000000006068                _conv_low_voltage_init
 .text.conv_low_voltage
                0x000000000000609a       0x22 obj/conv_low_voltage.o
                0x000000000000609a                _conv_low_voltage
 .text.conv_low_voltage_with_tcorrection
                0x00000000000060bc       0x4c obj/conv_low_voltage.o
                0x00000000000060bc                _conv_low_voltage_with_tcorrection
 .text.conv_motor_voltage_init
                0x0000000000006108       0x6c obj/conv_motor_voltage.o
                0x0000000000006108                _conv_motor_voltage_init
 .text.conv_motor_voltage_filtered
                0x0000000000006174       0x22 obj/conv_motor_voltage.o
                0x0000000000006174                _conv_motor_voltage_filtered
 .text.conv_motor_voltage_filtered_with_tcorrection
                0x0000000000006196       0x4c obj/conv_motor_voltage.o
                0x0000000000006196                _conv_motor_voltage_filtered_with_tcorrection
 .text.conv_shunt_current_init
                0x00000000000061e2       0x2a obj/conv_shunt_current.o
                0x00000000000061e2                _conv_shunt_current_init
 .text.conv_shunt_current
                0x000000000000620c       0x22 obj/conv_shunt_current.o
                0x000000000000620c                _conv_shunt_current
 .text.diagnostic_Init
                0x000000000000622e       0x64 obj/diagnostic.o
                0x000000000000622e                _diagnostic_Init
 .text.diagnostic_IsUVPending
                0x0000000000006292       0x20 obj/diagnostic.o
                0x0000000000006292                _diagnostic_IsUVPending
 .text.diagnostic_IsOVPending
                0x00000000000062b2       0x24 obj/diagnostic.o
                0x00000000000062b2                _diagnostic_IsOVPending
 .text.diagnostic_IsOVTPending
                0x00000000000062d6       0x20 obj/diagnostic.o
                0x00000000000062d6                _diagnostic_IsOVTPending
 .text.diagnostic_IsOVCPending
                0x00000000000062f6        0xa obj/diagnostic.o
                0x00000000000062f6                _diagnostic_IsOVCPending
 .text.diagnostic_IsVDSPending
                0x0000000000006300       0x1a obj/diagnostic.o
                0x0000000000006300                _diagnostic_IsVDSPending
 .text._UV_VS_INT
                0x000000000000631a       0x22 obj/diagnostic.o
                0x000000000000631a                __UV_VS_INT
 .text.eeprom_Init
                0x000000000000633c       0x1e obj/eeprom_app.o
                0x000000000000633c                _eeprom_Init
 .text.eeprom_ReadLINconfig
                0x000000000000635a       0x10 obj/eeprom_app.o
                0x000000000000635a                _eeprom_ReadLINconfig
 .text.eeprom_StoreLINconfig
                0x000000000000636a       0x1e obj/eeprom_app.o
                0x000000000000636a                _eeprom_StoreLINconfig
 .text.Generic_INT
                0x0000000000006388        0xc obj/fw_ints.o
                0x0000000000006388                __OV_LS_VDS2_INT
                0x0000000000006388                __OV_HS_VDS0_INT
                0x0000000000006388                __OVC_INT
                0x0000000000006388                __AWD_ATT_INT
                0x0000000000006388                __IO_IN3_INT
                0x0000000000006388                __OV_HS_VDS1_INT
                0x0000000000006388                __PPM_TX_INT
                0x0000000000006388                __PWM_SLAVE1_CMP_INT
                0x0000000000006388                __EE_COMPLETE_INT
                0x0000000000006388                __SPI_TE_INT
                0x0000000000006388                __CTIMER0_2_INT
                0x0000000000006388                __PWM_MASTER2_CMP_INT
                0x0000000000006388                __TX_TIMEOUT_INT
                0x0000000000006388                __IO_IN2_INT
                0x0000000000006388                _Generic_INT
                0x0000000000006388                __PPM_ERR_INT
                0x0000000000006388                __MLX16_EXCHG_INT
                0x0000000000006388                __OV_HS_VDS3_INT
                0x0000000000006388                __COLIN_OWNMTX_INT
                0x0000000000006388                __OV_VS_INT
                0x0000000000006388                __OVT_INT
                0x0000000000006388                __IO_IN1_INT
                0x0000000000006388                __OV_LS_VDS0_INT
                0x0000000000006388                __ANA_PLL_ERR_INT
                0x0000000000006388                __PWM_MASTER2_END_INT
                0x0000000000006388                __PWM_SLAVE3_CMP_INT
                0x0000000000006388                __CTIMER0_1_INT
                0x0000000000006388                __OV_LS_VDS1_INT
                0x0000000000006388                __SPI_ER_INT
                0x0000000000006388                __MLX16_SOFT_INT
                0x0000000000006388                __UV_VDDAF_INT
                0x0000000000006388                __PPM_RX_INT
                0x0000000000006388                __OV_LS_VDS3_INT
                0x0000000000006388                __IWD_ATT_INT
                0x0000000000006388                __PWM_MASTER1_CMP_INT
                0x0000000000006388                __FL_COMPLETE_INT
                0x0000000000006388                __SPI_RF_INT
                0x0000000000006388                __EE_ECC_INT
                0x0000000000006388                __UV_VDDA_INT
                0x0000000000006388                __MLX16_DMAERR_INT
                0x0000000000006388                __OV_HS_VDS2_INT
                0x0000000000006388                __CTIMER1_1_INT
                0x0000000000006388                __I2C_GLOBAL_RESET_INT
                0x0000000000006388                __IO_IN0_INT
                0x0000000000006388                __FL_ECC_INT
 .text.fw_mls_ErrorDetected
                0x0000000000006394       0x36 obj/fw_mls_api.o
                0x0000000000006394                _fw_mls_ErrorDetected
 .text.fw_mls_Init
                0x00000000000063ca       0x6c obj/fw_mls_api.o
                0x00000000000063ca                _fw_mls_Init
 .text.fw_mls_TransportLayerInit
                0x0000000000006436       0x28 obj/fw_mls_api.o
                0x0000000000006436                _fw_mls_TransportLayerInit
 .text._COLIN_LIN_INT
                0x000000000000645e       0x18 obj/fw_mls_api.o
                0x000000000000645e                __COLIN_LIN_INT
 .text.fw_lepm_ResponseTransmitted
                0x0000000000006476       0x16 obj/fw_mls_device_id.o
 .text.fw_lepm_Init
                0x000000000000648c       0x20 obj/fw_mls_device_id.o
                0x000000000000648c                _fw_lepm_Init
 .text.fw_lepm_Request
                0x00000000000064ac      0x14a obj/fw_mls_device_id.o
 .text.fw_low_level_init
                0x00000000000065f6       0xdc obj/fw_premain.o
                0x00000000000065f6                _fw_low_level_init
 .text.fw_premain
                0x00000000000066d2       0x1a obj/fw_premain.o
                0x00000000000066d2                _fw_premain
 .text.fw_ram_section_init
                0x00000000000066ec       0x8a obj/fw_ram_section_init.o
                0x00000000000066ec                _fw_ram_section_init
 .text.fw_start
                0x0000000000006776       0x38 obj/fw_startup.o
                0x0000000000006776                _fw_start
 .text.ld_AppDiagRequest
                0x00000000000067ae        0x4 obj/lin22.o
                0x00000000000067ae                _ld_AppDiagRequest
 .text.lin22_Init
                0x00000000000067b2       0x86 obj/lin22.o
                0x00000000000067b2                _lin22_Init
 .text.lin22_CheckColin
                0x0000000000006838       0x56 obj/lin22.o
                0x0000000000006838                _lin22_CheckColin
 .text.lin22_BackgroundHandler
                0x000000000000688e       0x66 obj/lin22.o
                0x000000000000688e                _lin22_BackgroundHandler
 .text.ld_serial_number_callout
                0x00000000000068f4       0x18 obj/lin22.o
                0x00000000000068f4                _ld_serial_number_callout
 .text.fw_lepm_ApplicationStop
                0x000000000000690c       0x10 obj/lin22.o
                0x000000000000690c                _fw_lepm_ApplicationStop
 .text.ld_read_by_id_callout
                0x000000000000691c       0x8a obj/lin22.o
                0x000000000000691c                _ld_read_by_id_callout
 .text.l_ifc_sleep_entered_callout
                0x00000000000069a6        0x2 obj/lin22.o
                0x00000000000069a6                _l_ifc_sleep_entered_callout
 .text.l_mls_Init
                0x00000000000069a8       0x90 obj/lin_api_config.o
                0x00000000000069a8                _l_mls_Init
 .text.l_sys_irq_disable
                0x0000000000006a38       0x10 obj/lin_api_config.o
                0x0000000000006a38                _l_sys_irq_disable
 .text.l_sys_irq_restore
                0x0000000000006a48        0x4 obj/lin_api_config.o
                0x0000000000006a48                _l_sys_irq_restore
 .text.ld_read_configuration
                0x0000000000006a4c       0x4e obj/lin_cfg_sl.o
                0x0000000000006a4c                _ld_read_configuration
 .text.ld_set_configuration
                0x0000000000006a9a       0xb4 obj/lin_cfg_sl.o
                0x0000000000006a9a                _ld_set_configuration
 .text.ld_DiagInit
                0x0000000000006b4e       0x12 obj/lin_cfg_sl.o
                0x0000000000006b4e                _ld_DiagInit
 .text.ld_GetLINNAD
                0x0000000000006b60       0x18 obj/lin_cfg_sl.o
                0x0000000000006b60                _ld_GetLINNAD
 .text.isSupplierIdValid
                0x0000000000006b78       0x1e obj/lin_cfg_sl.o
                0x0000000000006b78                _isSupplierIdValid
 .text.isFunctionIdValid
                0x0000000000006b96       0x1c obj/lin_cfg_sl.o
                0x0000000000006b96                _isFunctionIdValid
 .text.ld_DiagRequest
                0x0000000000006bb2      0x22e obj/lin_cfg_sl.o
                0x0000000000006bb2                _ld_DiagRequest
 .text.l_sys_init
                0x0000000000006de0        0x4 obj/lin_core.o
                0x0000000000006de0                _l_sys_init
 .text.l_SetFlagsMask
                0x0000000000006de4       0x2c obj/lin_core.o
                0x0000000000006de4                _l_SetFlagsMask
 .text.l_ifcUpdateOverrun
                0x0000000000006e10       0x22 obj/lin_core_sl.o
 .text.l_ifc_init_sl1
                0x0000000000006e32       0x14 obj/lin_core_sl.o
                0x0000000000006e32                _l_ifc_init_sl1
 .text.l_ifc_read_status_sl1
                0x0000000000006e46       0x3c obj/lin_core_sl.o
                0x0000000000006e46                _l_ifc_read_status_sl1
 .text.l_LinSleepMode
                0x0000000000006e82       0x1a obj/lin_core_sl.o
                0x0000000000006e82                _l_LinSleepMode
 .text.l_MessageReceived
                0x0000000000006e9c       0x3e obj/lin_core_sl.o
                0x0000000000006e9c                _l_MessageReceived
 .text.l_DataRequest
                0x0000000000006eda       0x38 obj/lin_core_sl.o
                0x0000000000006eda                _l_DataRequest
 .text.l_ErrorDetected
                0x0000000000006f12       0x3e obj/lin_core_sl.o
                0x0000000000006f12                _l_ErrorDetected
 .text.l_DataTransmitted
                0x0000000000006f50       0x38 obj/lin_core_sl.o
                0x0000000000006f50                _l_DataTransmitted
 .text.l_AutoAddressingStep
                0x0000000000006f88        0x2 obj/lin_core_sl.o
                0x0000000000006f88                _l_AutoAddressingStep
 .text.l_FillBufferSlave
                0x0000000000006f8a       0x2c obj/lin_core_sl.o
                0x0000000000006f8a                _l_FillBufferSlave
 .text.l_sl1_MOTOR5_States_handler
                0x0000000000006fb6       0x74 obj/lin_signals.o
 .text.l_sl1_MOTOR4_States_handler
                0x000000000000702a       0x74 obj/lin_signals.o
 .text.l_sl1_MOTOR3_States_handler
                0x000000000000709e       0x74 obj/lin_signals.o
 .text.l_sl1_MOTOR2_States_handler
                0x0000000000007112       0x74 obj/lin_signals.o
 .text.l_sl1_MOTOR1_States_handler
                0x0000000000007186       0x74 obj/lin_signals.o
 .text.l_sl1_MotorsControl_handler
                0x00000000000071fa       0x36 obj/lin_signals.o
 .text.startup.main
                0x0000000000007230      0x4a2 obj/main.o
                0x0000000000007230                _main
 .text.EVENT_UnderVoltage
                0x00000000000076d2        0x8 obj/main.o
                0x00000000000076d2                _EVENT_UnderVoltage
 .text._CTIMER0_3_INT
                0x00000000000076da        0x4 obj/main.o
                0x00000000000076da                __CTIMER0_3_INT
 .text.protection_Init
                0x00000000000076de       0x30 obj/protection.o
                0x00000000000076de                _protection_Init
 .text.protection_CheckShort
                0x000000000000770e       0x28 obj/protection.o
                0x000000000000770e                _protection_CheckShort
 .text.protection_CheckSupplyMotorVoltage
                0x0000000000007736       0x9a obj/protection.o
                0x0000000000007736                _protection_CheckSupplyMotorVoltage
 .text.protection_CheckChipTemperature
                0x00000000000077d0       0x52 obj/protection.o
                0x00000000000077d0                _protection_CheckChipTemperature
 .text.pwm_Init
                0x0000000000007822      0x142 obj/pwm.o
                0x0000000000007822                _pwm_Init
 .text.pwm_SetDutyCycle
                0x0000000000007964       0x40 obj/pwm.o
                0x0000000000007964                _pwm_SetDutyCycle
 .text.pwm_Start
                0x00000000000079a4       0xba obj/pwm.o
                0x00000000000079a4                _pwm_Start
 .text.pwm_Stop
                0x0000000000007a5e       0x24 obj/pwm.o
                0x0000000000007a5e                _pwm_Stop
 .text.pwm_Disable
                0x0000000000007a82       0x58 obj/pwm.o
                0x0000000000007a82                _pwm_Disable
 .text._PWM_MASTER1_END_INT
                0x0000000000007ada       0x2c obj/pwm.o
                0x0000000000007ada                __PWM_MASTER1_END_INT
 .text._PWM_SLAVE2_CMP_INT
                0x0000000000007b06        0x4 obj/pwm.o
                0x0000000000007b06                __PWM_SLAVE2_CMP_INT
 .text._DIAG_INT
                0x0000000000007b0a       0x28 obj/pwm.o
                0x0000000000007b0a                __DIAG_INT
 .text.pwm_capture_Init
                0x0000000000007b32       0xa6 obj/pwm_capture.o
                0x0000000000007b32                _pwm_capture_Init
 .text.pwm_capture_Start
                0x0000000000007bd8       0x14 obj/pwm_capture.o
                0x0000000000007bd8                _pwm_capture_Start
 .text.pwm_capture_GetDutyCycleFrequency
                0x0000000000007bec       0x8e obj/pwm_capture.o
                0x0000000000007bec                _pwm_capture_GetDutyCycleFrequency
 .text.pwm_capture_GetFrequency
                0x0000000000007c7a        0xc obj/pwm_capture.o
                0x0000000000007c7a                _pwm_capture_GetFrequency
 .text._CTIMER1_2_INT
                0x0000000000007c86       0xc6 obj/pwm_capture.o
                0x0000000000007c86                __CTIMER1_2_INT
 .text._CTIMER1_3_INT
                0x0000000000007d4c       0xec obj/pwm_capture.o
                0x0000000000007d4c                __CTIMER1_3_INT
 .text.pwm_communication_Init
                0x0000000000007e38        0x2 obj/pwm_communication.o
                0x0000000000007e38                _pwm_communication_Init
 .text.pwm_communication_Start
                0x0000000000007e3a       0x10 obj/pwm_communication.o
                0x0000000000007e3a                _pwm_communication_Start
 .text.swtimer_init
                0x0000000000007e4a       0x48 obj/swtimer.o
                0x0000000000007e4a                _swtimer_init
 .text.swtimer_deinit
                0x0000000000007e92       0x18 obj/swtimer.o
                0x0000000000007e92                _swtimer_deinit
 .text.swtimer_calibrate
                0x0000000000007eaa       0x1a obj/swtimer.o
                0x0000000000007eaa                _swtimer_calibrate
 .text.swtimer_register
                0x0000000000007ec4       0x2c obj/swtimer.o
                0x0000000000007ec4                _swtimer_register
 .text.swtimer_start
                0x0000000000007ef0       0x22 obj/swtimer.o
                0x0000000000007ef0                _swtimer_start
 .text.swtimer_stop
                0x0000000000007f12        0xe obj/swtimer.o
                0x0000000000007f12                _swtimer_stop
 .text.swtimer_isRunning
                0x0000000000007f20       0x12 obj/swtimer.o
                0x0000000000007f20                _swtimer_isRunning
 .text.swtimer_isTriggered
                0x0000000000007f32       0x30 obj/swtimer.o
                0x0000000000007f32                _swtimer_isTriggered
 .text.swtimer_enterIrq
                0x0000000000007f62        0x2 obj/swtimer.o
                0x0000000000007f62                _swtimer_enterIrq
 .text.swtimer_exitIrq
                0x0000000000007f64        0x2 obj/swtimer.o
                0x0000000000007f64                _swtimer_exitIrq
 .text.swtimer_triggerIrq
                0x0000000000007f66        0x2 obj/swtimer.o
                0x0000000000007f66                _swtimer_triggerIrq
 .text._STIMER_INT
                0x0000000000007f68       0x8c obj/swtimer.o
                0x0000000000007f68                __STIMER_INT
 .text._updateCRC8
                0x0000000000007ff4       0x1c obj/unirom.o
 .text.unirom_Init
                0x0000000000008010        0x2 obj/unirom.o
                0x0000000000008010                _unirom_Init
 .text.unirom_LoadUserConfig
                0x0000000000008012       0x8c obj/unirom.o
                0x0000000000008012                _unirom_LoadUserConfig
 .text.unirom_StoreUserConfig
                0x000000000000809e       0x82 obj/unirom.o
                0x000000000000809e                _unirom_StoreUserConfig
 .text.unirom_ResetUserConfig
                0x0000000000008120       0x20 obj/unirom.o
                0x0000000000008120                _unirom_ResetUserConfig
 .text.unirom_WritePage
                0x0000000000008140       0x74 obj/unirom.o
                0x0000000000008140                _unirom_WritePage
 .text.unirom_ReadPage
                0x00000000000081b4       0x4e obj/unirom.o
                0x00000000000081b4                _unirom_ReadPage
 .text.CalculateTemperature3pLinearize
                0x0000000000008202       0x46 ../../code/camcu_platform/config/../lib/81330B02\lib81330.a(lib_calculate_temperature.o)
                0x0000000000008202                _CalculateTemperature3pLinearize
 .text.SetSystemSpeed
                0x0000000000008248       0x82 ../../code/camcu_platform/config/../lib/81330B02\lib81330.a(lib_clock.o)
                0x0000000000008248                _SetSystemSpeed
 .text.EEPROM_BusyChecks
                0x00000000000082ca       0x24 ../../code/camcu_platform/config/../lib/81330B02\lib81330.a(eeprom_drv.o)
 .text.EEPROM_WriteWord64_non_blocking
                0x00000000000082ee       0x32 ../../code/camcu_platform/config/../lib/81330B02\lib81330.a(eeprom_drv.o)
                0x00000000000082ee                _EEPROM_WriteWord64_non_blocking
 .text.EEPROM_WriteWord64_blocking
                0x0000000000008320       0x2c ../../code/camcu_platform/config/../lib/81330B02\lib81330.a(eeprom_drv.o)
                0x0000000000008320                _EEPROM_WriteWord64_blocking
 .text.VERSION_getFwAppVersion
                0x000000000000834c        0xe ../../code/camcu_platform/config/../lib/81330B02\lib81330.a(fwversion.o)
                0x000000000000834c                _VERSION_getFwAppVersion
 .text.gpio_configureOutput
                0x000000000000835a       0x54 ../../code/camcu_platform/config/../lib/81330B02\lib81330.a(lib_gpio.o)
                0x000000000000835a                _gpio_configureOutput
 .text.softio_configureOutput
                0x00000000000083ae        0x8 ../../code/camcu_platform/config/../lib/81330B02\lib81330.a(lib_softio.o)
                0x00000000000083ae                _softio_configureOutput
 .text.ldt_Tick
                0x00000000000083b6       0x6c ../../code/camcu_platform/config/../lib/81330B02\libmlx_lin_api.a(mls_diag_transfer.o)
                0x00000000000083b6                _ldt_Tick
 .text.ml_GetProtectedID
                0x0000000000008422        0x8 ../../code/camcu_platform/config/../lib/81330B02\libmlx_lin_api.a(mls_handler.o)
                0x0000000000008422                _ml_GetProtectedID
 .text.ml_SetFixedBaudRate
                0x000000000000842a       0x56 ../../code/camcu_platform/config/../lib/81330B02\libmlx_lin_api.a(mls_init.o)
                0x000000000000842a                _ml_SetFixedBaudRate
 .text.ml_Init  0x0000000000008480       0x62 ../../code/camcu_platform/config/../lib/81330B02\libmlx_lin_api.a(mls_init.o)
                0x0000000000008480                _ml_Init
                0x00000000000084e2                . = ALIGN (0x2)
                0x00000000000084e2                _etext = .

.flash_fill     0x00000000000084e2     0x5302
                0x00000000000084e2                . = ALIGN (0x2)
 FILL mask 0xff07
                0x000000000000d7e2                . = ALIGN (((ABSOLUTE (ORIGIN (flash)) + 0x7e04) - 0x2))
 *fill*         0x00000000000084e2     0x5300 ff07
                0x000000000000d7e2        0x2 SHORT 0x7ff

.fw_product_id  0x000000000000d7e4        0x8
                0x000000000000d7e4                __fw_product_id_start = .
 *(.fw_product_id)
 .fw_product_id
                0x000000000000d7e4        0x8 obj/app_descriptor.o

.fw_app_version
                0x000000000000d7ec        0x4
                0x000000000000d7ec                __fw_app_version_start = .
 *(.fw_app_version)
 .fw_app_version
                0x000000000000d7ec        0x4 obj/app_descriptor.o

.fw_pltf_version
                0x000000000000d7f0        0x4
                0x000000000000d7f0                __fw_pltf_version_start = .
 *(.fw_pltf_version)
 .fw_pltf_version
                0x000000000000d7f0        0x4 ../../code/camcu_platform/config/../lib/81330B02\lib81330.a(fwversion.o)
                0x000000000000d7f0                _PLTF_VERSION_Info

.fw_prot_key    0x000000000000d7f4        0x8
                0x000000000000d7f4                __fw_prot_key_start = .
 *(.fw_prot_key)
 .fw_prot_key   0x000000000000d7f4        0x8 obj/app_descriptor.o

.flash_crc      0x000000000000d7fc        0x4
 *(.FL_SIGN)
                0x000000000000d7fc        0x4 LONG 0x68b069 FL_SIGN

.ep             0x0000000000000840        0x0
                0x0000000000000840                . = ALIGN (0x2)
                0x0000000000000840                __bss_ep_start = .
 *(.ep)
                0x0000000000000840                . = ALIGN (0x2)
                0x0000000000000840                __bss_ep_end = .

.ep.data        0x0000000000000840        0x0
                0x0000000000000840                . = ALIGN (0x2)
                0x0000000000000840                __data_ep_start = .
 *(.ep.data)
                0x0000000000000840                . = ALIGN (0x2)
                0x0000000000000840                __data_ep_end = .

.eeprom_patch
 *(.eeprom_patch)

.eeprom_cal
 *(.eeprom_cal)

.eeprom_cs
 *(.eeprom_cs)

.eeprom_reg
 *(.eeprom_reg)
                0x0000000000000001                ASSERT ((__stack_end > (_fw_stack + __min_stack_size)), Error: Not enough room left for stack)
                0x0000000000000002                _RST_CTRL = 0x2
                0x0000000000000006                _FUNC_TEST = 0x6
                0x000000000000000a                _MUPET = 0xa
                0x000000000000000e                _AWD = 0xe
                0x0000000000000010                _ROM_SHELL = 0x10
                0x0000000000000014                _ROM_BIST = 0x14
                0x000000000000002a                _RAM_SHELL = 0x2a
                0x000000000000002c                _IWD = 0x2c
                0x0000000000000030                _STIMER = 0x30
                0x0000000000000034                _PORT_ADC_CTRL = 0x34
                0x0000000000000036                _PORT_TEST_ADC = 0x36
                0x0000000000000038                _MLX16 = 0x38
                0x0000000000000100                _VERSION = 0x100
                0x0000000000000104                _RAM_BIST = 0x104
                0x0000000000000118                _CTIMER0 = 0x118
                0x0000000000000120                _CTIMER1 = 0x120
                0x0000000000000128                _SPI = 0x128
                0x0000000000000134                _PWM_MASTER1 = 0x134
                0x000000000000013e                _PWM_SLAVE1 = 0x13e
                0x0000000000000148                _PWM_SLAVE2 = 0x148
                0x0000000000000152                _PWM_SLAVE3 = 0x152
                0x000000000000015c                _PWM_MASTER2 = 0x15c
                0x0000000000000166                _ADC_SAR = 0x166
                0x0000000000000176                _EEPROM_FLASH = 0x176
                0x00000000000001ac                _COLIN = 0x1ac
                0x00000000000001c6                _PORT_LIN_XKEY = 0x1c6
                0x00000000000001c8                _TRIM_BG_BIAS = 0x1c8
                0x00000000000001ca                _TRIM_VDD = 0x1ca
                0x00000000000001cc                _TRIM_RCO32M = 0x1cc
                0x00000000000001ce                _TRIM_RCO1M = 0x1ce
                0x00000000000001d0                _PORT_SSCM_CONF = 0x1d0
                0x00000000000001d2                _PORT_STEP_CONF = 0x1d2
                0x00000000000001d4                _PORT_SUPP_TEST = 0x1d4
                0x00000000000001d6                _PORT_SUPP2_TEST = 0x1d6
                0x00000000000001d8                _PORT_LIN_TEST = 0x1d8
                0x00000000000001da                _PORT_SPARE_TEST = 0x1da
                0x00000000000001dc                _PORT_ADC_TRIM_TEST = 0x1dc
                0x00000000000001de                _PORT_IO_IN = 0x1de
                0x00000000000001e0                _PORT_SUPP_IN = 0x1e0
                0x00000000000001e2                _PORT_MISC_IN = 0x1e2
                0x00000000000001e4                _PORT_SUPP_CFG = 0x1e4
                0x00000000000001e6                _PORT_IO_OUT_SOFT = 0x1e6
                0x00000000000001e8                _PORT_IO_OUT_EN = 0x1e8
                0x00000000000001ea                _PORT_IO_CFG0 = 0x1ea
                0x00000000000001ec                _PORT_LIN_XTX_CFG = 0x1ec
                0x00000000000001ee                _PORT_TIMER_CFG = 0x1ee
                0x00000000000001f0                _PORT_COMM_CFG = 0x1f0
                0x00000000000001f2                _PORT_MISC_OUT = 0x1f2
                0x00000000000001f4                _PORT_MISC2_OUT = 0x1f4
                0x00000000000001f6                _PORT_STOPMD_CTRL = 0x1f6
                0x00000000000001f8                _PORT_STOPMD_CFG = 0x1f8
                0x00000000000001fa                _PORT_DIS_GTSM = 0x1fa
                0x00000000000001fc                _PORT_LIN_XCFG = 0x1fc
                0x00000000000001fe                _PORT_LIN_XCFG_VALID = 0x1fe
                0x0000000000000200                _PORT_CLOCK_CTRL = 0x200
                0x0000000000000202                _PORT_LINAA1 = 0x202
                0x0000000000000204                _PORT_LINAA2 = 0x204
                0x0000000000000206                _TRIM_MISC = 0x206
                0x0000000000000208                _TRIM1_DRV = 0x208
                0x000000000000020a                _TRIM2_DRV = 0x20a
                0x000000000000020c                _TRIM3_DRV = 0x20c
                0x000000000000020e                _PORT_DRV_OUT = 0x20e
                0x0000000000000210                _PORT_DRV1_TEST = 0x210
                0x0000000000000212                _PORT_DRV2_TEST = 0x212
                0x0000000000000214                _PORT_DRV3_TEST = 0x214
                0x0000000000000216                _PORT_DRV_CTRL = 0x216
                0x0000000000000218                _PORT_DRV1_PROT = 0x218
                0x000000000000021a                _PORT_DRV2_PROT = 0x21a
                0x000000000000021c                _PORT_DRV_IN = 0x21c
                0x000000000000021e                _PORT_DIAG_IN = 0x21e
                0x0000000000000220                _PORT_I2C_CONF = 0x220
                0x0000000000000222                _PORT_I2C_DMA_OFFSET = 0x222
                0x0000000000000224                _PORT_I2C_READ_OFFSET = 0x224
                0x0000000000000226                _PORT_MISC_TEST = 0x226
                0x0000000000000228                _PORT_PPM_RBASE_ADD = 0x228
                0x000000000000022a                _PORT_PPM_TBASE_ADD = 0x22a
                0x000000000000022c                _PORT_PPM_TIMEOUT = 0x22c
                0x000000000000022e                _PORT_PPM_CTRL = 0x22e
                0x0000000000000230                _PORT_PPM_BUF_DATA = 0x230
                0x0000000000000232                _PPM_TIMER = 0x232
                0x0000000000000234                _PORT_PPM_FLAGS = 0x234
                0x0000000000000236                _PORT_SSCM2_CONF = 0x236
                0x0000000000000238                _PORT_STEP2_CONF = 0x238
                0x000000000000023a                _PORT_IO_ENABLE = 0x23a
                0x000000000000023c                _PORT_TIMER_CFG1 = 0x23c
                0x000000000000023e                _PORT_IO_TRIG_EDGE_CFG = 0x23e
                0x0000000000000240                _PORT_TX_TIMEOUT = 0x240
                0x000000000000503c                OPCODE_CALL_FP_ENTER_SYSTEM_MODE_KEEP_PRIO = 0x503c
                0x000000000000503d                OPCODE_CALL_FP_ENTER_SYSTEM_MODE_PRIO_0 = 0x503d
                0x000000000000282a                _FLASH_BistPrepare = 0x282a
                0x0000000000002852                _FLASH_BistRun = 0x2852
                0x0000000000002718                _FLASH_Write = 0x2718
                0x00000000000028b8                _MLX16_RESET = 0x28b8
                0x00000000000028d0                _MLX16_RESET_SIGNED = 0x28d0
                0x00000000000028da                _ResetRstatFlag = 0x28da
                0x00000000000028a6                _SetRstatFlag = 0x28a6
                0x00000000000027ea                _WaitForEEandFL = 0x27ea
                0x000000000000340a                __fatal = 0x340a
                0x0000000000000012                __lin_ram_size = 0x12
                0x00000000000017fc                _bistError = 0x17fc
                0x00000000000017fe                _bistErrorInfo = 0x17fe
                0x00000000000017f8                _bistHeader = 0x17f8
                0x00000000000017fa                _bistResetInfo = 0x17fa
                0x00000000000017ea                _bl_table = 0x17ea
                0x00000000000021f0                _delay_cycles = 0x21f0
                0x00000000000017f6                _flash_state = 0x17f6
                0x00000000000023dc                _ml_CleanDrvInt = 0x23dc
                0x00000000000023d4                _ml_GetSLVCMD = 0x23d4
                0x00000000000023e4                _ml_ResetDrv = 0x23e4
                0x00000000000023ce                _ml_SetSLVCMD = 0x23ce
                0x00000000000023c8                _ml_SetSLVIT = 0x23c8
                0x0000000000002400                _ml_StartDrv = 0x2400
                0x0000000000002a80                _nvram_CalcCRC = 0x2a80
                0x00000000000033d0                _ppm_ll_Deinit = 0x33d0
                0x000000000000339e                _ppm_ll_Start = 0x339e
                0x00000000000033f0                _ppm_ll_StartTx = 0x33f0
                0x00000000000033ba                _ppm_ll_Stop = 0x33ba
                0x0000000000003400                _ppm_ll_TimeoutState = 0x3400
                0x00000000000017da                _rf_empty_func = 0x17da
                0x0000000000000e42                _LinCmnd = 0xe42
                0x0000000000000e48                _LinFrame = 0xe48
                0x0000000000000e44                _LinMess = 0xe44
                0x0000000000000e46                _LinMess2 = 0xe46
                0x0000000000000e47                _LinProtectedID = 0xe47
                0x0000000000000e40                _LinResp = 0xe40
                0x0000000000001000                _ldtMe = 0x1000
                0x00000000000038d2                _ldt_ErrorDetected = 0x38d2
                0x0000000000003d26                _ldt_Init = 0x3d26
                0x0000000000003dd0                _ldt_SubscribeMultipleHandler = 0x3dd0
                0x0000000000002284                _ml_AssignFrameToMessageID = 0x2284
                0x000000000000229a                _ml_AutoAddressingConfig = 0x229a
                0x000000000000237c                _ml_Connect = 0x237c
                0x00000000000022dc                _ml_ContFrame = 0x22dc
                0x0000000000001004                _ml_Data = 0x1004
                0x000000000000226e                _ml_DataReady = 0x226e
                0x000000000000228a                _ml_DisableMessage = 0x228a
                0x00000000000022d4                _ml_DiscardFrame = 0x22d4
                0x0000000000002380                _ml_Disconnect = 0x2380
                0x000000000000228e                _ml_EnableMessage = 0x228e
                0x0000000000003e1a                _ml_GetLINFrameDataBuffer = 0x3e1a
                0x0000000000003e20                _ml_GetLinEventData = 0x3e20
                0x0000000000002346                _ml_GetState = 0x2346
                0x000000000000238c                _ml_GotoSleep = 0x238c
                0x0000000000003f4e                _ml_InitLinEventTable = 0x3f4e
                0x0000000000003f52                _ml_InitLinModule = 0x3f52
                0x0000000000003f7c                _ml_LinInterruptHandler = 0x3f7c
                0x0000000000002318                _ml_LinModuleVersion = 0x2318
                0x0000000000003e56                _ml_ProcessLinEvent = 0x3e56
                0x0000000000002260                _ml_ReleaseBuffer = 0x2260
                0x0000000000002264                _ml_ReleaseBufferProg = 0x2264
                0x0000000000002374                _ml_SetAutoBaudRateMode = 0x2374
                0x0000000000002368                _ml_SetBaudRate = 0x2368
                0x0000000000003e14                _ml_SetDFFlag = 0x3e14
                0x0000000000003e06                _ml_SetLinStatus = 0x3e06
                0x00000000000022ba                _ml_SetOptions = 0x22ba
                0x00000000000022aa                _ml_SetSleepTo = 0x22aa
                0x00000000000022a2                _ml_SetSlewRate = 0x22a2
                0x0000000000002384                _ml_SwitchToFast = 0x2384
                0x0000000000002388                _ml_WakeUp = 0x2388
                0x0000000000001002                _plinEventTable = 0x1002
OUTPUT(81330-xLW-BMx-102_Woory_HLLD.elf elf32-mlx16-fx)

.debug_frame    0x0000000000000000     0x1bcc
 .debug_frame   0x0000000000000000      0x190 obj/adc.o
 .debug_frame   0x0000000000000190       0x44 obj/conv_clock_error.o
 .debug_frame   0x00000000000001d4       0x4c obj/conv_high_voltage.o
 .debug_frame   0x0000000000000220       0x4c obj/conv_low_voltage.o
 .debug_frame   0x000000000000026c       0x8c obj/conv_motor_voltage.o
 .debug_frame   0x00000000000002f8       0x4c obj/conv_shunt_current.o
 .debug_frame   0x0000000000000344       0xf8 obj/diagnostic.o
 .debug_frame   0x000000000000043c      0x110 obj/eeprom_app.o
 .debug_frame   0x000000000000054c       0x5c obj/fw_ints.o
 .debug_frame   0x00000000000005a8       0xc4 obj/fw_mls_api.o
 .debug_frame   0x000000000000066c       0x74 obj/fw_mls_device_id.o
 .debug_frame   0x00000000000006e0       0x54 obj/fw_premain.o
 .debug_frame   0x0000000000000734       0x24 obj/fw_ram_section_init.o
 .debug_frame   0x0000000000000758       0x24 obj/fw_startup.o
 .debug_frame   0x000000000000077c      0x180 obj/lin22.o
 .debug_frame   0x00000000000008fc       0x70 obj/lin_api_config.o
 .debug_frame   0x000000000000096c      0x108 obj/lin_cfg_sl.o
 .debug_frame   0x0000000000000a74       0x54 obj/lin_core.o
 .debug_frame   0x0000000000000ac8       0xfc obj/lin_core_sl.o
 .debug_frame   0x0000000000000bc4      0x168 obj/lin_signals.o
 .debug_frame   0x0000000000000d2c       0xc0 obj/main.o
 .debug_frame   0x0000000000000dec       0xc0 obj/protection.o
 .debug_frame   0x0000000000000eac      0x124 obj/pwm.o
 .debug_frame   0x0000000000000fd0      0x15c obj/pwm_capture.o
 .debug_frame   0x000000000000112c       0x6c obj/pwm_communication.o
 .debug_frame   0x0000000000001198      0x158 obj/swtimer.o
 .debug_frame   0x00000000000012f0      0x188 obj/unirom.o
 .debug_frame   0x0000000000001478       0x24 ../../code/camcu_platform/config/../lib/81330B02\lib81330.a(lib_calculate_temperature.o)
 .debug_frame   0x000000000000149c       0x64 ../../code/camcu_platform/config/../lib/81330B02\lib81330.a(lib_clock.o)
 .debug_frame   0x0000000000001500      0x210 ../../code/camcu_platform/config/../lib/81330B02\lib81330.a(eeprom_drv.o)
 .debug_frame   0x0000000000001710       0x34 ../../code/camcu_platform/config/../lib/81330B02\lib81330.a(fwversion.o)
 .debug_frame   0x0000000000001744       0x3c ../../code/camcu_platform/config/../lib/81330B02\lib81330.a(lib_gpio.o)
 .debug_frame   0x0000000000001780       0x44 ../../code/camcu_platform/config/../lib/81330B02\lib81330.a(lib_softio.o)
 .debug_frame   0x00000000000017c4      0x278 ../../code/camcu_platform/config/../lib/81330B02\libmlx_lin_api.a(mls_diag_transfer.o)
 .debug_frame   0x0000000000001a3c       0x84 ../../code/camcu_platform/config/../lib/81330B02\libmlx_lin_api.a(mls_handler.o)
 .debug_frame   0x0000000000001ac0      0x10c ../../code/camcu_platform/config/../lib/81330B02\libmlx_lin_api.a(mls_init.o)

.debug_info     0x0000000000000000    0x5e12f
 .debug_info    0x0000000000000000     0x37d2 obj/adc.o
 .debug_info    0x00000000000037d2      0x124 obj/app_descriptor.o
 .debug_info    0x00000000000038f6      0x836 obj/conv_clock_error.o
 .debug_info    0x000000000000412c      0xa1c obj/conv_high_voltage.o
 .debug_info    0x0000000000004b48      0xa1c obj/conv_low_voltage.o
 .debug_info    0x0000000000005564      0xcad obj/conv_motor_voltage.o
 .debug_info    0x0000000000006211      0x9b9 obj/conv_shunt_current.o
 .debug_info    0x0000000000006bca     0x28ed obj/diagnostic.o
 .debug_info    0x00000000000094b7     0x3247 obj/eeprom_app.o
 .debug_info    0x000000000000c6fe     0x253b obj/fw_ints.o
 .debug_info    0x000000000000ec39     0x2db2 obj/fw_mls_api.o
 .debug_info    0x00000000000119eb     0x39f0 obj/fw_mls_device_id.o
 .debug_info    0x00000000000153db     0x3339 obj/fw_premain.o
 .debug_info    0x0000000000018714      0x159 obj/fw_ram_section_init.o
 .debug_info    0x000000000001886d     0x25b0 obj/fw_startup.o
 .debug_info    0x000000000001ae1d     0x4268 obj/lin22.o
 .debug_info    0x000000000001f085     0x31c3 obj/lin_api_config.o
 .debug_info    0x0000000000022248     0x3729 obj/lin_cfg_sl.o
 .debug_info    0x0000000000025971     0x3114 obj/lin_core.o
 .debug_info    0x0000000000028a85     0x35d3 obj/lin_core_sl.o
 .debug_info    0x000000000002c058     0x3ba5 obj/lin_signals.o
 .debug_info    0x000000000002fbfd     0x99ed obj/main.o
 .debug_info    0x00000000000395ea     0x25c1 obj/protection.o
 .debug_info    0x000000000003bbab     0x3419 obj/pwm.o
 .debug_info    0x000000000003efc4     0x2e9b obj/pwm_capture.o
 .debug_info    0x0000000000041e5f     0x2588 obj/pwm_communication.o
 .debug_info    0x00000000000443e7     0x2ae2 obj/swtimer.o
 .debug_info    0x0000000000046ec9     0x2ff5 obj/unirom.o
 .debug_info    0x0000000000049ebe      0x763 ../../code/camcu_platform/config/../lib/81330B02\lib81330.a(lib_calculate_temperature.o)
 .debug_info    0x000000000004a621     0x2cd0 ../../code/camcu_platform/config/../lib/81330B02\lib81330.a(lib_clock.o)
 .debug_info    0x000000000004d2f1     0x31a9 ../../code/camcu_platform/config/../lib/81330B02\lib81330.a(eeprom_drv.o)
 .debug_info    0x000000000005049a      0x186 ../../code/camcu_platform/config/../lib/81330B02\lib81330.a(fwversion.o)
 .debug_info    0x0000000000050620     0x25ad ../../code/camcu_platform/config/../lib/81330B02\lib81330.a(lib_gpio.o)
 .debug_info    0x0000000000052bcd     0x24e7 ../../code/camcu_platform/config/../lib/81330B02\lib81330.a(lib_softio.o)
 .debug_info    0x00000000000550b4     0x329b ../../code/camcu_platform/config/../lib/81330B02\libmlx_lin_api.a(mls_diag_transfer.o)
 .debug_info    0x000000000005834f     0x2dff ../../code/camcu_platform/config/../lib/81330B02\libmlx_lin_api.a(mls_handler.o)
 .debug_info    0x000000000005b14e     0x2fe1 ../../code/camcu_platform/config/../lib/81330B02\libmlx_lin_api.a(mls_init.o)

.debug_abbrev   0x0000000000000000     0x4b61
 .debug_abbrev  0x0000000000000000      0x357 obj/adc.o
 .debug_abbrev  0x0000000000000357       0x61 obj/app_descriptor.o
 .debug_abbrev  0x00000000000003b8      0x13a obj/conv_clock_error.o
 .debug_abbrev  0x00000000000004f2      0x18a obj/conv_high_voltage.o
 .debug_abbrev  0x000000000000067c      0x18a obj/conv_low_voltage.o
 .debug_abbrev  0x0000000000000806      0x1d5 obj/conv_motor_voltage.o
 .debug_abbrev  0x00000000000009db      0x199 obj/conv_shunt_current.o
 .debug_abbrev  0x0000000000000b74      0x1f6 obj/diagnostic.o
 .debug_abbrev  0x0000000000000d6a      0x237 obj/eeprom_app.o
 .debug_abbrev  0x0000000000000fa1      0x101 obj/fw_ints.o
 .debug_abbrev  0x00000000000010a2      0x1e5 obj/fw_mls_api.o
 .debug_abbrev  0x0000000000001287      0x29c obj/fw_mls_device_id.o
 .debug_abbrev  0x0000000000001523      0x1e2 obj/fw_premain.o
 .debug_abbrev  0x0000000000001705       0x75 obj/fw_ram_section_init.o
 .debug_abbrev  0x000000000000177a       0xfe obj/fw_startup.o
 .debug_abbrev  0x0000000000001878      0x419 obj/lin22.o
 .debug_abbrev  0x0000000000001c91      0x268 obj/lin_api_config.o
 .debug_abbrev  0x0000000000001ef9      0x3b5 obj/lin_cfg_sl.o
 .debug_abbrev  0x00000000000022ae      0x275 obj/lin_core.o
 .debug_abbrev  0x0000000000002523      0x348 obj/lin_core_sl.o
 .debug_abbrev  0x000000000000286b      0x2b2 obj/lin_signals.o
 .debug_abbrev  0x0000000000002b1d      0x3ea obj/main.o
 .debug_abbrev  0x0000000000002f07       0xc0 obj/protection.o
 .debug_abbrev  0x0000000000002fc7      0x276 obj/pwm.o
 .debug_abbrev  0x000000000000323d      0x275 obj/pwm_capture.o
 .debug_abbrev  0x00000000000034b2      0x13d obj/pwm_communication.o
 .debug_abbrev  0x00000000000035ef      0x265 obj/swtimer.o
 .debug_abbrev  0x0000000000003854      0x20f obj/unirom.o
 .debug_abbrev  0x0000000000003a63      0x122 ../../code/camcu_platform/config/../lib/81330B02\lib81330.a(lib_calculate_temperature.o)
 .debug_abbrev  0x0000000000003b85      0x193 ../../code/camcu_platform/config/../lib/81330B02\lib81330.a(lib_clock.o)
 .debug_abbrev  0x0000000000003d18      0x26e ../../code/camcu_platform/config/../lib/81330B02\lib81330.a(eeprom_drv.o)
 .debug_abbrev  0x0000000000003f86       0xe7 ../../code/camcu_platform/config/../lib/81330B02\lib81330.a(fwversion.o)
 .debug_abbrev  0x000000000000406d       0xef ../../code/camcu_platform/config/../lib/81330B02\lib81330.a(lib_gpio.o)
 .debug_abbrev  0x000000000000415c       0xce ../../code/camcu_platform/config/../lib/81330B02\lib81330.a(lib_softio.o)
 .debug_abbrev  0x000000000000422a      0x3bb ../../code/camcu_platform/config/../lib/81330B02\libmlx_lin_api.a(mls_diag_transfer.o)
 .debug_abbrev  0x00000000000045e5      0x29d ../../code/camcu_platform/config/../lib/81330B02\libmlx_lin_api.a(mls_handler.o)
 .debug_abbrev  0x0000000000004882      0x2df ../../code/camcu_platform/config/../lib/81330B02\libmlx_lin_api.a(mls_init.o)

.debug_loc      0x0000000000000000     0x450d
 .debug_loc     0x0000000000000000      0x281 obj/adc.o
 .debug_loc     0x0000000000000281       0x88 obj/conv_clock_error.o
 .debug_loc     0x0000000000000309      0x132 obj/conv_high_voltage.o
 .debug_loc     0x000000000000043b      0x132 obj/conv_low_voltage.o
 .debug_loc     0x000000000000056d      0x2d9 obj/conv_motor_voltage.o
 .debug_loc     0x0000000000000846      0x132 obj/conv_shunt_current.o
 .debug_loc     0x0000000000000978       0xc0 obj/diagnostic.o
 .debug_loc     0x0000000000000a38      0x21a obj/eeprom_app.o
 .debug_loc     0x0000000000000c52       0x57 obj/fw_ints.o
 .debug_loc     0x0000000000000ca9      0x12d obj/fw_mls_api.o
 .debug_loc     0x0000000000000dd6      0x132 obj/fw_mls_device_id.o
 .debug_loc     0x0000000000000f08       0x58 obj/fw_premain.o
 .debug_loc     0x0000000000000f60       0x13 obj/fw_ram_section_init.o
 .debug_loc     0x0000000000000f73      0x2a1 obj/lin22.o
 .debug_loc     0x0000000000001214       0x82 obj/lin_api_config.o
 .debug_loc     0x0000000000001296      0x374 obj/lin_cfg_sl.o
 .debug_loc     0x000000000000160a       0x91 obj/lin_core.o
 .debug_loc     0x000000000000169b      0x1db obj/lin_core_sl.o
 .debug_loc     0x0000000000001876      0x679 obj/lin_signals.o
 .debug_loc     0x0000000000001eef      0x2bd obj/main.o
 .debug_loc     0x00000000000021ac       0xc2 obj/protection.o
 .debug_loc     0x000000000000226e      0x20f obj/pwm.o
 .debug_loc     0x000000000000247d      0x267 obj/pwm_capture.o
 .debug_loc     0x00000000000026e4       0x5e obj/pwm_communication.o
 .debug_loc     0x0000000000002742      0x2ef obj/swtimer.o
 .debug_loc     0x0000000000002a31      0x3ff obj/unirom.o
 .debug_loc     0x0000000000002e30       0x7d ../../code/camcu_platform/config/../lib/81330B02\lib81330.a(lib_calculate_temperature.o)
 .debug_loc     0x0000000000002ead      0x226 ../../code/camcu_platform/config/../lib/81330B02\lib81330.a(lib_clock.o)
 .debug_loc     0x00000000000030d3      0x8a7 ../../code/camcu_platform/config/../lib/81330B02\lib81330.a(eeprom_drv.o)
 .debug_loc     0x000000000000397a       0x4c ../../code/camcu_platform/config/../lib/81330B02\lib81330.a(fwversion.o)
 .debug_loc     0x00000000000039c6       0xfc ../../code/camcu_platform/config/../lib/81330B02\lib81330.a(lib_gpio.o)
 .debug_loc     0x0000000000003ac2       0x52 ../../code/camcu_platform/config/../lib/81330B02\lib81330.a(lib_softio.o)
 .debug_loc     0x0000000000003b14      0x589 ../../code/camcu_platform/config/../lib/81330B02\libmlx_lin_api.a(mls_diag_transfer.o)
 .debug_loc     0x000000000000409d       0xd7 ../../code/camcu_platform/config/../lib/81330B02\libmlx_lin_api.a(mls_handler.o)
 .debug_loc     0x0000000000004174      0x399 ../../code/camcu_platform/config/../lib/81330B02\libmlx_lin_api.a(mls_init.o)

.debug_aranges  0x0000000000000000      0xa58
 .debug_aranges
                0x0000000000000000       0x88 obj/adc.o
 .debug_aranges
                0x0000000000000088       0x18 obj/app_descriptor.o
 .debug_aranges
                0x00000000000000a0       0x30 obj/conv_clock_error.o
 .debug_aranges
                0x00000000000000d0       0x30 obj/conv_high_voltage.o
 .debug_aranges
                0x0000000000000100       0x30 obj/conv_low_voltage.o
 .debug_aranges
                0x0000000000000130       0x48 obj/conv_motor_voltage.o
 .debug_aranges
                0x0000000000000178       0x30 obj/conv_shunt_current.o
 .debug_aranges
                0x00000000000001a8       0x68 obj/diagnostic.o
 .debug_aranges
                0x0000000000000210       0x50 obj/eeprom_app.o
 .debug_aranges
                0x0000000000000260       0x28 obj/fw_ints.o
 .debug_aranges
                0x0000000000000288       0x38 obj/fw_mls_api.o
 .debug_aranges
                0x00000000000002c0       0x38 obj/fw_mls_device_id.o
 .debug_aranges
                0x00000000000002f8       0x28 obj/fw_premain.o
 .debug_aranges
                0x0000000000000320       0x20 obj/fw_ram_section_init.o
 .debug_aranges
                0x0000000000000340       0x20 obj/fw_startup.o
 .debug_aranges
                0x0000000000000360       0x70 obj/lin22.o
 .debug_aranges
                0x00000000000003d0       0x30 obj/lin_api_config.o
 .debug_aranges
                0x0000000000000400       0x68 obj/lin_cfg_sl.o
 .debug_aranges
                0x0000000000000468       0x30 obj/lin_core.o
 .debug_aranges
                0x0000000000000498       0x78 obj/lin_core_sl.o
 .debug_aranges
                0x0000000000000510       0x48 obj/lin_signals.o
 .debug_aranges
                0x0000000000000558       0x40 obj/main.o
 .debug_aranges
                0x0000000000000598       0x50 obj/protection.o
 .debug_aranges
                0x00000000000005e8       0x60 obj/pwm.o
 .debug_aranges
                0x0000000000000648       0x60 obj/pwm_capture.o
 .debug_aranges
                0x00000000000006a8       0x40 obj/pwm_communication.o
 .debug_aranges
                0x00000000000006e8       0x80 obj/swtimer.o
 .debug_aranges
                0x0000000000000768       0x68 obj/unirom.o
 .debug_aranges
                0x00000000000007d0       0x20 ../../code/camcu_platform/config/../lib/81330B02\lib81330.a(lib_calculate_temperature.o)
 .debug_aranges
                0x00000000000007f0       0x38 ../../code/camcu_platform/config/../lib/81330B02\lib81330.a(lib_clock.o)
 .debug_aranges
                0x0000000000000828       0x78 ../../code/camcu_platform/config/../lib/81330B02\lib81330.a(eeprom_drv.o)
 .debug_aranges
                0x00000000000008a0       0x28 ../../code/camcu_platform/config/../lib/81330B02\lib81330.a(fwversion.o)
 .debug_aranges
                0x00000000000008c8       0x28 ../../code/camcu_platform/config/../lib/81330B02\lib81330.a(lib_gpio.o)
 .debug_aranges
                0x00000000000008f0       0x28 ../../code/camcu_platform/config/../lib/81330B02\lib81330.a(lib_softio.o)
 .debug_aranges
                0x0000000000000918       0xa8 ../../code/camcu_platform/config/../lib/81330B02\libmlx_lin_api.a(mls_diag_transfer.o)
 .debug_aranges
                0x00000000000009c0       0x48 ../../code/camcu_platform/config/../lib/81330B02\libmlx_lin_api.a(mls_handler.o)
 .debug_aranges
                0x0000000000000a08       0x50 ../../code/camcu_platform/config/../lib/81330B02\libmlx_lin_api.a(mls_init.o)

.debug_line     0x0000000000000000     0x9721
 .debug_line    0x0000000000000000      0x6c5 obj/adc.o
 .debug_line    0x00000000000006c5       0xfc obj/app_descriptor.o
 .debug_line    0x00000000000007c1      0x213 obj/conv_clock_error.o
 .debug_line    0x00000000000009d4      0x288 obj/conv_high_voltage.o
 .debug_line    0x0000000000000c5c      0x287 obj/conv_low_voltage.o
 .debug_line    0x0000000000000ee3      0x3b5 obj/conv_motor_voltage.o
 .debug_line    0x0000000000001298      0x27b obj/conv_shunt_current.o
 .debug_line    0x0000000000001513      0x3f3 obj/diagnostic.o
 .debug_line    0x0000000000001906      0x375 obj/eeprom_app.o
 .debug_line    0x0000000000001c7b      0x18d obj/fw_ints.o
 .debug_line    0x0000000000001e08      0x2c0 obj/fw_mls_api.o
 .debug_line    0x00000000000020c8      0x427 obj/fw_mls_device_id.o
 .debug_line    0x00000000000024ef      0x305 obj/fw_premain.o
 .debug_line    0x00000000000027f4      0x145 obj/fw_ram_section_init.o
 .debug_line    0x0000000000002939      0x201 obj/fw_startup.o
 .debug_line    0x0000000000002b3a      0x7ce obj/lin22.o
 .debug_line    0x0000000000003308      0x39b obj/lin_api_config.o
 .debug_line    0x00000000000036a3      0x799 obj/lin_cfg_sl.o
 .debug_line    0x0000000000003e3c      0x313 obj/lin_core.o
 .debug_line    0x000000000000414f      0x597 obj/lin_core_sl.o
 .debug_line    0x00000000000046e6      0x532 obj/lin_signals.o
 .debug_line    0x0000000000004c18      0x98c obj/main.o
 .debug_line    0x00000000000055a4      0x398 obj/protection.o
 .debug_line    0x000000000000593c      0x6c5 obj/pwm.o
 .debug_line    0x0000000000006001      0x6df obj/pwm_capture.o
 .debug_line    0x00000000000066e0      0x316 obj/pwm_communication.o
 .debug_line    0x00000000000069f6      0x562 obj/swtimer.o
 .debug_line    0x0000000000006f58      0x59a obj/unirom.o
 .debug_line    0x00000000000074f2      0x19c ../../code/camcu_platform/config/../lib/81330B02\lib81330.a(lib_calculate_temperature.o)
 .debug_line    0x000000000000768e      0x313 ../../code/camcu_platform/config/../lib/81330B02\lib81330.a(lib_clock.o)
 .debug_line    0x00000000000079a1      0x745 ../../code/camcu_platform/config/../lib/81330B02\lib81330.a(eeprom_drv.o)
 .debug_line    0x00000000000080e6       0xf5 ../../code/camcu_platform/config/../lib/81330B02\lib81330.a(fwversion.o)
 .debug_line    0x00000000000081db      0x1d4 ../../code/camcu_platform/config/../lib/81330B02\lib81330.a(lib_gpio.o)
 .debug_line    0x00000000000083af      0x18c ../../code/camcu_platform/config/../lib/81330B02\lib81330.a(lib_softio.o)
 .debug_line    0x000000000000853b      0x943 ../../code/camcu_platform/config/../lib/81330B02\libmlx_lin_api.a(mls_diag_transfer.o)
 .debug_line    0x0000000000008e7e      0x39d ../../code/camcu_platform/config/../lib/81330B02\libmlx_lin_api.a(mls_handler.o)
 .debug_line    0x000000000000921b      0x506 ../../code/camcu_platform/config/../lib/81330B02\libmlx_lin_api.a(mls_init.o)

.debug_str      0x0000000000000000     0xe298
 .debug_str     0x0000000000000000     0x52ca obj/adc.o
                                       0x5368 (size before relaxing)
 .debug_str     0x00000000000052ca       0xcb obj/app_descriptor.o
                                        0x25a (size before relaxing)
 .debug_str     0x0000000000005395      0x117 obj/conv_clock_error.o
                                        0x6b1 (size before relaxing)
 .debug_str     0x00000000000054ac      0x117 obj/conv_high_voltage.o
                                        0x710 (size before relaxing)
 .debug_str     0x00000000000055c3       0x8e obj/conv_low_voltage.o
                                        0x70c (size before relaxing)
 .debug_str     0x0000000000005651      0x13e obj/conv_motor_voltage.o
                                        0x7c5 (size before relaxing)
 .debug_str     0x000000000000578f       0x8c obj/conv_shunt_current.o
                                        0x710 (size before relaxing)
 .debug_str     0x000000000000581b      0x148 obj/diagnostic.o
                                       0x467a (size before relaxing)
 .debug_str     0x0000000000005963      0x96c obj/eeprom_app.o
                                       0x50b5 (size before relaxing)
 .debug_str     0x00000000000062cf      0x1dd obj/fw_ints.o
                                       0x4695 (size before relaxing)
 .debug_str     0x00000000000064ac      0x24d obj/fw_mls_api.o
                                       0x4d13 (size before relaxing)
 .debug_str     0x00000000000066f9      0x664 obj/fw_mls_device_id.o
                                       0x574b (size before relaxing)
 .debug_str     0x0000000000006d5d       0xf7 obj/fw_premain.o
                                       0x4fde (size before relaxing)
 .debug_str     0x0000000000006e54      0x175 obj/fw_ram_section_init.o
                                        0x2e8 (size before relaxing)
 .debug_str     0x0000000000006fc9      0x1f6 obj/fw_startup.o
                                       0x46c2 (size before relaxing)
 .debug_str     0x00000000000071bf      0x4a5 obj/lin22.o
                                       0x5d0a (size before relaxing)
 .debug_str     0x0000000000007664       0xfc obj/lin_api_config.o
                                       0x5194 (size before relaxing)
 .debug_str     0x0000000000007760      0x384 obj/lin_cfg_sl.o
                                       0x54c3 (size before relaxing)
 .debug_str     0x0000000000007ae4       0x89 obj/lin_core.o
                                       0x5055 (size before relaxing)
 .debug_str     0x0000000000007b6d      0x2b2 obj/lin_core_sl.o
                                       0x5408 (size before relaxing)
 .debug_str     0x0000000000007e1f      0x58e obj/lin_signals.o
                                       0x570a (size before relaxing)
 .debug_str     0x00000000000083ad     0x3f77 obj/main.o
                                       0x999e (size before relaxing)
 .debug_str     0x000000000000c324       0xd5 obj/protection.o
                                       0x480b (size before relaxing)
 .debug_str     0x000000000000c3f9      0x2df obj/pwm.o
                                       0x4a57 (size before relaxing)
 .debug_str     0x000000000000c6d8      0x62c obj/pwm_capture.o
                                       0x4c7d (size before relaxing)
 .debug_str     0x000000000000cd04      0x13a obj/pwm_communication.o
                                       0x4696 (size before relaxing)
 .debug_str     0x000000000000ce3e      0x26d obj/swtimer.o
                                       0x49c5 (size before relaxing)
 .debug_str     0x000000000000d0ab      0x141 obj/unirom.o
                                       0x4ae1 (size before relaxing)
 .debug_str     0x000000000000d1ec      0x183 ../../code/camcu_platform/config/../lib/81330B02\lib81330.a(lib_calculate_temperature.o)
                                        0x5a2 (size before relaxing)
 .debug_str     0x000000000000d36f       0xbc ../../code/camcu_platform/config/../lib/81330B02\lib81330.a(lib_clock.o)
                                       0x4964 (size before relaxing)
 .debug_str     0x000000000000d42b      0x301 ../../code/camcu_platform/config/../lib/81330B02\lib81330.a(eeprom_drv.o)
                                       0x4cd1 (size before relaxing)
 .debug_str     0x000000000000d72c       0xd8 ../../code/camcu_platform/config/../lib/81330B02\lib81330.a(fwversion.o)
                                        0x25f (size before relaxing)
 .debug_str     0x000000000000d804      0x172 ../../code/camcu_platform/config/../lib/81330B02\lib81330.a(lib_gpio.o)
                                       0x4662 (size before relaxing)
 .debug_str     0x000000000000d976       0x4a ../../code/camcu_platform/config/../lib/81330B02\lib81330.a(lib_softio.o)
                                       0x4648 (size before relaxing)
 .debug_str     0x000000000000d9c0      0x551 ../../code/camcu_platform/config/../lib/81330B02\libmlx_lin_api.a(mls_diag_transfer.o)
                                       0x4f95 (size before relaxing)
 .debug_str     0x000000000000df11      0x187 ../../code/camcu_platform/config/../lib/81330B02\libmlx_lin_api.a(mls_handler.o)
                                       0x4c64 (size before relaxing)
 .debug_str     0x000000000000e098      0x200 ../../code/camcu_platform/config/../lib/81330B02\libmlx_lin_api.a(mls_init.o)
                                       0x4d81 (size before relaxing)

.comment        0x0000000000000000       0x55
 .comment       0x0000000000000000       0x2b obj/adc.o
                                         0x2c (size before relaxing)
 .comment       0x0000000000000000       0x2c obj/app_descriptor.o
 .comment       0x0000000000000000       0x2c obj/conv_clock_error.o
 .comment       0x0000000000000000       0x2c obj/conv_high_voltage.o
 .comment       0x0000000000000000       0x2c obj/conv_low_voltage.o
 .comment       0x0000000000000000       0x2c obj/conv_motor_voltage.o
 .comment       0x0000000000000000       0x2c obj/conv_shunt_current.o
 .comment       0x0000000000000000       0x2c obj/diagnostic.o
 .comment       0x0000000000000000       0x2c obj/eeprom_app.o
 .comment       0x0000000000000000       0x2c obj/fw_ints.o
 .comment       0x0000000000000000       0x2c obj/fw_mls_api.o
 .comment       0x0000000000000000       0x2c obj/fw_mls_device_id.o
 .comment       0x0000000000000000       0x2c obj/fw_premain.o
 .comment       0x0000000000000000       0x2c obj/fw_ram_section_init.o
 .comment       0x0000000000000000       0x2c obj/fw_startup.o
 .comment       0x0000000000000000       0x2c obj/lin22.o
 .comment       0x0000000000000000       0x2c obj/lin_api_config.o
 .comment       0x0000000000000000       0x2c obj/lin_cfg_sl.o
 .comment       0x0000000000000000       0x2c obj/lin_core.o
 .comment       0x0000000000000000       0x2c obj/lin_core_sl.o
 .comment       0x0000000000000000       0x2c obj/lin_signals.o
 .comment       0x0000000000000000       0x2c obj/main.o
 .comment       0x0000000000000000       0x2c obj/protection.o
 .comment       0x0000000000000000       0x2c obj/pwm.o
 .comment       0x0000000000000000       0x2c obj/pwm_capture.o
 .comment       0x0000000000000000       0x2c obj/pwm_communication.o
 .comment       0x0000000000000000       0x2c obj/swtimer.o
 .comment       0x0000000000000000       0x2c obj/unirom.o
 .comment       0x000000000000002b       0x2a ../../code/camcu_platform/config/../lib/81330B02\lib81330.a(lib_calculate_temperature.o)
                                         0x2b (size before relaxing)
 .comment       0x0000000000000000       0x2b ../../code/camcu_platform/config/../lib/81330B02\lib81330.a(lib_clock.o)
 .comment       0x0000000000000000       0x2b ../../code/camcu_platform/config/../lib/81330B02\lib81330.a(eeprom_drv.o)
 .comment       0x0000000000000000       0x2b ../../code/camcu_platform/config/../lib/81330B02\lib81330.a(fwversion.o)
 .comment       0x0000000000000000       0x2b ../../code/camcu_platform/config/../lib/81330B02\lib81330.a(lib_gpio.o)
 .comment       0x0000000000000000       0x2b ../../code/camcu_platform/config/../lib/81330B02\lib81330.a(lib_softio.o)
 .comment       0x0000000000000000       0x2b ../../code/camcu_platform/config/../lib/81330B02\libmlx_lin_api.a(mls_diag_transfer.o)
 .comment       0x0000000000000000       0x2b ../../code/camcu_platform/config/../lib/81330B02\libmlx_lin_api.a(mls_handler.o)
 .comment       0x0000000000000000       0x2b ../../code/camcu_platform/config/../lib/81330B02\libmlx_lin_api.a(mls_init.o)
